[{"stream_name":"stderr","time":6.42347919,"data":"/usr/local/lib/python3.12/site-packages/nbformat/__init__.py:96: MissingIDFieldWarning: Cell is missing an id field, this will become a hard error in future nbformat versions. You may want to use `normalize()` on your notebooks before validations (available since nbformat 5.1.4). Previous versions of nbformat are fixing this issue transparently, and will stop doing so in the future.\n"}
,{"stream_name":"stderr","time":6.42352755,"data":"  validate(nb)\n"}
,{"stream_name":"stderr","time":8.826106171,"data":"[IPKernelApp] WARNING | Kernel is running over TCP without encryption. All communication (including code and outputs) is sent in plain text and is susceptible to eavesdropping. Use IPC transport or launch with kernel manager-provisioned CurveZMQ keys to enable transport encryption.\n"}
,{"stream_name":"stdout","time":9.787536093,"data":"Cloning into 'oneiro'...\r\n"}
,{"stream_name":"stdout","time":10.846762986,"data":"remote: Enumerating objects: 696, done.\u001b[K\r\n"}
,{"stream_name":"stdout","time":10.846795266,"data":"remote: Counting objects:   0% (1/286)\u001b[K\rremote: Counting objects:   1% (3/286)\u001b[K\rremote: Counting objects:   2% (6/286)\u001b[K\rremote: Counting objects:   3% (9/286)\u001b[K\rremote: Counting objects:   4% (12/286)\u001b[K\rremote: Counting objects:   5% (15/286)\u001b[K\rremote: Counting objects:   6% (18/286)\u001b[K\rremote: Counting objects:   7% (21/286)\u001b[K\rremote: Counting objects:   8% (23/286)\u001b[K\rremote: Counting objects:   9% (26/286)\u001b[K\rremote: Counting objects:  10% (29/286)\u001b[K\rremote: Counting objects:  11% (32/286)\u001b[K\rremote: Counting objects:  12% (35/286)\u001b[K\rremote: Counting objects:  13% (38/286)\u001b[K\rremote: Counting objects:  14% (41/286)\u001b[K\rremote: Counting objects:  15% (43/286)\u001b[K\rremote: Counting objects:  16% (46/286)\u001b[K\rremote: Counting objects:  17% (49/286)\u001b[K\rremote: Counting objects:  18% (52/286)\u001b[K\rremote: Counting objects:  19% (55/286)\u001b[K\rremote: Counting objects:  20% (58/286)\u001b[K\rremote: Counting objects:  21% (61/286)\u001b[K\rremote: Counting objects:  22% (63/286)\u001b[K\rremote: Counting objects:  23% (66/286)\u001b[K\rremote: Counting objects:  24% (69/286)\u001b[K\rremote: Counting objects:  25% (72/286)\u001b[K\rremote: Counting objects:  26% (75/286)\u001b[K\rremote: Counting objects:  27% (78/286)\u001b[K\rremote: Counting objects:  28% (81/286)\u001b[K\rremote: Counting objects:  29% (83/286)\u001b[K\rremote: Counting objects:  30% (86/286)\u001b[K\rremote: Counting objects:  31% (89/286)\u001b[K\rremote: Counting objects:  32% (92/286)\u001b[K\rremote: Counting objects:  33% (95/286)\u001b[K\rremote: Counting objects:  34% (98/286)\u001b[K\rremote: Counting objects:  35% (101/286)\u001b[K\rremote: Counting objects:  36% (103/286)\u001b[K\rremote: Counting objects:  37% (106/286)\u001b[K\rremote: Counting objects:  38% (109/286)\u001b[K\rremote: Counting objects:  39% (112/286)\u001b[K\rremote: Counting objects:  40% (115/286)\u001b[K\rremote: Counting objects:  41% (118/286)\u001b[K\rremote: Counting objects:  42% (121/286)\u001b[K\rremote: Counting objects:  43% (123/286)\u001b[K\rremote: Counting objects:  44% (126/286)\u001b[K\rremote: Counting objects:  45% (129/286)\u001b[K\rremote: Counting objects:  46% (132/286)\u001b[K\rremote: Counting objects:  47% (135/286)\u001b[K\rremote: Counting objects:  48% (138/286)\u001b[K\rremote: Counting objects:  49% (141/286)\u001b[K\rremote: Counting objects:  50% (143/286)\u001b[K\rremote: Counting objects:  51% (146/286)\u001b[K\rremote: Counting objects:  52% (149/286)\u001b[K\rremote: Counting objects:  53% (152/286)\u001b[K\rremote: Counting objects:  54% (155/286)\u001b[K\rremote: Counting objects:  55% (158/286)\u001b[K\rremote: Counting objects:  56% (161/286)\u001b[K\rremote: Counting objects:  57% (164/286)\u001b[K\rremote: Counting objects:  58% (166/286)\u001b[K\rremote: Counting objects:  59% (169/286)\u001b[K\rremote: Counting objects:  60% (172/286)\u001b[K\rremote: Counting objects:  61% (175/286)\u001b[K\rremote: Counting objects:  62% (178/286)\u001b[K\rremote: Counting objects:  63% (181/286)\u001b[K\rremote: Counting objects:  64% (184/286)\u001b[K\rremote: Counting objects:  65% (186/286)\u001b[K\rremote: Counting objects:  66% (189/286)\u001b[K\rremote: Counting objects:  67% (192/286)\u001b[K\rremote: Counting objects:  68% (195/286)\u001b[K\rremote: Counting objects:  69% (198/286)\u001b[K\rremote: Counting objects:  70% (201/286)\u001b[K\rremote: Counting objects:  71% (204/286)\u001b[K\rremote: Counting objects:  72% (206/286)\u001b[K\rremote: Counting objects:  73% (209/286)\u001b[K\rremote: Counting objects:  74% (212/286)\u001b[K\rremote: Counting objects:  75% (215/286)\u001b[K\rremote: Counting objects:  76% (218/286)\u001b[K\rremote: Counting objects:  77% (221/286)\u001b[K\rremote: Counting objects:  78% (224/286)\u001b[K\rremote: Counting objects:  79% (226/286)\u001b[K\rremote: Counting objects:  80% (229/286)\u001b[K\rremote: Counting objects:  81% (232/286)\u001b[K\rremote: Counting objects:  82% (235/286)\u001b[K\rremote: Counting objects:  83% (238/286)\u001b[K\rremote: Counting objects:  84% (241/286)\u001b[K\rremote: Counting objects:  85% (244/286)\u001b[K\rremote: Counting objects:  86% (246/286)\u001b[K\rremote: Counting objects:  87% (249/286)\u001b[K\rremote: Counting objects:  88% (252/286)\u001b[K\rremote: Counting objects:  89% (255/286)\u001b[K\rremote: Counting objects:  90% (258/286)\u001b[K\rremote: Counting objects:  91% (261/286)\u001b[K\rremote: Counting objects:  92% (264/286)\u001b[K\rremote: Counting objects:  93% (266/286)\u001b[K\rremote: Counting objects:  94% (269/286)\u001b[K\rremote: Counting objects:  95% (272/286)\u001b[K\rremote: Counting objects:  96% (275/286)\u001b[K\rremote: Counting objects:  97% (278/286)\u001b[K\rremote: Counting objects:  98% (281/286)\u001b[K\rremote: Counting objects:  99% (284/286)\u001b[K\rremote: Counting objects: 100% (286/286)\u001b[K\rremote: Counting objects: 100% (286/286), done.\u001b[K\r\n"}
,{"stream_name":"stdout","time":11.048698128,"data":"remote: Compressing objects:   0% (1/215)\u001b[K\rremote: Compressing objects:   1% (3/215)\u001b[K\rremote: Compressing objects:   2% (5/215)\u001b[K\rremote: Compressing objects:   3% (7/215)\u001b[K\rremote: Compressing objects:   4% (9/215)\u001b[K\rremote: Compressing objects:   5% (11/215)\u001b[K\rremote: Compressing objects:   6% (13/215)\u001b[K\rremote: Compressing objects:   7% (16/215)\u001b[K\rremote: Compressing objects:   8% (18/215)\u001b[K\rremote: Compressing objects:   9% (20/215)\u001b[K\rremote: Compressing objects:  10% (22/215)\u001b[K\rremote: Compressing objects:  11% (24/215)\u001b[K\rremote: Compressing objects:  12% (26/215)\u001b[K\rremote: Compressing objects:  13% (28/215)\u001b[K\rremote: Compressing objects:  14% (31/215)\u001b[K\rremote: Compressing objects:  15% (33/215)\u001b[K\rremote: Compressing objects:  16% (35/215)\u001b[K\rremote: Compressing objects:  17% (37/215)\u001b[K\rremote: Compressing objects:  18% (39/215)\u001b[K\rremote: Compressing objects:  19% (41/215)\u001b[K\rremote: Compressing objects:  20% (43/215)\u001b[K\rremote: Compressing objects:  21% (46/215)\u001b[K\rremote: Compressing objects:  22% (48/215)\u001b[K\rremote: Compressing objects:  23% (50/215)\u001b[K\rremote: Compressing objects:  24% (52/215)\u001b[K\rremote: Compressing objects:  25% (54/215)\u001b[K\rremote: Compressing objects:  26% (56/215)\u001b[K\rremote: Compressing objects:  27% (59/215)\u001b[K\rremote: Compressing objects:  28% (61/215)\u001b[K\rremote: Compressing objects:  29% (63/215)\u001b[K\rremote: Compressing objects:  30% (65/215)\u001b[K\rremote: Compressing objects:  31% (67/215)\u001b[K\rremote: Compressing objects:  32% (69/215)\u001b[K\rremote: Compressing objects:  33% (71/215)\u001b[K\rremote: Compressing objects:  34% (74/215)\u001b[K\rremote: Compressing objects:  35% (76/215)\u001b[K\rremote: Compressing objects:  36% (78/215)\u001b[K\rremote: Compressing objects:  37% (80/215)\u001b[K\rremote: Compressing objects:  38% (82/215)\u001b[K\rremote: Compressing objects:  39% (84/215)\u001b[K\rremote: Compressing objects:  40% (86/215)\u001b[K\rremote: Compressing objects:  41% (89/215)\u001b[K\rremote: Compressing objects:  42% (91/215)\u001b[K\rremote: Compressing objects:  43% (93/215)\u001b[K\rremote: Compressing objects:  44% (95/215)\u001b[K\rremote: Compressing objects:  45% (97/215)\u001b[K\rremote: Compressing objects:  46% (99/215)\u001b[K\rremote: Compressing objects:  47% (102/215)\u001b[K\rremote: Compressing objects:  48% (104/215)\u001b[K\rremote: Compressing objects:  49% (106/215)\u001b[K\rremote: Compressing objects:  50% (108/215)\u001b[K\rremote: Compressing objects:  51% (110/215)\u001b[K\rremote: Compressing objects:  52% (112/215)\u001b[K\rremote: Compressing objects:  53% (114/215)\u001b[K\rremote: Compressing objects:  54% (117/215)\u001b[K\rremote: Compressing objects:  55% (119/215)\u001b[K\rremote: Compressing objects:  56% (121/215)\u001b[K\rremote: Compressing objects:  57% (123/215)\u001b[K\rremote: Compressing objects:  58% (125/215)\u001b[K\rremote: Compressing objects:  59% (127/215)\u001b[K\rremote: Compressing objects:  60% (129/215)\u001b[K\rremote: Compressing objects:  61% (132/215)\u001b[K\rremote: Compressing objects:  62% (134/215)\u001b[K\rremote: Compressing objects:  63% (136/215)\u001b[K\rremote: Compressing objects:  64% (138/215)\u001b[K\rremote: Compressing objects:  65% (140/215)\u001b[K\rremote: Compressing objects:  66% (142/215)\u001b[K\rremote: Compressing objects:  67% (145/215)\u001b[K\rremote: Compressing objects:  68% (147/215)\u001b[K\rremote: Compressing objects:  69% (149/215)\u001b[K\rremote: Compressing objects:  70% (151/215)\u001b[K\rremote: Compressing objects:  71% (153/215)\u001b[K\rremote: Compressing objects:  72% (155/215)\u001b[K\rremote: Compressing objects:  73% (157/215)\u001b[K\rremote: Compressing objects:  74% (160/215)\u001b[K\rremote: Compressing objects:  75% (162/215)\u001b[K\rremote: Compressing objects:  76% (164/215)\u001b[K\rremote: Compressing objects:  77% (166/215)\u001b[K\rremote: Compressing objects:  78% (168/215)\u001b[K\rremote: Compressing objects:  79% (170/215)\u001b[K\rremote: Compressing objects:  80% (172/215)\u001b[K\rremote: Compressing objects:  81% (175/215)\u001b[K\rremote: Compressing objects:  82% (177/215)\u001b[K\rremote: Compressing objects:  83% (179/215)\u001b[K\rremote: Compressing objects:  84% (181/215)\u001b[K\rremote: Compressing objects:  85% (183/215)\u001b[K\rremote: Compressing objects:  86% (185/215)\u001b[K\rremote: Compressing objects:  87% (188/215)\u001b[K\rremote: Compressing objects:  88% (190/215)\u001b[K\rremote: Compressing objects:  89% (192/215)\u001b[K\rremote: Compressing objects:  90% (194/215)\u001b[K\rremote: Compressing objects:  91% (196/215)\u001b[K\rremote: Compressing objects:  92% (198/215)\u001b[K\rremote: Compressing objects:  93% (200/215)\u001b[K\rremote: Compressing objects:  94% (203/215)\u001b[K\rremote: Compressing objects:  95% (205/215)\u001b[K\rremote: Compressing objects:  96% (207/215)\u001b[K\rremote: Compressing objects:  97% (209/215)\u001b[K\rremote: Compressing objects:  98% (211/215)\u001b[K\rremote: Compressing objects:  99% (213/215)\u001b[K\rremote: Compressing objects: 100% (215/215)\u001b[K\rremote: Compressing objects: 100% (215/215), done.\u001b[K\r\n"}
,{"stream_name":"stdout","time":11.350910083,"data":"Receiving objects:   0% (1/696)\rReceiving objects:   1% (7/696)\rReceiving objects:   2% (14/696)\rReceiving objects:   3% (21/696)\rReceiving objects:   4% (28/696)\rReceiving objects:   5% (35/696)\rReceiving objects:   6% (42/696)\rReceiving objects:   7% (49/696)\rReceiving objects:   8% (56/696)\rReceiving objects:   9% (63/696)\rReceiving objects:  10% (70/696)\rReceiving objects:  11% (77/696)\rReceiving objects:  12% (84/696)\rReceiving objects:  13% (91/696)\rReceiving objects:  14% (98/696)\rReceiving objects:  15% (105/696)\rReceiving objects:  16% (112/696)\rReceiving objects:  17% (119/696)\rReceiving objects:  18% (126/696)\rReceiving objects:  19% (133/696)\rReceiving objects:  20% (140/696)\rReceiving objects:  21% (147/696)\rReceiving objects:  22% (154/696)\rReceiving objects:  23% (161/696)\rReceiving objects:  24% (168/696)\rReceiving objects:  25% (174/696)\rReceiving objects:  26% (181/696)\rReceiving objects:  27% (188/696)\rReceiving objects:  28% (195/696)\rReceiving objects:  29% (202/696)\rReceiving objects:  30% (209/696)\rReceiving objects:  31% (216/696)\rReceiving objects:  32% (223/696)\rReceiving objects:  33% (230/696)\rReceiving objects:  34% (237/696)\rReceiving objects:  35% (244/696)\rReceiving objects:  36% (251/696)\rReceiving objects:  37% (258/696)\rReceiving objects:  38% (265/696)\rReceiving objects:  39% (272/696)\rReceiving objects:  40% (279/696)\rReceiving objects:  41% (286/696)\rReceiving objects:  42% (293/696)\rReceiving objects:  43% (300/696)\rReceiving objects:  44% (307/696)\rReceiving objects:  45% (314/696)\rReceiving objects:  46% (321/696)\rReceiving objects:  47% (328/696)\rReceiving objects:  48% (335/696)\rReceiving objects:  49% (342/696)\rReceiving objects:  50% (348/696)\rReceiving objects:  51% (355/696)\rReceiving objects:  52% (362/696)\rReceiving objects:  53% (369/696)\rReceiving objects:  54% (376/696)\rReceiving objects:  55% (383/696)\rReceiving objects:  56% (390/696)\rReceiving objects:  57% (397/696)\rReceiving objects:  58% (404/696)\rReceiving objects:  59% (411/696)\rReceiving objects:  60% (418/696)\rReceiving objects:  61% (425/696)\rReceiving objects:  62% (432/696)\rReceiving objects:  63% (439/696)\rReceiving objects:  64% (446/696)\rReceiving objects:  65% (453/696)\rReceiving objects:  66% (460/696)\rReceiving objects:  67% (467/696)\rReceiving objects:  68% (474/696)\rReceiving objects:  69% (481/696)\rReceiving objects:  70% (488/696)\rReceiving objects:  71% (495/696)\rReceiving objects:  72% (502/696)\rReceiving objects:  73% (509/696)\rReceiving objects:  74% (516/696)\rReceiving objects:  75% (522/696)\rReceiving objects:  76% (529/696)\rReceiving objects:  77% (536/696)\rReceiving objects:  78% (543/696)\rReceiving objects:  79% (550/696)\rReceiving objects:  80% (557/696)\rReceiving objects:  81% (564/696)\rReceiving objects:  82% (571/696)\rremote: Total 696 (delta 143), reused 201 (delta 68), pack-reused 410 (from 1)\u001b[K\r\n"}
,{"stream_name":"stdout","time":11.350945772,"data":"Receiving objects:  83% (578/696)\rReceiving objects:  84% (585/696)\rReceiving objects:  85% (592/696)\rReceiving objects:  86% (599/696)\rReceiving objects:  87% (606/696)\rReceiving objects:  88% (613/696)\rReceiving objects:  89% (620/696)\rReceiving objects:  90% (627/696)\rReceiving objects:  91% (634/696)\rReceiving objects:  92% (641/696)\rReceiving objects:  93% (648/696)\rReceiving objects:  94% (655/696)\rReceiving objects:  95% (662/696)\rReceiving objects:  96% (669/696)\rReceiving objects:  97% (676/696)\rReceiving objects:  98% (683/696)\rReceiving objects:  99% (690/696)\rReceiving objects: 100% (696/696)\rReceiving objects: 100% (696/696), 9.66 MiB | 30.91 MiB/s, done.\r\n"}
,{"stream_name":"stdout","time":11.401755063,"data":"Resolving deltas:   0% (0/362)\rResolving deltas:   1% (4/362)\rResolving deltas:   2% (8/362)\rResolving deltas:   3% (11/362)\rResolving deltas:   4% (15/362)\rResolving deltas:   5% (19/362)\rResolving deltas:   6% (22/362)\rResolving deltas:   7% (26/362)\rResolving deltas:   8% (29/362)\rResolving deltas:   9% (33/362)\rResolving deltas:  10% (37/362)\rResolving deltas:  11% (40/362)\rResolving deltas:  12% (45/362)\rResolving deltas:  13% (48/362)\rResolving deltas:  14% (51/362)\rResolving deltas:  17% (65/362)\rResolving deltas:  18% (66/362)\rResolving deltas:  19% (69/362)\rResolving deltas:  20% (73/362)\rResolving deltas:  21% (77/362)\rResolving deltas:  22% (82/362)\rResolving deltas:  23% (85/362)\rResolving deltas:  24% (87/362)\rResolving deltas:  25% (91/362)\rResolving deltas:  26% (95/362)\rResolving deltas:  27% (98/362)\rResolving deltas:  28% (102/362)\rResolving deltas:  29% (105/362)\rResolving deltas:  30% (110/362)\rResolving deltas:  31% (113/362)\rResolving deltas:  32% (116/362)\rResolving deltas:  33% (122/362)\rResolving deltas:  34% (124/362)\rResolving deltas:  35% (127/362)\rResolving deltas:  36% (131/362)\rResolving deltas:  37% (134/362)\rResolving deltas:  38% (138/362)\rResolving deltas:  39% (142/362)\rResolving deltas:  40% (145/362)\rResolving deltas:  41% (149/362)\rResolving deltas:  43% (156/362)\rResolving deltas:  44% (160/362)\rResolving deltas:  45% (165/362)\rResolving deltas:  46% (168/362)\rResolving deltas:  47% (172/362)\rResolving deltas:  48% (175/362)\rResolving deltas:  49% (179/362)\rResolving deltas:  50% (181/362)\rResolving deltas:  51% (185/362)\rResolving deltas:  52% (189/362)\rResolving deltas:  53% (192/362)\rResolving deltas:  55% (200/362)\rResolving deltas:  56% (203/362)\rResolving deltas:  57% (208/362)\rResolving deltas:  58% (210/362)\rResolving deltas:  59% (214/362)\rResolving deltas:  60% (218/362)\rResolving deltas:  61% (223/362)\rResolving deltas:  62% (225/362)\rResolving deltas:  63% (229/362)\rResolving deltas:  64% (232/362)\rResolving deltas:  65% (236/362)\rResolving deltas:  66% (240/362)\rResolving deltas:  67% (243/362)\rResolving deltas:  68% (247/362)\rResolving deltas:  69% (250/362)\rResolving deltas:  70% (254/362)\rResolving deltas:  71% (258/362)\rResolving deltas:  72% (264/362)\rResolving deltas:  74% (268/362)\rResolving deltas:  75% (272/362)\rResolving deltas:  76% (276/362)\rResolving deltas:  77% (279/362)\rResolving deltas:  78% (283/362)\rResolving deltas:  79% (287/362)\rResolving deltas:  80% (290/362)\rResolving deltas:  81% (295/362)\rResolving deltas:  82% (299/362)\rResolving deltas:  83% (301/362)\rResolving deltas:  84% (305/362)\rResolving deltas:  85% (308/362)\rResolving deltas:  86% (313/362)\rResolving deltas:  87% (315/362)\rResolving deltas:  88% (319/362)\rResolving deltas:  89% (324/362)\rResolving deltas:  90% (326/362)\rResolving deltas:  91% (330/362)\rResolving deltas:  92% (334/362)\rResolving deltas:  93% (340/362)\rResolving deltas:  94% (341/362)\rResolving deltas:  95% (344/362)\rResolving deltas:  96% (348/362)\rResolving deltas:  97% (352/362)\rResolving deltas:  98% (355/362)\rResolving deltas:  99% (359/362)\rResolving deltas: 100% (362/362)\rResolving deltas: 100% (362/362), done.\r\n"}
,{"stream_name":"stdout","time":11.602238335,"data":"/kaggle/working/oneiro\n"}
,{"stream_name":"stdout","time":31.567092463,"data":"\u001b[33mWARNING: Running pip as the 'root' user can result in broken permissions and conflicting behaviour with the system package manager, possibly rendering your system unusable. It is recommended to use a virtual environment instead: https://pip.pypa.io/warnings/venv. Use the --root-user-action option if you know what you are doing and want to suppress this warning.\u001b[0m\u001b[33m\r\n"}
,{"stream_name":"stdout","time":31.667883784,"data":"\u001b[0m\r\n"}
,{"stream_name":"stdout","time":31.667903274,"data":"\u001b[1m[\u001b[0m\u001b[34;49mnotice\u001b[0m\u001b[1;39;49m]\u001b[0m\u001b[39;49m A new release of pip is available: \u001b[0m\u001b[31;49m25.0.1\u001b[0m\u001b[39;49m -\u003e \u001b[0m\u001b[32;49m26.2.1\u001b[0m\r\n"}
,{"stream_name":"stdout","time":31.667910804,"data":"\u001b[1m[\u001b[0m\u001b[34;49mnotice\u001b[0m\u001b[1;39;49m]\u001b[0m\u001b[39;49m To update, run: \u001b[0m\u001b[32;49mpip install --upgrade pip\u001b[0m\r\n"}
,{"stream_name":"stdout","time":45.690247314,"data":"\u001b[33mWARNING: Running pip as the 'root' user can result in broken permissions and conflicting behaviour with the system package manager, possibly rendering your system unusable. It is recommended to use a virtual environment instead: https://pip.pypa.io/warnings/venv. Use the --root-user-action option if you know what you are doing and want to suppress this warning.\u001b[0m\u001b[33m\r\n"}
,{"stream_name":"stdout","time":45.690273044,"data":"\u001b[0m\r\n"}
,{"stream_name":"stdout","time":45.690294714,"data":"\u001b[1m[\u001b[0m\u001b[34;49mnotice\u001b[0m\u001b[1;39;49m]\u001b[0m\u001b[39;49m A new release of pip is available: \u001b[0m\u001b[31;49m25.0.1\u001b[0m\u001b[39;49m -\u003e \u001b[0m\u001b[32;49m26.2.1\u001b[0m\r\n"}
,{"stream_name":"stdout","time":45.690299294,"data":"\u001b[1m[\u001b[0m\u001b[34;49mnotice\u001b[0m\u001b[1;39;49m]\u001b[0m\u001b[39;49m To update, run: \u001b[0m\u001b[32;49mpip install --upgrade pip\u001b[0m\r\n"}
,{"stream_name":"stdout","time":59.332262863,"data":"\u001b[33mWARNING: Running pip as the 'root' user can result in broken permissions and conflicting behaviour with the system package manager, possibly rendering your system unusable. It is recommended to use a virtual environment instead: https://pip.pypa.io/warnings/venv. Use the --root-user-action option if you know what you are doing and want to suppress this warning.\u001b[0m\u001b[33m\r\n"}
,{"stream_name":"stdout","time":59.332303683,"data":"\u001b[0m\r\n"}
,{"stream_name":"stdout","time":59.332308033,"data":"\u001b[1m[\u001b[0m\u001b[34;49mnotice\u001b[0m\u001b[1;39;49m]\u001b[0m\u001b[39;49m A new release of pip is available: \u001b[0m\u001b[31;49m25.0.1\u001b[0m\u001b[39;49m -\u003e \u001b[0m\u001b[32;49m26.2.1\u001b[0m\r\n"}
,{"stream_name":"stdout","time":59.332312123,"data":"\u001b[1m[\u001b[0m\u001b[34;49mnotice\u001b[0m\u001b[1;39;49m]\u001b[0m\u001b[39;49m To update, run: \u001b[0m\u001b[32;49mpip install --upgrade pip\u001b[0m\r\n"}
,{"stream_name":"stdout","time":59.947658807,"data":"RESUME depuis /kaggle/input/notebooks/juliankerignard/v58-ratio256-resume/checkpoints/dreamer_crafter_jax_v58-ratio256-resume_iter040000.npz\r\n"}
,{"stream_name":"stdout","time":61.411074652,"data":"/usr/local/lib/python3.12/site-packages/jax/_src/cloud_tpu_init.py:88: UserWarning: Transparent hugepages are not enabled. TPU runtime startup and shutdown time should be significantly improved on TPU v5e and newer. If not already set, you may need to enable transparent hugepages in your VM image (sudo sh -c \"echo always \u003e /sys/kernel/mm/transparent_hugepage/enabled\")\r\n"}
,{"stream_name":"stdout","time":61.411100862,"data":"  warnings.warn(\r\n"}
,{"stream_name":"stdout","time":66.957396528,"data":"Gym has been unmaintained since 2022 and does not support NumPy 2.0 amongst other critical functionality.\r\n"}
,{"stream_name":"stdout","time":66.957431288,"data":"Please upgrade to Gymnasium, the maintained drop-in replacement of Gym, or contact the authors of your software and request that they upgrade.\r\n"}
,{"stream_name":"stdout","time":66.957437798,"data":"Users of this version of Gym should be able to simply replace 'import gym' with 'import gymnasium as gym' in the vast majority of cases.\r\n"}
,{"stream_name":"stdout","time":66.957442738,"data":"See the migration guide at https://gymnasium.farama.org/introduction/migration_guide/ for additional information.\r\n"}
,{"stream_name":"stdout","time":66.957451118,"data":"[override] REWARD_RARE_WEIGHT = 1.0\r\n"}
,{"stream_name":"stdout","time":69.375718467,"data":"WARNING: Logging before InitGoogle() is written to STDERR\r\n"}
,{"stream_name":"stdout","time":69.375761636,"data":"E0000 00:00:1788831223.186343     137 common_lib.cc:646] Could not set metric server port: INVALID_ARGUMENT: Could not find SliceBuilder port 8471 in any of the 0 ports provided in `tpu_process_addresses`=\"local\"\r\n"}
,{"stream_name":"stdout","time":69.375768656,"data":"=== Source Location Trace: === \r\n"}
,{"stream_name":"stdout","time":69.375773036,"data":"learning/45eac/tfrc/runtime/common_lib.cc:228\r\n"}
,{"stream_name":"stdout","time":78.144339792,"data":"JAX backend : tpu\r\n"}
,{"stream_name":"stdout","time":78.144391852,"data":"Device      : [TpuDevice(id=0, process_index=0, coords=(0,0,0), core_on_chip=0), TpuDevice(id=1, process_index=0, coords=(1,0,0), core_on_chip=0), TpuDevice(id=2, process_index=0, coords=(0,1,0), core_on_chip=0), TpuDevice(id=3, process_index=0, coords=(1,1,0), core_on_chip=0), TpuDevice(id=4, process_index=0, coords=(0,2,0), core_on_chip=0), TpuDevice(id=5, process_index=0, coords=(1,2,0), core_on_chip=0), TpuDevice(id=6, process_index=0, coords=(0,3,0), core_on_chip=0), TpuDevice(id=7, process_index=0, coords=(1,3,0), core_on_chip=0)]\r\n"}
,{"stream_name":"stdout","time":78.144415112,"data":"Sharding    : DATA-PARALLEL sur 8 devices (mesh OrderedDict({'data': 8}), axis 'data', batch dim0 shardé, state répliqué)\r\n"}
,{"stream_name":"stdout","time":78.144419672,"data":"Run         : v59-ratio256-push\r\n"}
,{"stream_name":"stdout","time":78.144422842,"data":"Config      : entropy=0.0003  train_iter=62500  n_envs=4  batch=16  seq_len=64\r\n"}
,{"stream_name":"stdout","time":78.144425462,"data":"Optim       : lr_wm=1.0e-04  lr_ac=1.0e-04  lr_alpha=1.0e-03  grad_clip=100.0  horizon=16\r\n"}
,{"stream_name":"stdout","time":78.144427872,"data":"Replay      : collect/iter=32  wm_train/iter=8  ac_train/iter=8  → train_ratio≈256\r\n"}
,{"stream_name":"stdout","time":78.144430372,"data":"Flags       : adaptive_alpha=False  auto_explore=False  use_rnd=False\r\n"}
,{"stream_name":"stdout","time":78.144433352,"data":"\r\n"}
,{"stream_name":"stdout","time":81.323665966,"data":"Buffer      : CPU (1,000,000 cap, 12300 MB)\r\n"}
,{"stream_name":"stdout","time":90.863767814,"data":"Adaptive α : OFF (entropy_coef fixe = 0.0003)\r\n"}
,{"stream_name":"stdout","time":90.863805434,"data":"RND        : OFF\r\n"}
,{"stream_name":"stdout","time":90.863810965,"data":"Auto-explore : OFF\r\n"}
,{"stream_name":"stdout","time":90.863815405,"data":"\r\n"}
,{"stream_name":"stdout","time":90.863819705,"data":"============================================================\r\n"}
,{"stream_name":"stdout","time":90.863823694,"data":"Architecture\r\n"}
,{"stream_name":"stdout","time":90.863827634,"data":"============================================================\r\n"}
,{"stream_name":"stdout","time":90.863831694,"data":"  WM modules (CNNEnc+RSSM+CNNDec+heads) : 54,153,539 params\r\n"}
,{"stream_name":"stdout","time":90.863835925,"data":"  Actor + Critic                        : 10,782,992 params\r\n"}
,{"stream_name":"stdout","time":90.863840114,"data":"  TOTAL                                 : 64,936,531 params (~64.94M)\r\n"}
,{"stream_name":"stdout","time":90.863844165,"data":"\r\n"}
,{"stream_name":"stdout","time":91.568049264,"data":"[resume] 321 clés chargées depuis dreamer_crafter_jax_v58-ratio256-resume_iter040000.npz\r\n"}
,{"stream_name":"stdout","time":91.568079824,"data":"/kaggle/working/oneiro/crafter_dreamer/scripts/train_dreamer_jax.py:2878: DeprecationWarning: '.value' access is now deprecated. For Variable[Array] instances use:\r\n"}
,{"stream_name":"stdout","time":91.568085033,"data":"\r\n"}
,{"stream_name":"stdout","time":91.568088713,"data":"  variable[...]\r\n"}
,{"stream_name":"stdout","time":91.568092264,"data":"\r\n"}
,{"stream_name":"stdout","time":91.568095604,"data":"For other Variable types use:\r\n"}
,{"stream_name":"stdout","time":91.568099033,"data":"\r\n"}
,{"stream_name":"stdout","time":91.568102593,"data":"  variable.get_value()\r\n"}
,{"stream_name":"stdout","time":91.568106433,"data":"\r\n"}
,{"stream_name":"stdout","time":91.568110324,"data":"  if hasattr(leaf, \"value\"):\r\n"}
,{"stream_name":"stdout","time":91.870897626,"data":"[resume]   encoder OK\r\n"}
,{"stream_name":"stdout","time":92.678388309,"data":"[resume]   rssm OK\r\n"}
,{"stream_name":"stdout","time":93.132695853,"data":"[resume]   decoder OK\r\n"}
,{"stream_name":"stdout","time":93.182772339,"data":"[resume]   reward_head OK\r\n"}
,{"stream_name":"stdout","time":93.283858644,"data":"[resume]   continue_head OK\r\n"}
,{"stream_name":"stdout","time":93.334391791,"data":"[resume]   actor OK (4 clés manquantes !)\r\n"}
,{"stream_name":"stdout","time":93.385067388,"data":"[resume]   critic OK (4 clés manquantes !)\r\n"}
,{"stream_name":"stdout","time":93.385082348,"data":"[resume]   slow_critic OK (4 clés manquantes !)\r\n"}
,{"stream_name":"stdout","time":93.385087028,"data":"[resume] reprise à iter 40000\r\n"}
,{"stream_name":"stdout","time":94.597101997,"data":"[resume]   __opt_wm : 165/165 tenseurs\r\n"}
,{"stream_name":"stdout","time":94.697617471,"data":"[resume]   __opt_ac : 45/61 tenseurs\r\n"}
,{"stream_name":"stdout","time":94.747810718,"data":"[resume] scale EMA restauré : p5=0.16 p95=7.89 → scale=7.73\r\n"}
,{"stream_name":"stdout","time":94.848769912,"data":"Output dirs : runs=/kaggle/working/runs  checkpoints=/kaggle/working/checkpoints\r\n"}
,{"stream_name":"stdout","time":94.848787792,"data":"\r\n"}
,{"stream_name":"stdout","time":94.848793372,"data":"============================================================\r\n"}
,{"stream_name":"stdout","time":94.848799272,"data":"Phase 0 : Warmup ON-POLICY (reprise) (50000 steps, 4 envs)\r\n"}
,{"stream_name":"stdout","time":94.848804622,"data":"============================================================\r\n"}
,{"stream_name":"stdout","time":95.253261239,"data":"Traceback (most recent call last):\r\n"}
,{"stream_name":"stdout","time":95.253289599,"data":"  File \"/kaggle/working/oneiro/crafter_dreamer/scripts/train_dreamer_jax.py\", line 3002, in \u003cmodule\u003e\r\n"}
,{"stream_name":"stdout","time":95.253295859,"data":"    main()\r\n"}
,{"stream_name":"stdout","time":95.253300309,"data":"  File \"/kaggle/working/oneiro/crafter_dreamer/scripts/train_dreamer_jax.py\", line 1941, in main\r\n"}
,{"stream_name":"stdout","time":95.253304879,"data":"    warm_state, actions_int = act_fn_func(\r\n"}
,{"stream_name":"stdout","time":95.253309109,"data":"                              ^^^^^^^^^^^^\r\n"}
,{"stream_name":"stdout","time":95.253313189,"data":"  File \"/kaggle/working/oneiro/crafter_dreamer/scripts/train_dreamer_jax.py\", line 1091, in act_fn_functional\r\n"}
,{"stream_name":"stdout","time":95.253317809,"data":"    new_state, _, _ = rssm_l.observe_step(prev_state, prev_actions_oh, emb, k_obs)\r\n"}
,{"stream_name":"stdout","time":95.253322769,"data":"                      ^^^^^^^^^^^^^^^^^^^^^^^^^^^^^^^^^^^^^^^^^^^^^^^^^^^^^^^^^^^^\r\n"}
,{"stream_name":"stdout","time":95.253327529,"data":"  File \"/kaggle/working/oneiro/src_jax/model/rssm.py\", line 240, in observe_step\r\n"}
,{"stream_name":"stdout","time":95.253331719,"data":"    gru_input = self._pre_gru(gru_input_raw)\r\n"}
,{"stream_name":"stdout","time":95.253335769,"data":"                ^^^^^^^^^^^^^^^^^^^^^^^^^^^^\r\n"}
,{"stream_name":"stdout","time":95.253339769,"data":"  File \"/kaggle/working/oneiro/src_jax/model/rssm.py\", line 202, in _pre_gru\r\n"}
,{"stream_name":"stdout","time":95.253343909,"data":"    return jax.nn.silu(self.pre_gru_norm(self.pre_gru_linear(x)))\r\n"}
,{"stream_name":"stdout","time":95.253348029,"data":"                                         ^^^^^^^^^^^^^^^^^^^^^^\r\n"}
,{"stream_name":"stdout","time":95.253353269,"data":"  File \"/usr/local/lib/python3.12/site-packages/flax/nnx/nn/linear.py\", line 422, in __call__\r\n"}
,{"stream_name":"stdout","time":95.253358489,"data":"    y = self.dot_general(\r\n"}
,{"stream_name":"stdout","time":95.253363359,"data":"        ^^^^^^^^^^^^^^^^^\r\n"}
,{"stream_name":"stdout","time":95.253378589,"data":"TypeError: dot_general requires contracting dimensions to have the same shape, got (1041,) and (529,).\r\n"}
,{"stream_name":"stdout","time":95.253382159,"data":"--------------------\r\n"}
,{"stream_name":"stdout","time":95.253385469,"data":"For simplicity, JAX has removed its internal frames from the traceback of the following exception. Set JAX_TRACEBACK_FILTERING=off to include these.\r\n"}
,{"stream_name":"stderr","time":105.850498081,"data":"[NbConvertApp] Converting notebook __notebook__.ipynb to notebook\n"}
,{"stream_name":"stderr","time":106.124376635,"data":"[NbConvertApp] Writing 37181 bytes to __notebook__.ipynb\n"}
,{"stream_name":"stderr","time":108.495115726,"data":"[NbConvertApp] Converting notebook __notebook__.ipynb to html\n"}
,{"stream_name":"stderr","time":109.339168407,"data":"[NbConvertApp] Writing 306658 bytes to __results__.html\n"}
]