[{"stream_name":"stderr","time":6.050955335,"data":"/usr/local/lib/python3.12/site-packages/nbformat/__init__.py:96: MissingIDFieldWarning: Cell is missing an id field, this will become a hard error in future nbformat versions. You may want to use `normalize()` on your notebooks before validations (available since nbformat 5.1.4). Previous versions of nbformat are fixing this issue transparently, and will stop doing so in the future.\n"}
,{"stream_name":"stderr","time":6.050991565,"data":"  validate(nb)\n"}
,{"stream_name":"stdout","time":9.280488349,"data":"Cloning into 'oneiro'...\r\n"}
,{"stream_name":"stdout","time":9.988538129,"data":"remote: Enumerating objects: 214, done.\u001b[K\r\n"}
,{"stream_name":"stdout","time":9.988573009,"data":"remote: Counting objects:   0% (1/214)\u001b[K\rremote: Counting objects:   1% (3/214)\u001b[K\rremote: Counting objects:   2% (5/214)\u001b[K\rremote: Counting objects:   3% (7/214)\u001b[K\rremote: Counting objects:   4% (9/214)\u001b[K\rremote: Counting objects:   5% (11/214)\u001b[K\rremote: Counting objects:   6% (13/214)\u001b[K\rremote: Counting objects:   7% (15/214)\u001b[K\rremote: Counting objects:   8% (18/214)\u001b[K\rremote: Counting objects:   9% (20/214)\u001b[K\rremote: Counting objects:  10% (22/214)\u001b[K\rremote: Counting objects:  11% (24/214)\u001b[K\rremote: Counting objects:  12% (26/214)\u001b[K\rremote: Counting objects:  13% (28/214)\u001b[K\rremote: Counting objects:  14% (30/214)\u001b[K\rremote: Counting objects:  15% (33/214)\u001b[K\rremote: Counting objects:  16% (35/214)\u001b[K\rremote: Counting objects:  17% (37/214)\u001b[K\rremote: Counting objects:  18% (39/214)\u001b[K\rremote: Counting objects:  19% (41/214)\u001b[K\rremote: Counting objects:  20% (43/214)\u001b[K\rremote: Counting objects:  21% (45/214)\u001b[K\rremote: Counting objects:  22% (48/214)\u001b[K\rremote: Counting objects:  23% (50/214)\u001b[K\rremote: Counting objects:  24% (52/214)\u001b[K\rremote: Counting objects:  25% (54/214)\u001b[K\rremote: Counting objects:  26% (56/214)\u001b[K\rremote: Counting objects:  27% (58/214)\u001b[K\rremote: Counting objects:  28% (60/214)\u001b[K\rremote: Counting objects:  29% (63/214)\u001b[K\rremote: Counting objects:  30% (65/214)\u001b[K\rremote: Counting objects:  31% (67/214)\u001b[K\rremote: Counting objects:  32% (69/214)\u001b[K\rremote: Counting objects:  33% (71/214)\u001b[K\rremote: Counting objects:  34% (73/214)\u001b[K\rremote: Counting objects:  35% (75/214)\u001b[K\rremote: Counting objects:  36% (78/214)\u001b[K\rremote: Counting objects:  37% (80/214)\u001b[K\rremote: Counting objects:  38% (82/214)\u001b[K\rremote: Counting objects:  39% (84/214)\u001b[K\rremote: Counting objects:  40% (86/214)\u001b[K\rremote: Counting objects:  41% (88/214)\u001b[K\rremote: Counting objects:  42% (90/214)\u001b[K\rremote: Counting objects:  43% (93/214)\u001b[K\rremote: Counting objects:  44% (95/214)\u001b[K\rremote: Counting objects:  45% (97/214)\u001b[K\rremote: Counting objects:  46% (99/214)\u001b[K\rremote: Counting objects:  47% (101/214)\u001b[K\rremote: Counting objects:  48% (103/214)\u001b[K\rremote: Counting objects:  49% (105/214)\u001b[K\rremote: Counting objects:  50% (107/214)\u001b[K\rremote: Counting objects:  51% (110/214)\u001b[K\rremote: Counting objects:  52% (112/214)\u001b[K\rremote: Counting objects:  53% (114/214)\u001b[K\rremote: Counting objects:  54% (116/214)\u001b[K\rremote: Counting objects:  55% (118/214)\u001b[K\rremote: Counting objects:  56% (120/214)\u001b[K\rremote: Counting objects:  57% (122/214)\u001b[K\rremote: Counting objects:  58% (125/214)\u001b[K\rremote: Counting objects:  59% (127/214)\u001b[K\rremote: Counting objects:  60% (129/214)\u001b[K\rremote: Counting objects:  61% (131/214)\u001b[K\rremote: Counting objects:  62% (133/214)\u001b[K\rremote: Counting objects:  63% (135/214)\u001b[K\rremote: Counting objects:  64% (137/214)\u001b[K\rremote: Counting objects:  65% (140/214)\u001b[K\rremote: Counting objects:  66% (142/214)\u001b[K\rremote: Counting objects:  67% (144/214)\u001b[K\rremote: Counting objects:  68% (146/214)\u001b[K\rremote: Counting objects:  69% (148/214)\u001b[K\rremote: Counting objects:  70% (150/214)\u001b[K\rremote: Counting objects:  71% (152/214)\u001b[K\rremote: Counting objects:  72% (155/214)\u001b[K\rremote: Counting objects:  73% (157/214)\u001b[K\rremote: Counting objects:  74% (159/214)\u001b[K\rremote: Counting objects:  75% (161/214)\u001b[K\rremote: Counting objects:  76% (163/214)\u001b[K\rremote: Counting objects:  77% (165/214)\u001b[K\rremote: Counting objects:  78% (167/214)\u001b[K\rremote: Counting objects:  79% (170/214)\u001b[K\rremote: Counting objects:  80% (172/214)\u001b[K\rremote: Counting objects:  81% (174/214)\u001b[K\rremote: Counting objects:  82% (176/214)\u001b[K\rremote: Counting objects:  83% (178/214)\u001b[K\rremote: Counting objects:  84% (180/214)\u001b[K\rremote: Counting objects:  85% (182/214)\u001b[K\rremote: Counting objects:  86% (185/214)\u001b[K\rremote: Counting objects:  87% (187/214)\u001b[K\rremote: Counting objects:  88% (189/214)\u001b[K\rremote: Counting objects:  89% (191/214)\u001b[K\rremote: Counting objects:  90% (193/214)\u001b[K\rremote: Counting objects:  91% (195/214)\u001b[K\rremote: Counting objects:  92% (197/214)\u001b[K\rremote: Counting objects:  93% (200/214)\u001b[K\rremote: Counting objects:  94% (202/214)\u001b[K\rremote: Counting objects:  95% (204/214)\u001b[K\rremote: Counting objects:  96% (206/214)\u001b[K\rremote: Counting objects:  97% (208/214)\u001b[K\rremote: Counting objects:  98% (210/214)\u001b[K\rremote: Counting objects:  99% (212/214)\u001b[K\rremote: Counting objects: 100% (214/214)\u001b[K\rremote: Counting objects: 100% (214/214), done.\u001b[K\r\n"}
,{"stream_name":"stdout","time":10.038726643,"data":"remote: Compressing objects:   0% (1/155)\u001b[K\rremote: Compressing objects:   1% (2/155)\u001b[K\rremote: Compressing objects:   2% (4/155)\u001b[K\rremote: Compressing objects:   3% (5/155)\u001b[K\rremote: Compressing objects:   4% (7/155)\u001b[K\rremote: Compressing objects:   5% (8/155)\u001b[K\rremote: Compressing objects:   6% (10/155)\u001b[K\rremote: Compressing objects:   7% (11/155)\u001b[K\rremote: Compressing objects:   8% (13/155)\u001b[K\rremote: Compressing objects:   9% (14/155)\u001b[K\rremote: Compressing objects:  10% (16/155)\u001b[K\rremote: Compressing objects:  11% (18/155)\u001b[K\rremote: Compressing objects:  12% (19/155)\u001b[K\rremote: Compressing objects:  13% (21/155)\u001b[K\rremote: Compressing objects:  14% (22/155)\u001b[K\rremote: Compressing objects:  15% (24/155)\u001b[K\rremote: Compressing objects:  16% (25/155)\u001b[K\rremote: Compressing objects:  17% (27/155)\u001b[K\rremote: Compressing objects:  18% (28/155)\u001b[K\rremote: Compressing objects:  19% (30/155)\u001b[K\rremote: Compressing objects:  20% (31/155)\u001b[K\rremote: Compressing objects:  21% (33/155)\u001b[K\rremote: Compressing objects:  22% (35/155)\u001b[K\rremote: Compressing objects:  23% (36/155)\u001b[K\rremote: Compressing objects:  24% (38/155)\u001b[K\rremote: Compressing objects:  25% (39/155)\u001b[K\rremote: Compressing objects:  26% (41/155)\u001b[K\rremote: Compressing objects:  27% (42/155)\u001b[K\rremote: Compressing objects:  28% (44/155)\u001b[K\rremote: Compressing objects:  29% (45/155)\u001b[K\rremote: Compressing objects:  30% (47/155)\u001b[K\rremote: Compressing objects:  31% (49/155)\u001b[K\rremote: Compressing objects:  32% (50/155)\u001b[K\rremote: Compressing objects:  33% (52/155)\u001b[K\rremote: Compressing objects:  34% (53/155)\u001b[K\rremote: Compressing objects:  35% (55/155)\u001b[K\rremote: Compressing objects:  36% (56/155)\u001b[K\rremote: Compressing objects:  37% (58/155)\u001b[K\rremote: Compressing objects:  38% (59/155)\u001b[K\rremote: Compressing objects:  39% (61/155)\u001b[K\rremote: Compressing objects:  40% (62/155)\u001b[K\rremote: Compressing objects:  41% (64/155)\u001b[K\rremote: Compressing objects:  42% (66/155)\u001b[K\rremote: Compressing objects:  43% (67/155)\u001b[K\rremote: Compressing objects:  44% (69/155)\u001b[K\rremote: Compressing objects:  45% (70/155)\u001b[K\rremote: Compressing objects:  46% (72/155)\u001b[K\rremote: Compressing objects:  47% (73/155)\u001b[K\rremote: Compressing objects:  48% (75/155)\u001b[K\rremote: Compressing objects:  49% (76/155)\u001b[K\rremote: Compressing objects:  50% (78/155)\u001b[K\rremote: Compressing objects:  51% (80/155)\u001b[K\rremote: Compressing objects:  52% (81/155)\u001b[K\rremote: Compressing objects:  53% (83/155)\u001b[K\rremote: Compressing objects:  54% (84/155)\u001b[K\rremote: Compressing objects:  55% (86/155)\u001b[K\rremote: Compressing objects:  56% (87/155)\u001b[K\rremote: Compressing objects:  57% (89/155)\u001b[K\rremote: Compressing objects:  58% (90/155)\u001b[K\rremote: Compressing objects:  59% (92/155)\u001b[K\rremote: Compressing objects:  60% (93/155)\u001b[K\rremote: Compressing objects:  61% (95/155)\u001b[K\rremote: Compressing objects:  62% (97/155)\u001b[K\rremote: Compressing objects:  63% (98/155)\u001b[K\rremote: Compressing objects:  64% (100/155)\u001b[K\rremote: Compressing objects:  65% (101/155)\u001b[K\rremote: Compressing objects:  66% (103/155)\u001b[K\rremote: Compressing objects:  67% (104/155)\u001b[K\rremote: Compressing objects:  68% (106/155)\u001b[K\rremote: Compressing objects:  69% (107/155)\u001b[K\rremote: Compressing objects:  70% (109/155)\u001b[K\rremote: Compressing objects:  71% (111/155)\u001b[K\rremote: Compressing objects:  72% (112/155)\u001b[K\rremote: Compressing objects:  73% (114/155)\u001b[K\rremote: Compressing objects:  74% (115/155)\u001b[K\rremote: Compressing objects:  75% (117/155)\u001b[K\rremote: Compressing objects:  76% (118/155)\u001b[K\rremote: Compressing objects:  77% (120/155)\u001b[K\rremote: Compressing objects:  78% (121/155)\u001b[K\rremote: Compressing objects:  79% (123/155)\u001b[K\rremote: Compressing objects:  80% (124/155)\u001b[K\rremote: Compressing objects:  81% (126/155)\u001b[K\rremote: Compressing objects:  82% (128/155)\u001b[K\rremote: Compressing objects:  83% (129/155)\u001b[K\rremote: Compressing objects:  84% (131/155)\u001b[K\rremote: Compressing objects:  85% (132/155)\u001b[K\rremote: Compressing objects:  86% (134/155)\u001b[K\rremote: Compressing objects:  87% (135/155)\u001b[K\rremote: Compressing objects:  88% (137/155)\u001b[K\rremote: Compressing objects:  89% (138/155)\u001b[K\rremote: Compressing objects:  90% (140/155)\u001b[K\rremote: Compressing objects:  91% (142/155)\u001b[K\rremote: Compressing objects:  92% (143/155)\u001b[K\rremote: Compressing objects:  93% (145/155)\u001b[K\rremote: Compressing objects:  94% (146/155)\u001b[K\rremote: Compressing objects:  95% (148/155)\u001b[K\rremote: Compressing objects:  96% (149/155)\u001b[K\rremote: Compressing objects:  97% (151/155)\u001b[K\rremote: Compressing objects:  98% (152/155)\u001b[K\rremote: Compressing objects:  99% (154/155)\u001b[K\rremote: Compressing objects: 100% (155/155)\u001b[K\rremote: Compressing objects: 100% (155/155), done.\u001b[K\r\n"}
,{"stream_name":"stdout","time":10.190622414,"data":"Receiving objects:   0% (1/214)\rReceiving objects:   1% (3/214)\rReceiving objects:   2% (5/214)\rReceiving objects:   3% (7/214)\rReceiving objects:   4% (9/214)\rReceiving objects:   5% (11/214)\rReceiving objects:   6% (13/214)\rReceiving objects:   7% (15/214)\rReceiving objects:   8% (18/214)\rReceiving objects:   9% (20/214)\rReceiving objects:  10% (22/214)\rReceiving objects:  11% (24/214)\rReceiving objects:  12% (26/214)\rReceiving objects:  13% (28/214)\rReceiving objects:  14% (30/214)\rReceiving objects:  15% (33/214)\rReceiving objects:  16% (35/214)\rReceiving objects:  17% (37/214)\rReceiving objects:  18% (39/214)\rReceiving objects:  19% (41/214)\rReceiving objects:  20% (43/214)\rReceiving objects:  21% (45/214)\rReceiving objects:  22% (48/214)\rReceiving objects:  23% (50/214)\rReceiving objects:  24% (52/214)\rReceiving objects:  25% (54/214)\rReceiving objects:  26% (56/214)\rReceiving objects:  27% (58/214)\rReceiving objects:  28% (60/214)\rReceiving objects:  29% (63/214)\rReceiving objects:  30% (65/214)\rReceiving objects:  31% (67/214)\rReceiving objects:  32% (69/214)\rReceiving objects:  33% (71/214)\rReceiving objects:  34% (73/214)\rReceiving objects:  35% (75/214)\rReceiving objects:  36% (78/214)\rReceiving objects:  37% (80/214)\rReceiving objects:  38% (82/214)\rReceiving objects:  39% (84/214)\rReceiving objects:  40% (86/214)\rReceiving objects:  41% (88/214)\rReceiving objects:  42% (90/214)\rReceiving objects:  43% (93/214)\rReceiving objects:  44% (95/214)\rReceiving objects:  45% (97/214)\rReceiving objects:  46% (99/214)\rReceiving objects:  47% (101/214)\rReceiving objects:  48% (103/214)\rReceiving objects:  49% (105/214)\rReceiving objects:  50% (107/214)\rReceiving objects:  51% (110/214)\rReceiving objects:  52% (112/214)\rReceiving objects:  53% (114/214)\rReceiving objects:  54% (116/214)\rReceiving objects:  55% (118/214)\rReceiving objects:  56% (120/214)\rReceiving objects:  57% (122/214)\rReceiving objects:  58% (125/214)\rReceiving objects:  59% (127/214)\rReceiving objects:  60% (129/214)\rReceiving objects:  61% (131/214)\rReceiving objects:  62% (133/214)\rReceiving objects:  63% (135/214)\rReceiving objects:  64% (137/214)\rReceiving objects:  65% (140/214)\rReceiving objects:  66% (142/214)\rReceiving objects:  67% (144/214)\rReceiving objects:  68% (146/214)\rReceiving objects:  69% (148/214)\rReceiving objects:  70% (150/214)\rReceiving objects:  71% (152/214)\rReceiving objects:  72% (155/214)\rReceiving objects:  73% (157/214)\rReceiving objects:  74% (159/214)\rReceiving objects:  75% (161/214)\rReceiving objects:  76% (163/214)\rReceiving objects:  77% (165/214)\rReceiving objects:  78% (167/214)\rReceiving objects:  79% (170/214)\rReceiving objects:  80% (172/214)\rReceiving objects:  81% (174/214)\rReceiving objects:  82% (176/214)\rReceiving objects:  83% (178/214)\rReceiving objects:  84% (180/214)\rReceiving objects:  85% (182/214)\rReceiving objects:  86% (185/214)\rReceiving objects:  87% (187/214)\rReceiving objects:  88% (189/214)\rremote: Total 214 (delta 90), reused 180 (delta 56), pack-reused 0 (from 0)\u001b[K\r\n"}
,{"stream_name":"stdout","time":10.190690124,"data":"Receiving objects:  89% (191/214)\rReceiving objects:  90% (193/214)\rReceiving objects:  91% (195/214)\rReceiving objects:  92% (197/214)\rReceiving objects:  93% (200/214)\rReceiving objects:  94% (202/214)\rReceiving objects:  95% (204/214)\rReceiving objects:  96% (206/214)\rReceiving objects:  97% (208/214)\rReceiving objects:  98% (210/214)\rReceiving objects:  99% (212/214)\rReceiving objects: 100% (214/214)\rReceiving objects: 100% (214/214), 3.11 MiB | 21.41 MiB/s, done.\r\n"}
,{"stream_name":"stdout","time":10.190698114,"data":"Resolving deltas:   0% (0/90)\rResolving deltas:   1% (1/90)\rResolving deltas:   2% (2/90)\rResolving deltas:   3% (3/90)\rResolving deltas:   4% (4/90)\rResolving deltas:   5% (5/90)\rResolving deltas:   6% (6/90)\rResolving deltas:  10% (9/90)\rResolving deltas:  12% (11/90)\rResolving deltas:  14% (13/90)\rResolving deltas:  15% (14/90)\rResolving deltas:  16% (15/90)\rResolving deltas:  17% (16/90)\rResolving deltas:  18% (17/90)\rResolving deltas:  21% (19/90)\rResolving deltas:  24% (22/90)\rResolving deltas:  25% (23/90)\rResolving deltas:  26% (24/90)\rResolving deltas:  27% (25/90)\rResolving deltas:  30% (27/90)\rResolving deltas:  33% (30/90)\rResolving deltas:  34% (31/90)\rResolving deltas:  35% (32/90)\rResolving deltas:  37% (34/90)\rResolving deltas:  40% (36/90)\rResolving deltas:  41% (37/90)\rResolving deltas:  43% (39/90)\rResolving deltas:  44% (40/90)\rResolving deltas:  47% (43/90)\rResolving deltas:  50% (45/90)\rResolving deltas:  52% (47/90)\rResolving deltas:  53% (48/90)\rResolving deltas:  54% (49/90)\rResolving deltas:  55% (50/90)\rResolving deltas:  56% (51/90)\rResolving deltas:  57% (52/90)\rResolving deltas:  60% (54/90)\rResolving deltas:  61% (55/90)\rResolving deltas:  62% (56/90)\rResolving deltas:  64% (58/90)\rResolving deltas:  65% (59/90)\rResolving deltas:  67% (61/90)\rResolving deltas:  70% (63/90)\rResolving deltas:  73% (66/90)\rResolving deltas:  76% (69/90)\rResolving deltas:  77% (70/90)\rResolving deltas:  78% (71/90)\rResolving deltas:  80% (72/90)\rResolving deltas:  82% (74/90)\rResolving deltas:  83% (75/90)\rResolving deltas:  84% (76/90)\rResolving deltas:  85% (77/90)\rResolving deltas:  87% (79/90)\rResolving deltas:  88% (80/90)\rResolving deltas:  90% (81/90)\rResolving deltas:  91% (82/90)\rResolving deltas:  92% (83/90)\rResolving deltas:  93% (84/90)\rResolving deltas:  94% (85/90)\rResolving deltas:  95% (86/90)\rResolving deltas:  96% (87/90)\rResolving deltas:  97% (88/90)\rResolving deltas:  98% (89/90)\rResolving deltas: 100% (90/90)\rResolving deltas: 100% (90/90), done.\r\n"}
,{"stream_name":"stdout","time":11.553254383,"data":"/kaggle/working/oneiro\n"}
,{"stream_name":"stdout","time":32.008334101,"data":"\u001b[33mWARNING: Running pip as the 'root' user can result in broken permissions and conflicting behaviour with the system package manager, possibly rendering your system unusable. It is recommended to use a virtual environment instead: https://pip.pypa.io/warnings/venv. Use the --root-user-action option if you know what you are doing and want to suppress this warning.\u001b[0m\u001b[33m\r\n"}
,{"stream_name":"stdout","time":32.109136058,"data":"\u001b[0m\r\n"}
,{"stream_name":"stdout","time":32.109167538,"data":"\u001b[1m[\u001b[0m\u001b[34;49mnotice\u001b[0m\u001b[1;39;49m]\u001b[0m\u001b[39;49m A new release of pip is available: \u001b[0m\u001b[31;49m25.0.1\u001b[0m\u001b[39;49m -\u003e \u001b[0m\u001b[32;49m26.1.2\u001b[0m\r\n"}
,{"stream_name":"stdout","time":32.109175318,"data":"\u001b[1m[\u001b[0m\u001b[34;49mnotice\u001b[0m\u001b[1;39;49m]\u001b[0m\u001b[39;49m To update, run: \u001b[0m\u001b[32;49mpip install --upgrade pip\u001b[0m\r\n"}
,{"stream_name":"stdout","time":46.20083116,"data":"\u001b[33mWARNING: Running pip as the 'root' user can result in broken permissions and conflicting behaviour with the system package manager, possibly rendering your system unusable. It is recommended to use a virtual environment instead: https://pip.pypa.io/warnings/venv. Use the --root-user-action option if you know what you are doing and want to suppress this warning.\u001b[0m\u001b[33m\r\n"}
,{"stream_name":"stdout","time":46.20086586,"data":"\u001b[0m\r\n"}
,{"stream_name":"stdout","time":46.20087164,"data":"\u001b[1m[\u001b[0m\u001b[34;49mnotice\u001b[0m\u001b[1;39;49m]\u001b[0m\u001b[39;49m A new release of pip is available: \u001b[0m\u001b[31;49m25.0.1\u001b[0m\u001b[39;49m -\u003e \u001b[0m\u001b[32;49m26.1.2\u001b[0m\r\n"}
,{"stream_name":"stdout","time":46.20087706,"data":"\u001b[1m[\u001b[0m\u001b[34;49mnotice\u001b[0m\u001b[1;39;49m]\u001b[0m\u001b[39;49m To update, run: \u001b[0m\u001b[32;49mpip install --upgrade pip\u001b[0m\r\n"}
,{"stream_name":"stderr","time":50.030645811,"data":"/usr/local/lib/python3.12/site-packages/jax/_src/cloud_tpu_init.py:88: UserWarning: Transparent hugepages are not enabled. TPU runtime startup and shutdown time should be significantly improved on TPU v5e and newer. If not already set, you may need to enable transparent hugepages in your VM image (sudo sh -c \"echo always \u003e /sys/kernel/mm/transparent_hugepage/enabled\")\n"}
,{"stream_name":"stderr","time":50.030682971,"data":"  warnings.warn(\n"}
,{"stream_name":"stderr","time":50.030687421,"data":"\n"}
,{"stream_name":"stderr","time":50.030690871,"data":"/usr/local/lib/python3.12/site-packages/jax/_src/cloud_tpu_init.py:88: UserWarning: Transparent hugepages are not enabled. TPU runtime startup and shutdown time should be significantly improved on TPU v5e and newer. If not already set, you may need to enable transparent hugepages in your VM image (sudo sh -c \"echo always \u003e /sys/kernel/mm/transparent_hugepage/enabled\")\n"}
,{"stream_name":"stderr","time":50.030710101,"data":"  warnings.warn(\n"}
,{"stream_name":"stderr","time":54.031109644,"data":"WARNING: Logging before InitGoogle() is written to STDERR\n"}
,{"stream_name":"stderr","time":54.031179424,"data":"E0000 00:00:1781707111.559791      73 common_lib.cc:646] Could not set metric server port: INVALID_ARGUMENT: Could not find SliceBuilder port 8471 in any of the 0 ports provided in `tpu_process_addresses`=\"local\"\n"}
,{"stream_name":"stderr","time":54.031186854,"data":"=== Source Location Trace: ===\n"}
,{"stream_name":"stderr","time":54.031191354,"data":"learning/45eac/tfrc/runtime/common_lib.cc:228\n"}
,{"stream_name":"stderr","time":54.347205303,"data":"WARNING: Logging before InitGoogle() is written to STDERR\n"}
,{"stream_name":"stderr","time":54.347238203,"data":"E0000 00:00:1781707111.559791      73 common_lib.cc:646] Could not set metric server port: INVALID_ARGUMENT: Could not find SliceBuilder port 8471 in any of the 0 ports provided in `tpu_process_addresses`=\"local\"\n"}
,{"stream_name":"stderr","time":54.347243523,"data":"=== Source Location Trace: ===\n"}
,{"stream_name":"stderr","time":54.347247643,"data":"learning/45eac/tfrc/runtime/common_lib.cc:228\n"}
,{"stream_name":"stderr","time":54.347251103,"data":"\n"}
,{"stream_name":"stderr","time":54.347254753,"data":"WARNING: Logging before InitGoogle() is written to STDERR\n"}
,{"stream_name":"stderr","time":54.347258333,"data":"E0000 00:00:1781707111.559791      73 common_lib.cc:646] Could not set metric server port: INVALID_ARGUMENT: Could not find SliceBuilder port 8471 in any of the 0 ports provided in `tpu_process_addresses`=\"local\"\n"}
,{"stream_name":"stderr","time":54.347262613,"data":"=== Source Location Trace: ===\n"}
,{"stream_name":"stderr","time":54.347266063,"data":"learning/45eac/tfrc/runtime/common_lib.cc:228\n"}
,{"stream_name":"stdout","time":63.283516088,"data":"JAX backend : tpu [TpuDevice(id=0, process_index=0, coords=(0,0,0), core_on_chip=0), TpuDevice(id=1, process_index=0, coords=(1,0,0), core_on_chip=0), TpuDevice(id=2, process_index=0, coords=(0,1,0), core_on_chip=0), TpuDevice(id=3, process_index=0, coords=(1,1,0), core_on_chip=0), TpuDevice(id=4, process_index=0, coords=(0,2,0), core_on_chip=0), TpuDevice(id=5, process_index=0, coords=(1,2,0), core_on_chip=0), TpuDevice(id=6, process_index=0, coords=(0,3,0), core_on_chip=0), TpuDevice(id=7, process_index=0, coords=(1,3,0), core_on_chip=0)]\n"}
,{"stream_name":"stderr","time":63.984241824,"data":"/usr/local/lib/python3.12/pty.py:95: RuntimeWarning: os.fork() was called. os.fork() is incompatible with multithreaded code, and JAX is multithreaded, so this will likely lead to a deadlock.\n"}
,{"stream_name":"stderr","time":63.984272284,"data":"  pid, fd = os.forkpty()\n"}
,{"stream_name":"stderr","time":63.984278134,"data":"\n"}
,{"stream_name":"stderr","time":63.984282854,"data":"/usr/local/lib/python3.12/pty.py:95: RuntimeWarning: os.fork() was called. os.fork() is incompatible with multithreaded code, and JAX is multithreaded, so this will likely lead to a deadlock.\n"}
,{"stream_name":"stderr","time":63.984287504,"data":"  pid, fd = os.forkpty()\n"}
,{"stream_name":"stdout","time":64.125781153,"data":"/usr/local/lib/python3.12/site-packages/jax/_src/cloud_tpu_init.py:88: UserWarning: Transparent hugepages are not enabled. TPU runtime startup and shutdown time should be significantly improved on TPU v5e and newer. If not already set, you may need to enable transparent hugepages in your VM image (sudo sh -c \"echo always \u003e /sys/kernel/mm/transparent_hugepage/enabled\")\r\n"}
,{"stream_name":"stdout","time":64.125804533,"data":"  warnings.warn(\r\n"}
,{"stream_name":"stdout","time":94.43102323,"data":"Traceback (most recent call last):\r\n"}
,{"stream_name":"stdout","time":94.43105038,"data":"  File \"/kaggle/working/oneiro/crafter_dreamer/scripts/train_dreamer_jax.py\", line 49, in \u003cmodule\u003e\r\n"}
,{"stream_name":"stdout","time":94.43105762,"data":"    import distrax\r\n"}
,{"stream_name":"stdout","time":94.43106165,"data":"  File \"/usr/local/lib/python3.12/site-packages/distrax/__init__.py\", line 18, in \u003cmodule\u003e\r\n"}
,{"stream_name":"stdout","time":94.4310651,"data":"    from distrax._src.bijectors.bijector import Bijector\r\n"}
,{"stream_name":"stdout","time":94.43106818,"data":"  File \"/usr/local/lib/python3.12/site-packages/distrax/_src/bijectors/bijector.py\", line 27, in \u003cmodule\u003e\r\n"}
,{"stream_name":"stdout","time":94.43107159,"data":"    tfb = tfp.bijectors\r\n"}
,{"stream_name":"stdout","time":94.43107432,"data":"          ^^^^^^^^^^^^^\r\n"}
,{"stream_name":"stdout","time":94.43107719,"data":"  File \"/usr/local/lib/python3.12/site-packages/tensorflow_probability/python/internal/lazy_loader.py\", line 56, in __getattr__\r\n"}
,{"stream_name":"stdout","time":94.43108045,"data":"    module = self._load()\r\n"}
,{"stream_name":"stdout","time":94.43108306,"data":"             ^^^^^^^^^^^^\r\n"}
,{"stream_name":"stdout","time":94.43108569,"data":"  File \"/usr/local/lib/python3.12/site-packages/tensorflow_probability/python/internal/lazy_loader.py\", line 43, in _load\r\n"}
,{"stream_name":"stdout","time":94.43108854,"data":"    module = importlib.import_module(self.__name__)\r\n"}
,{"stream_name":"stdout","time":94.43109134,"data":"             ^^^^^^^^^^^^^^^^^^^^^^^^^^^^^^^^^^^^^^\r\n"}
,{"stream_name":"stdout","time":94.43109402,"data":"  File \"/usr/local/lib/python3.12/importlib/__init__.py\", line 90, in import_module\r\n"}
,{"stream_name":"stdout","time":94.43109699,"data":"    return _bootstrap._gcd_import(name[level:], package, level)\r\n"}
,{"stream_name":"stdout","time":94.43109969,"data":"           ^^^^^^^^^^^^^^^^^^^^^^^^^^^^^^^^^^^^^^^^^^^^^^^^^^^^\r\n"}
,{"stream_name":"stdout","time":94.43110239,"data":"  File \"/usr/local/lib/python3.12/site-packages/tensorflow_probability/substrates/jax/__init__.py\", line 42, in \u003cmodule\u003e\r\n"}
,{"stream_name":"stdout","time":94.43110569,"data":"    from tensorflow_probability.substrates.jax import bijectors\r\n"}
,{"stream_name":"stdout","time":94.43110882,"data":"  File \"/usr/local/lib/python3.12/site-packages/tensorflow_probability/substrates/jax/bijectors/__init__.py\", line 19, in \u003cmodule\u003e\r\n"}
,{"stream_name":"stdout","time":94.43111192,"data":"    from tensorflow_probability.substrates.jax.bijectors.absolute_value import AbsoluteValue\r\n"}
,{"stream_name":"stdout","time":94.43111482,"data":"  File \"/usr/local/lib/python3.12/site-packages/tensorflow_probability/substrates/jax/bijectors/absolute_value.py\", line 17, in \u003cmodule\u003e\r\n"}
,{"stream_name":"stdout","time":94.43111781,"data":"    from tensorflow_probability.python.internal.backend.jax.compat import v2 as tf\r\n"}
,{"stream_name":"stdout","time":94.43112059,"data":"  File \"/usr/local/lib/python3.12/site-packages/tensorflow_probability/python/internal/backend/jax/__init__.py\", line 19, in \u003cmodule\u003e\r\n"}
,{"stream_name":"stdout","time":94.43112348,"data":"    from tensorflow_probability.python.internal.backend.jax import compat\r\n"}
,{"stream_name":"stdout","time":94.43112719,"data":"  File \"/usr/local/lib/python3.12/site-packages/tensorflow_probability/python/internal/backend/jax/compat.py\", line 17, in \u003cmodule\u003e\r\n"}
,{"stream_name":"stdout","time":94.43113013,"data":"    from tensorflow_probability.python.internal.backend.jax import v1\r\n"}
,{"stream_name":"stdout","time":94.43113283,"data":"  File \"/usr/local/lib/python3.12/site-packages/tensorflow_probability/python/internal/backend/jax/v1.py\", line 23, in \u003cmodule\u003e\r\n"}
,{"stream_name":"stdout","time":94.43113883,"data":"    from tensorflow_probability.python.internal.backend.jax import linalg_impl\r\n"}
,{"stream_name":"stdout","time":94.4311418,"data":"  File \"/usr/local/lib/python3.12/site-packages/tensorflow_probability/python/internal/backend/jax/linalg_impl.py\", line 23, in \u003cmodule\u003e\r\n"}
,{"stream_name":"stdout","time":94.43114465,"data":"    from tensorflow_probability.python.internal.backend.jax import ops\r\n"}
,{"stream_name":"stdout","time":94.43114736,"data":"  File \"/usr/local/lib/python3.12/site-packages/tensorflow_probability/python/internal/backend/jax/ops.py\", line 681, in \u003cmodule\u003e\r\n"}
,{"stream_name":"stdout","time":94.43115027,"data":"    jax.interpreters.xla.pytype_aval_mappings[onp.ndarray])\r\n"}
,{"stream_name":"stdout","time":94.43115293,"data":"    ^^^^^^^^^^^^^^^^^^^^^^^^^^^^^^^^^^^^^^^^^\r\n"}
,{"stream_name":"stdout","time":94.4311556,"data":"AttributeError: module 'jax.interpreters.xla' has no attribute 'pytype_aval_mappings'\r\n"}
,{"stream_name":"stderr","time":97.845116818,"data":"https://symbolize.stripped_domain/r/?trace=7fd3f68ebccc,7fd4de266def,7fd3f6862344,7fd3f68ec8f0,7fd3f68eccd0,7fd3f3f9ff32,7fd3f2820610,7fd3e6dee4fb,7fd3e6dee134,7fd3e6c90ca1,7fd3e6c9104d,7fd3e6cee458,7fd4a12d4c1f,7fd4a12b9c0a,7fd4a12b9d2d,7fd4a140dd11,7fd4a4da9ef6,7fd4a11e2835,7fd4a13b9baf,7fd4de6273f0,7fd4de69faca,7fd4de7094c8,7fd4de6302bb,7fd4de62ff3b,7fd4de61a3dc,7fd4de652815,7fd4de6dce56,7fd4de6c0bf3,7fd4de5615c0,7fd4de688b7b,7fd4de250ca7\u0026map= \n"}
,{"stream_name":"stderr","time":97.845151888,"data":"*** SIGTERM received by PID 73 (TID 73) on cpu 61, si_code=0, from PID 8; stack trace: ***\n"}
,{"stream_name":"stderr","time":98.559666167,"data":"PC: @     0x7fd3f68ebccc  (unknown)  absl::synchronization_internal::FutexWaiter::Wait()\n"}
,{"stream_name":"stderr","time":98.567646766,"data":"    @     0x7fd3f685c843       1888  FailureSignalHandler()\n"}
,{"stream_name":"stderr","time":98.56766141599999,"data":"    @     0x7fd4de266df0  (unknown)  (unknown)\n"}
,{"stream_name":"stderr","time":98.575733815,"data":"    @     0x7fd3f6862345         64  AbslInternalPerThreadSemWait\n"}
,{"stream_name":"stderr","time":98.723884671,"data":"    @     0x7fd3f68ec8f1         64  absl::Mutex::Block()\n"}
,{"stream_name":"stderr","time":98.731665841,"data":"    @     0x7fd3f68eccd1        128  absl::Mutex::LockSlowWithDeadline()\n"}
,{"stream_name":"stderr","time":98.7396609,"data":"    @     0x7fd3f3f9ff33        192  tpu::TpuHal::TearDown()\n"}
,{"stream_name":"stderr","time":98.747523229,"data":"    @     0x7fd3f2820611         96  tpu::System::Shutdown()\n"}
,{"stream_name":"stderr","time":98.755215218,"data":"    @     0x7fd3e6dee4fc         80  xla::TpuSystemState::~TpuSystemState()\n"}
,{"stream_name":"stderr","time":98.762906787,"data":"    @     0x7fd3e6dee135         48  xla::TpuStatesManager::~TpuStatesManager()\n"}
,{"stream_name":"stderr","time":98.770407556,"data":"    @     0x7fd3e6c90ca2         64  xla::TpuClient::~TpuClient()\n"}
,{"stream_name":"stderr","time":98.777964145,"data":"    @     0x7fd3e6c9104e         32  xla::TpuClient::~TpuClient()\n"}
,{"stream_name":"stderr","time":98.785567034,"data":"    @     0x7fd3e6cee459         32  pjrt::PJRT_Client_Destroy()\n"}
,{"stream_name":"stderr","time":98.791940002,"data":"    @     0x7fd4a12d4c20         48  std::_Function_handler\u003c\u003e::_M_invoke()\n"}
,{"stream_name":"stderr","time":98.797091422,"data":"    @     0x7fd4a12b9c0b         64  xla::PjRtCApiClient::~PjRtCApiClient()\n"}
,{"stream_name":"stderr","time":98.802205421,"data":"    @     0x7fd4a12b9d2e         32  xla::PjRtCApiClient::~PjRtCApiClient()\n"}
,{"stream_name":"stderr","time":98.80727005,"data":"    @     0x7fd4a140dd12         48  xla::ifrt::PjRtClient::~PjRtClient()\n"}
,{"stream_name":"stderr","time":98.81229321,"data":"    @     0x7fd4a4da9ef7         32  std::_Sp_counted_deleter\u003c\u003e::_M_dispose()\n"}
,{"stream_name":"stderr","time":98.817366139,"data":"    @     0x7fd4a11e2836         48  jax::PyClient::~PyClient()\n"}
,{"stream_name":"stderr","time":98.822369308,"data":"    @     0x7fd4a13b9bb0         96  nanobind::detail::inst_dealloc()\n"}
,{"stream_name":"stderr","time":98.822832048,"data":"    @     0x7fd4de6273f1        336  gc_collect_main\n"}
,{"stream_name":"stderr","time":98.823135428,"data":"    @     0x7fd4de69facb         80  gc_collect_with_callback\n"}
,{"stream_name":"stderr","time":98.823457678,"data":"    @     0x7fd4de7094c9         64  gc_collect\n"}
,{"stream_name":"stderr","time":98.823773678,"data":"    @     0x7fd4de6302bc         64  cfunction_vectorcall_FASTCALL_KEYWORDS\n"}
,{"stream_name":"stderr","time":98.824089658,"data":"    @     0x7fd4de62ff3c         64  PyObject_Vectorcall\n"}
,{"stream_name":"stderr","time":98.824383978,"data":"    @     0x7fd4de61a3dd        464  _PyEval_EvalFrameDefault\n"}
,{"stream_name":"stderr","time":98.824712368,"data":"    @     0x7fd4de652816        160  method_vectorcall\n"}
,{"stream_name":"stderr","time":98.825009718,"data":"    @     0x7fd4de6dce57         48  atexit_callfuncs\n"}
,{"stream_name":"stderr","time":98.825313477,"data":"    @     0x7fd4de6c0bf4        144  Py_FinalizeEx\n"}
,{"stream_name":"stderr","time":98.825622337,"data":"    @     0x7fd4de5615c1        352  Py_RunMain.cold\n"}
,{"stream_name":"stderr","time":98.825911468,"data":"    @     0x7fd4de688b7c         64  Py_BytesMain\n"}
,{"stream_name":"stderr","time":98.825941757,"data":"    @     0x7fd4de250ca8  (unknown)  (unknown)\n"}
,{"stream_name":"stderr","time":98.825945617,"data":"https://symbolize.stripped_domain/r/?trace=7fd3f68ebccc,7fd3f685c842,7fd4de266def,7fd3f6862344,7fd3f68ec8f0,7fd3f68eccd0,7fd3f3f9ff32,7fd3f2820610,7fd3e6dee4fb,7fd3e6dee134,7fd3e6c90ca1,7fd3e6c9104d,7fd3e6cee458,7fd4a12d4c1f,7fd4a12b9c0a,7fd4a12b9d2d,7fd4a140dd11,7fd4a4da9ef6,7fd4a11e2835,7fd4a13b9baf,7fd4de6273f0,7fd4de69faca,7fd4de7094c8,7fd4de6302bb,7fd4de62ff3b,7fd4de61a3dc,7fd4de652815,7fd4de6dce56,7fd4de6c0bf3,7fd4de5615c0,7fd4de688b7b,7fd4de250ca7\u0026map= \n"}
,{"stream_name":"stderr","time":98.825950417,"data":"E0617 14:39:16.398678      73 coredump_hook.cc:251] RAW: Remote crash gathering disabled for SIGTERM.\n"}
,{"stream_name":"stderr","time":102.704201932,"data":"[NbConvertApp] Converting notebook __notebook__.ipynb to notebook\n"}
,{"stream_name":"stderr","time":102.973285502,"data":"[NbConvertApp] Writing 32356 bytes to __notebook__.ipynb\n"}
,{"stream_name":"stderr","time":105.4139022,"data":"[NbConvertApp] Converting notebook __notebook__.ipynb to html\n"}
,{"stream_name":"stderr","time":106.233565439,"data":"[NbConvertApp] Writing 299323 bytes to __results__.html\n"}
]