[{"stream_name":"stderr","time":6.948024652,"data":"/usr/local/lib/python3.12/site-packages/nbformat/__init__.py:96: MissingIDFieldWarning: Cell is missing an id field, this will become a hard error in future nbformat versions. You may want to use `normalize()` on your notebooks before validations (available since nbformat 5.1.4). Previous versions of nbformat are fixing this issue transparently, and will stop doing so in the future.\n"}
,{"stream_name":"stderr","time":6.948086262,"data":"  validate(nb)\n"}
,{"stream_name":"stdout","time":10.670898034,"data":"Cloning into 'oneiro'...\r\n"}
,{"stream_name":"stdout","time":11.377905424,"data":"remote: Enumerating objects: 255, done.\u001b[K\r\n"}
,{"stream_name":"stdout","time":11.377948384,"data":"remote: Counting objects:   0% (1/255)\u001b[K\rremote: Counting objects:   1% (3/255)\u001b[K\rremote: Counting objects:   2% (6/255)\u001b[K\rremote: Counting objects:   3% (8/255)\u001b[K\rremote: Counting objects:   4% (11/255)\u001b[K\rremote: Counting objects:   5% (13/255)\u001b[K\rremote: Counting objects:   6% (16/255)\u001b[K\rremote: Counting objects:   7% (18/255)\u001b[K\rremote: Counting objects:   8% (21/255)\u001b[K\rremote: Counting objects:   9% (23/255)\u001b[K\rremote: Counting objects:  10% (26/255)\u001b[K\rremote: Counting objects:  11% (29/255)\u001b[K\rremote: Counting objects:  12% (31/255)\u001b[K\rremote: Counting objects:  13% (34/255)\u001b[K\rremote: Counting objects:  14% (36/255)\u001b[K\rremote: Counting objects:  15% (39/255)\u001b[K\rremote: Counting objects:  16% (41/255)\u001b[K\rremote: Counting objects:  17% (44/255)\u001b[K\rremote: Counting objects:  18% (46/255)\u001b[K\rremote: Counting objects:  19% (49/255)\u001b[K\rremote: Counting objects:  20% (51/255)\u001b[K\rremote: Counting objects:  21% (54/255)\u001b[K\rremote: Counting objects:  22% (57/255)\u001b[K\rremote: Counting objects:  23% (59/255)\u001b[K\rremote: Counting objects:  24% (62/255)\u001b[K\rremote: Counting objects:  25% (64/255)\u001b[K\rremote: Counting objects:  26% (67/255)\u001b[K\rremote: Counting objects:  27% (69/255)\u001b[K\rremote: Counting objects:  28% (72/255)\u001b[K\rremote: Counting objects:  29% (74/255)\u001b[K\rremote: Counting objects:  30% (77/255)\u001b[K\rremote: Counting objects:  31% (80/255)\u001b[K\rremote: Counting objects:  32% (82/255)\u001b[K\rremote: Counting objects:  33% (85/255)\u001b[K\rremote: Counting objects:  34% (87/255)\u001b[K\rremote: Counting objects:  35% (90/255)\u001b[K\rremote: Counting objects:  36% (92/255)\u001b[K\rremote: Counting objects:  37% (95/255)\u001b[K\rremote: Counting objects:  38% (97/255)\u001b[K\rremote: Counting objects:  39% (100/255)\u001b[K\rremote: Counting objects:  40% (102/255)\u001b[K\rremote: Counting objects:  41% (105/255)\u001b[K\rremote: Counting objects:  42% (108/255)\u001b[K\rremote: Counting objects:  43% (110/255)\u001b[K\rremote: Counting objects:  44% (113/255)\u001b[K\rremote: Counting objects:  45% (115/255)\u001b[K\rremote: Counting objects:  46% (118/255)\u001b[K\rremote: Counting objects:  47% (120/255)\u001b[K\rremote: Counting objects:  48% (123/255)\u001b[K\rremote: Counting objects:  49% (125/255)\u001b[K\rremote: Counting objects:  50% (128/255)\u001b[K\rremote: Counting objects:  51% (131/255)\u001b[K\rremote: Counting objects:  52% (133/255)\u001b[K\rremote: Counting objects:  53% (136/255)\u001b[K\rremote: Counting objects:  54% (138/255)\u001b[K\rremote: Counting objects:  55% (141/255)\u001b[K\rremote: Counting objects:  56% (143/255)\u001b[K\rremote: Counting objects:  57% (146/255)\u001b[K\rremote: Counting objects:  58% (148/255)\u001b[K\rremote: Counting objects:  59% (151/255)\u001b[K\rremote: Counting objects:  60% (153/255)\u001b[K\rremote: Counting objects:  61% (156/255)\u001b[K\rremote: Counting objects:  62% (159/255)\u001b[K\rremote: Counting objects:  63% (161/255)\u001b[K\rremote: Counting objects:  64% (164/255)\u001b[K\rremote: Counting objects:  65% (166/255)\u001b[K\rremote: Counting objects:  66% (169/255)\u001b[K\rremote: Counting objects:  67% (171/255)\u001b[K\rremote: Counting objects:  68% (174/255)\u001b[K\rremote: Counting objects:  69% (176/255)\u001b[K\rremote: Counting objects:  70% (179/255)\u001b[K\rremote: Counting objects:  71% (182/255)\u001b[K\rremote: Counting objects:  72% (184/255)\u001b[K\rremote: Counting objects:  73% (187/255)\u001b[K\rremote: Counting objects:  74% (189/255)\u001b[K\rremote: Counting objects:  75% (192/255)\u001b[K\rremote: Counting objects:  76% (194/255)\u001b[K\rremote: Counting objects:  77% (197/255)\u001b[K\rremote: Counting objects:  78% (199/255)\u001b[K\rremote: Counting objects:  79% (202/255)\u001b[K\rremote: Counting objects:  80% (204/255)\u001b[K\rremote: Counting objects:  81% (207/255)\u001b[K\rremote: Counting objects:  82% (210/255)\u001b[K\rremote: Counting objects:  83% (212/255)\u001b[K\rremote: Counting objects:  84% (215/255)\u001b[K\rremote: Counting objects:  85% (217/255)\u001b[K\rremote: Counting objects:  86% (220/255)\u001b[K\rremote: Counting objects:  87% (222/255)\u001b[K\rremote: Counting objects:  88% (225/255)\u001b[K\rremote: Counting objects:  89% (227/255)\u001b[K\rremote: Counting objects:  90% (230/255)\u001b[K\rremote: Counting objects:  91% (233/255)\u001b[K\rremote: Counting objects:  92% (235/255)\u001b[K\rremote: Counting objects:  93% (238/255)\u001b[K\rremote: Counting objects:  94% (240/255)\u001b[K\rremote: Counting objects:  95% (243/255)\u001b[K\rremote: Counting objects:  96% (245/255)\u001b[K\rremote: Counting objects:  97% (248/255)\u001b[K\rremote: Counting objects:  98% (250/255)\u001b[K\rremote: Counting objects:  99% (253/255)\u001b[K\rremote: Counting objects: 100% (255/255)\u001b[K\rremote: Counting objects: 100% (255/255), done.\u001b[K\r\n"}
,{"stream_name":"stdout","time":11.478719737,"data":"remote: Compressing objects:   0% (1/180)\u001b[K\rremote: Compressing objects:   1% (2/180)\u001b[K\rremote: Compressing objects:   2% (4/180)\u001b[K\rremote: Compressing objects:   3% (6/180)\u001b[K\rremote: Compressing objects:   4% (8/180)\u001b[K\rremote: Compressing objects:   5% (9/180)\u001b[K\rremote: Compressing objects:   6% (11/180)\u001b[K\rremote: Compressing objects:   7% (13/180)\u001b[K\rremote: Compressing objects:   8% (15/180)\u001b[K\rremote: Compressing objects:   9% (17/180)\u001b[K\rremote: Compressing objects:  10% (18/180)\u001b[K\rremote: Compressing objects:  11% (20/180)\u001b[K\rremote: Compressing objects:  12% (22/180)\u001b[K\rremote: Compressing objects:  13% (24/180)\u001b[K\rremote: Compressing objects:  14% (26/180)\u001b[K\rremote: Compressing objects:  15% (27/180)\u001b[K\rremote: Compressing objects:  16% (29/180)\u001b[K\rremote: Compressing objects:  17% (31/180)\u001b[K\rremote: Compressing objects:  18% (33/180)\u001b[K\rremote: Compressing objects:  19% (35/180)\u001b[K\rremote: Compressing objects:  20% (36/180)\u001b[K\rremote: Compressing objects:  21% (38/180)\u001b[K\rremote: Compressing objects:  22% (40/180)\u001b[K\rremote: Compressing objects:  23% (42/180)\u001b[K\rremote: Compressing objects:  24% (44/180)\u001b[K\rremote: Compressing objects:  25% (45/180)\u001b[K\rremote: Compressing objects:  26% (47/180)\u001b[K\rremote: Compressing objects:  27% (49/180)\u001b[K\rremote: Compressing objects:  28% (51/180)\u001b[K\rremote: Compressing objects:  29% (53/180)\u001b[K\rremote: Compressing objects:  30% (54/180)\u001b[K\rremote: Compressing objects:  31% (56/180)\u001b[K\rremote: Compressing objects:  32% (58/180)\u001b[K\rremote: Compressing objects:  33% (60/180)\u001b[K\rremote: Compressing objects:  34% (62/180)\u001b[K\rremote: Compressing objects:  35% (63/180)\u001b[K\rremote: Compressing objects:  36% (65/180)\u001b[K\rremote: Compressing objects:  37% (67/180)\u001b[K\rremote: Compressing objects:  38% (69/180)\u001b[K\rremote: Compressing objects:  39% (71/180)\u001b[K\rremote: Compressing objects:  40% (72/180)\u001b[K\rremote: Compressing objects:  41% (74/180)\u001b[K\rremote: Compressing objects:  42% (76/180)\u001b[K\rremote: Compressing objects:  43% (78/180)\u001b[K\rremote: Compressing objects:  44% (80/180)\u001b[K\rremote: Compressing objects:  45% (81/180)\u001b[K\rremote: Compressing objects:  46% (83/180)\u001b[K\rremote: Compressing objects:  47% (85/180)\u001b[K\rremote: Compressing objects:  48% (87/180)\u001b[K\rremote: Compressing objects:  49% (89/180)\u001b[K\rremote: Compressing objects:  50% (90/180)\u001b[K\rremote: Compressing objects:  51% (92/180)\u001b[K\rremote: Compressing objects:  52% (94/180)\u001b[K\rremote: Compressing objects:  53% (96/180)\u001b[K\rremote: Compressing objects:  54% (98/180)\u001b[K\rremote: Compressing objects:  55% (99/180)\u001b[K\rremote: Compressing objects:  56% (101/180)\u001b[K\rremote: Compressing objects:  57% (103/180)\u001b[K\rremote: Compressing objects:  58% (105/180)\u001b[K\rremote: Compressing objects:  59% (107/180)\u001b[K\rremote: Compressing objects:  60% (108/180)\u001b[K\rremote: Compressing objects:  61% (110/180)\u001b[K\rremote: Compressing objects:  62% (112/180)\u001b[K\rremote: Compressing objects:  63% (114/180)\u001b[K\rremote: Compressing objects:  64% (116/180)\u001b[K\rremote: Compressing objects:  65% (117/180)\u001b[K\rremote: Compressing objects:  66% (119/180)\u001b[K\rremote: Compressing objects:  67% (121/180)\u001b[K\rremote: Compressing objects:  68% (123/180)\u001b[K\rremote: Compressing objects:  69% (125/180)\u001b[K\rremote: Compressing objects:  70% (126/180)\u001b[K\rremote: Compressing objects:  71% (128/180)\u001b[K\rremote: Compressing objects:  72% (130/180)\u001b[K\rremote: Compressing objects:  73% (132/180)\u001b[K\rremote: Compressing objects:  74% (134/180)\u001b[K\rremote: Compressing objects:  75% (135/180)\u001b[K\rremote: Compressing objects:  76% (137/180)\u001b[K\rremote: Compressing objects:  77% (139/180)\u001b[K\rremote: Compressing objects:  78% (141/180)\u001b[K\rremote: Compressing objects:  79% (143/180)\u001b[K\rremote: Compressing objects:  80% (144/180)\u001b[K\rremote: Compressing objects:  81% (146/180)\u001b[K\rremote: Compressing objects:  82% (148/180)\u001b[K\rremote: Compressing objects:  83% (150/180)\u001b[K\rremote: Compressing objects:  84% (152/180)\u001b[K\rremote: Compressing objects:  85% (153/180)\u001b[K\rremote: Compressing objects:  86% (155/180)\u001b[K\rremote: Compressing objects:  87% (157/180)\u001b[K\rremote: Compressing objects:  88% (159/180)\u001b[K\rremote: Compressing objects:  89% (161/180)\u001b[K\rremote: Compressing objects:  90% (162/180)\u001b[K\rremote: Compressing objects:  91% (164/180)\u001b[K\rremote: Compressing objects:  92% (166/180)\u001b[K\rremote: Compressing objects:  93% (168/180)\u001b[K\rremote: Compressing objects:  94% (170/180)\u001b[K\rremote: Compressing objects:  95% (171/180)\u001b[K\rremote: Compressing objects:  96% (173/180)\u001b[K\rremote: Compressing objects:  97% (175/180)\u001b[K\rremote: Compressing objects:  98% (177/180)\u001b[K\rremote: Compressing objects:  99% (179/180)\u001b[K\rremote: Compressing objects: 100% (180/180)\u001b[K\rremote: Compressing objects: 100% (180/180), done.\u001b[K\r\n"}
,{"stream_name":"stdout","time":11.630459071,"data":"Receiving objects:   0% (1/255)\rReceiving objects:   1% (3/255)\rReceiving objects:   2% (6/255)\rReceiving objects:   3% (8/255)\rReceiving objects:   4% (11/255)\rReceiving objects:   5% (13/255)\rReceiving objects:   6% (16/255)\rReceiving objects:   7% (18/255)\rReceiving objects:   8% (21/255)\rReceiving objects:   9% (23/255)\rReceiving objects:  10% (26/255)\rReceiving objects:  11% (29/255)\rReceiving objects:  12% (31/255)\rReceiving objects:  13% (34/255)\rReceiving objects:  14% (36/255)\rReceiving objects:  15% (39/255)\rReceiving objects:  16% (41/255)\rReceiving objects:  17% (44/255)\rReceiving objects:  18% (46/255)\rReceiving objects:  19% (49/255)\rReceiving objects:  20% (51/255)\rReceiving objects:  21% (54/255)\rReceiving objects:  22% (57/255)\rReceiving objects:  23% (59/255)\rReceiving objects:  24% (62/255)\rReceiving objects:  25% (64/255)\rReceiving objects:  26% (67/255)\rReceiving objects:  27% (69/255)\rReceiving objects:  28% (72/255)\rReceiving objects:  29% (74/255)\rReceiving objects:  30% (77/255)\rReceiving objects:  31% (80/255)\rReceiving objects:  32% (82/255)\rReceiving objects:  33% (85/255)\rReceiving objects:  34% (87/255)\rReceiving objects:  35% (90/255)\rReceiving objects:  36% (92/255)\rReceiving objects:  37% (95/255)\rReceiving objects:  38% (97/255)\rReceiving objects:  39% (100/255)\rReceiving objects:  40% (102/255)\rReceiving objects:  41% (105/255)\rReceiving objects:  42% (108/255)\rReceiving objects:  43% (110/255)\rReceiving objects:  44% (113/255)\rReceiving objects:  45% (115/255)\rReceiving objects:  46% (118/255)\rReceiving objects:  47% (120/255)\rReceiving objects:  48% (123/255)\rReceiving objects:  49% (125/255)\rReceiving objects:  50% (128/255)\rReceiving objects:  51% (131/255)\rReceiving objects:  52% (133/255)\rReceiving objects:  53% (136/255)\rReceiving objects:  54% (138/255)\rReceiving objects:  55% (141/255)\rReceiving objects:  56% (143/255)\rReceiving objects:  57% (146/255)\rReceiving objects:  58% (148/255)\rReceiving objects:  59% (151/255)\rReceiving objects:  60% (153/255)\rReceiving objects:  61% (156/255)\rReceiving objects:  62% (159/255)\rReceiving objects:  63% (161/255)\rReceiving objects:  64% (164/255)\rReceiving objects:  65% (166/255)\rReceiving objects:  66% (169/255)\rReceiving objects:  67% (171/255)\rReceiving objects:  68% (174/255)\rReceiving objects:  69% (176/255)\rReceiving objects:  70% (179/255)\rReceiving objects:  71% (182/255)\rReceiving objects:  72% (184/255)\rReceiving objects:  73% (187/255)\rReceiving objects:  74% (189/255)\rReceiving objects:  75% (192/255)\rReceiving objects:  76% (194/255)\rReceiving objects:  77% (197/255)\rReceiving objects:  78% (199/255)\rReceiving objects:  79% (202/255)\rReceiving objects:  80% (204/255)\rReceiving objects:  81% (207/255)\rReceiving objects:  82% (210/255)\rReceiving objects:  83% (212/255)\rReceiving objects:  84% (215/255)\rReceiving objects:  85% (217/255)\rReceiving objects:  86% (220/255)\rReceiving objects:  87% (222/255)\rReceiving objects:  88% (225/255)\rReceiving objects:  89% (227/255)\rReceiving objects:  90% (230/255)\rremote: Total 255 (delta 124), reused 203 (delta 72), pack-reused 0 (from 0)\u001b[K\r\n"}
,{"stream_name":"stdout","time":11.630501651,"data":"Receiving objects:  91% (233/255)\rReceiving objects:  92% (235/255)\rReceiving objects:  93% (238/255)\rReceiving objects:  94% (240/255)\rReceiving objects:  95% (243/255)\rReceiving objects:  96% (245/255)\rReceiving objects:  97% (248/255)\rReceiving objects:  98% (250/255)\rReceiving objects:  99% (253/255)\rReceiving objects: 100% (255/255)\rReceiving objects: 100% (255/255), 3.13 MiB | 16.51 MiB/s, done.\r\n"}
,{"stream_name":"stdout","time":11.680952032,"data":"Resolving deltas:   0% (0/124)\rResolving deltas:   1% (2/124)\rResolving deltas:   2% (3/124)\rResolving deltas:   3% (4/124)\rResolving deltas:   4% (5/124)\rResolving deltas:   5% (7/124)\rResolving deltas:   6% (8/124)\rResolving deltas:   8% (11/124)\rResolving deltas:  11% (14/124)\rResolving deltas:  12% (15/124)\rResolving deltas:  13% (17/124)\rResolving deltas:  14% (18/124)\rResolving deltas:  15% (19/124)\rResolving deltas:  16% (20/124)\rResolving deltas:  17% (22/124)\rResolving deltas:  18% (23/124)\rResolving deltas:  19% (24/124)\rResolving deltas:  20% (25/124)\rResolving deltas:  23% (29/124)\rResolving deltas:  25% (31/124)\rResolving deltas:  27% (34/124)\rResolving deltas:  28% (35/124)\rResolving deltas:  29% (36/124)\rResolving deltas:  32% (40/124)\rResolving deltas:  33% (42/124)\rResolving deltas:  34% (43/124)\rResolving deltas:  35% (44/124)\rResolving deltas:  37% (47/124)\rResolving deltas:  38% (48/124)\rResolving deltas:  39% (49/124)\rResolving deltas:  41% (51/124)\rResolving deltas:  42% (53/124)\rResolving deltas:  44% (55/124)\rResolving deltas:  45% (56/124)\rResolving deltas:  46% (58/124)\rResolving deltas:  48% (60/124)\rResolving deltas:  49% (61/124)\rResolving deltas:  50% (63/124)\rResolving deltas:  51% (64/124)\rResolving deltas:  52% (65/124)\rResolving deltas:  54% (67/124)\rResolving deltas:  58% (72/124)\rResolving deltas:  61% (76/124)\rResolving deltas:  62% (77/124)\rResolving deltas:  63% (79/124)\rResolving deltas:  64% (80/124)\rResolving deltas:  66% (82/124)\rResolving deltas:  70% (87/124)\rResolving deltas:  71% (89/124)\rResolving deltas:  73% (91/124)\rResolving deltas:  74% (92/124)\rResolving deltas:  75% (93/124)\rResolving deltas:  76% (95/124)\rResolving deltas:  77% (96/124)\rResolving deltas:  79% (98/124)\rResolving deltas:  82% (102/124)\rResolving deltas:  83% (103/124)\rResolving deltas:  84% (105/124)\rResolving deltas:  85% (106/124)\rResolving deltas:  87% (108/124)\rResolving deltas:  88% (110/124)\rResolving deltas:  89% (111/124)\rResolving deltas:  91% (113/124)\rResolving deltas:  92% (115/124)\rResolving deltas:  93% (116/124)\rResolving deltas:  94% (117/124)\rResolving deltas:  95% (118/124)\rResolving deltas:  96% (120/124)\rResolving deltas:  97% (121/124)\rResolving deltas:  98% (122/124)\rResolving deltas:  99% (123/124)\rResolving deltas: 100% (124/124)\rResolving deltas: 100% (124/124), done.\r\n"}
,{"stream_name":"stdout","time":12.185234376,"data":"/kaggle/working/oneiro\n"}
,{"stream_name":"stdout","time":25.755572612,"data":"\u001b[33mWARNING: Running pip as the 'root' user can result in broken permissions and conflicting behaviour with the system package manager, possibly rendering your system unusable. It is recommended to use a virtual environment instead: https://pip.pypa.io/warnings/venv. Use the --root-user-action option if you know what you are doing and want to suppress this warning.\u001b[0m\u001b[33m\r\n"}
,{"stream_name":"stdout","time":25.856139465,"data":"\u001b[0m\r\n"}
,{"stream_name":"stdout","time":25.856158265,"data":"\u001b[1m[\u001b[0m\u001b[34;49mnotice\u001b[0m\u001b[1;39;49m]\u001b[0m\u001b[39;49m A new release of pip is available: \u001b[0m\u001b[31;49m25.0.1\u001b[0m\u001b[39;49m -\u003e \u001b[0m\u001b[32;49m26.1.2\u001b[0m\r\n"}
,{"stream_name":"stdout","time":25.856166735,"data":"\u001b[1m[\u001b[0m\u001b[34;49mnotice\u001b[0m\u001b[1;39;49m]\u001b[0m\u001b[39;49m To update, run: \u001b[0m\u001b[32;49mpip install --upgrade pip\u001b[0m\r\n"}
,{"stream_name":"stdout","time":37.513466256,"data":"\u001b[33mWARNING: Running pip as the 'root' user can result in broken permissions and conflicting behaviour with the system package manager, possibly rendering your system unusable. It is recommended to use a virtual environment instead: https://pip.pypa.io/warnings/venv. Use the --root-user-action option if you know what you are doing and want to suppress this warning.\u001b[0m\u001b[33m\r\n"}
,{"stream_name":"stdout","time":37.563796958,"data":"\u001b[0m\r\n"}
,{"stream_name":"stdout","time":37.563817348,"data":"\u001b[1m[\u001b[0m\u001b[34;49mnotice\u001b[0m\u001b[1;39;49m]\u001b[0m\u001b[39;49m A new release of pip is available: \u001b[0m\u001b[31;49m25.0.1\u001b[0m\u001b[39;49m -\u003e \u001b[0m\u001b[32;49m26.1.2\u001b[0m\r\n"}
,{"stream_name":"stdout","time":37.563822388,"data":"\u001b[1m[\u001b[0m\u001b[34;49mnotice\u001b[0m\u001b[1;39;49m]\u001b[0m\u001b[39;49m To update, run: \u001b[0m\u001b[32;49mpip install --upgrade pip\u001b[0m\r\n"}
,{"stream_name":"stdout","time":40.957862671,"data":"/usr/local/lib/python3.12/site-packages/jax/_src/cloud_tpu_init.py:88: UserWarning: Transparent hugepages are not enabled. TPU runtime startup and shutdown time should be significantly improved on TPU v5e and newer. If not already set, you may need to enable transparent hugepages in your VM image (sudo sh -c \"echo always \u003e /sys/kernel/mm/transparent_hugepage/enabled\")\r\n"}
,{"stream_name":"stdout","time":40.957903082,"data":"  warnings.warn(\r\n"}
,{"stream_name":"stdout","time":48.981726723,"data":"Gym has been unmaintained since 2022 and does not support NumPy 2.0 amongst other critical functionality.\r\n"}
,{"stream_name":"stdout","time":48.981766083,"data":"Please upgrade to Gymnasium, the maintained drop-in replacement of Gym, or contact the authors of your software and request that they upgrade.\r\n"}
,{"stream_name":"stdout","time":48.981807063,"data":"Users of this version of Gym should be able to simply replace 'import gym' with 'import gymnasium as gym' in the vast majority of cases.\r\n"}
,{"stream_name":"stdout","time":48.981811043,"data":"See the migration guide at https://gymnasium.farama.org/introduction/migration_guide/ for additional information.\r\n"}
,{"stream_name":"stdout","time":51.535373934,"data":"WARNING: Logging before InitGoogle() is written to STDERR\r\n"}
,{"stream_name":"stdout","time":51.535414474,"data":"E0000 00:00:1782128399.215864     130 common_lib.cc:646] Could not set metric server port: INVALID_ARGUMENT: Could not find SliceBuilder port 8471 in any of the 0 ports provided in `tpu_process_addresses`=\"local\"\r\n"}
,{"stream_name":"stdout","time":51.535422163,"data":"=== Source Location Trace: === \r\n"}
,{"stream_name":"stdout","time":51.535427554,"data":"learning/45eac/tfrc/runtime/common_lib.cc:228\r\n"}
,{"stream_name":"stdout","time":60.726261307,"data":"JAX backend : tpu\r\n"}
,{"stream_name":"stdout","time":60.726303827,"data":"Device      : [TpuDevice(id=0, process_index=0, coords=(0,0,0), core_on_chip=0), TpuDevice(id=1, process_index=0, coords=(1,0,0), core_on_chip=0), TpuDevice(id=2, process_index=0, coords=(0,1,0), core_on_chip=0), TpuDevice(id=3, process_index=0, coords=(1,1,0), core_on_chip=0), TpuDevice(id=4, process_index=0, coords=(0,2,0), core_on_chip=0), TpuDevice(id=5, process_index=0, coords=(1,2,0), core_on_chip=0), TpuDevice(id=6, process_index=0, coords=(0,3,0), core_on_chip=0), TpuDevice(id=7, process_index=0, coords=(1,3,0), core_on_chip=0)]\r\n"}
,{"stream_name":"stdout","time":60.726310907,"data":"Sharding    : DATA-PARALLEL sur 8 devices (mesh OrderedDict({'data': 8}), axis 'data', batch dim0 shardé, state répliqué)\r\n"}
,{"stream_name":"stdout","time":60.726316467,"data":"Run         : v31-tpu-75m\r\n"}
,{"stream_name":"stdout","time":60.726320727,"data":"Config      : entropy=0.0003  train_iter=30000  n_envs=16  batch=16  seq_len=64\r\n"}
,{"stream_name":"stdout","time":60.726325767,"data":"Optim       : lr_wm=1.0e-04  lr_ac=1.0e-04  lr_alpha=1.0e-03  grad_clip=100.0  horizon=16\r\n"}
,{"stream_name":"stdout","time":60.726330067,"data":"Replay      : collect/iter=32  wm_train/iter=4  ac_train/iter=4  → train_ratio≈128\r\n"}
,{"stream_name":"stdout","time":60.726334677,"data":"Flags       : adaptive_alpha=False  auto_explore=False  use_rnd=False\r\n"}
,{"stream_name":"stdout","time":60.726338897,"data":"\r\n"}
,{"stream_name":"stdout","time":65.519211832,"data":"Buffer      : CPU (1,000,000 cap, 12300 MB)\r\n"}
,{"stream_name":"stdout","time":76.923000927,"data":"Adaptive α : OFF (entropy_coef fixe = 0.0003)\r\n"}
,{"stream_name":"stdout","time":76.923036087,"data":"RND        : OFF\r\n"}
,{"stream_name":"stdout","time":76.923040777,"data":"Auto-explore : OFF\r\n"}
,{"stream_name":"stdout","time":76.923044057,"data":"\r\n"}
,{"stream_name":"stdout","time":76.923047197,"data":"============================================================\r\n"}
,{"stream_name":"stdout","time":76.923050837,"data":"Architecture\r\n"}
,{"stream_name":"stdout","time":76.923053897,"data":"============================================================\r\n"}
,{"stream_name":"stdout","time":76.923057017,"data":"  WM modules (CNNEnc+RSSM+CNNDec+heads) : 54,152,131 params\r\n"}
,{"stream_name":"stdout","time":76.923060117,"data":"  Actor + Critic                        : 21,358,352 params\r\n"}
,{"stream_name":"stdout","time":76.923070637,"data":"  TOTAL                                 : 75,510,483 params (~75.51M)\r\n"}
,{"stream_name":"stdout","time":76.923072957,"data":"\r\n"}
,{"stream_name":"stdout","time":77.83009385,"data":"Output dirs : runs=/kaggle/working/runs  checkpoints=/kaggle/working/checkpoints\r\n"}
,{"stream_name":"stdout","time":77.83013402,"data":"\r\n"}
,{"stream_name":"stdout","time":77.83013907,"data":"============================================================\r\n"}
,{"stream_name":"stdout","time":77.83014296,"data":"Phase 0 : Warmup random (5000 steps, 16 envs)\r\n"}
,{"stream_name":"stdout","time":77.83014694,"data":"============================================================\r\n"}
,{"stream_name":"stdout","time":86.961555205,"data":"Buffer : 4992 transitions en 9.1s\r\n"}
,{"stream_name":"stdout","time":86.961596205,"data":"         Mémoire buffer : 12300.0 MB\r\n"}
,{"stream_name":"stdout","time":86.961603935,"data":"\r\n"}
,{"stream_name":"stdout","time":86.961609375,"data":"============================================================\r\n"}
,{"stream_name":"stdout","time":86.961614515,"data":"Phase 1 : Training Dreamer JAX (30000 itérations)\r\n"}
,{"stream_name":"stdout","time":86.961619875,"data":"============================================================\r\n"}
,{"stream_name":"stdout","time":87.214932201,"data":"[Phase 13] Safeguards : warmup=5000  adaptive_rnd=True  health_auto_stop=False  h_target_schedule=True [1.13→1.13 over 10000]\r\n"}
,{"stream_name":"stdout","time":153.425215122,"data":"  iter    50/30000 [ 0.2%] | WM wm=315.04 rec=312.16 kl=2.68 rew=0.184 con=0.027 | AC act=0.054 crit=1.058 pg=0.055 H=2.51 | img ret=0.16 val=0.14 scale=1.00 p5=0.08 p95=0.15 | r/step=0.0076 | 0.8 ips ETA 10h59\r\n"}
,{"stream_name":"stdout","time":190.664970109,"data":"  iter   100/30000 [ 0.3%] | WM wm=127.07 rec=123.46 kl=3.39 rew=0.191 con=0.022 | AC act=0.007 crit=0.988 pg=0.008 H=2.58 | img ret=0.21 val=0.21 scale=1.00 p5=0.17 p95=0.23 | r/step=-0.0002 | 1.0 ips ETA 8h35\r\n"}
,{"stream_name":"stdout","time":227.030061624,"data":"  iter   150/30000 [ 0.5%] | WM wm=83.02 rec=79.62 kl=3.21 rew=0.173 con=0.026 | AC act=0.007 crit=1.716 pg=0.007 H=0.12 | img ret=0.27 val=0.25 scale=1.00 p5=0.06 p95=0.35 | r/step=0.0001 | 1.1 ips ETA 7h43\r\n"}
,{"stream_name":"stdout","time":227.030087984,"data":"  [health] WARN H_collapse: H=0.12\r\n"}
,{"stream_name":"stdout","time":263.441670925,"data":"  iter   200/30000 [ 0.7%] | WM wm=95.90 rec=91.88 kl=3.88 rew=0.120 con=0.021 | AC act=-0.002 crit=1.420 pg=-0.002 H=0.08 | img ret=0.14 val=0.17 scale=1.00 p5=-0.12 p95=0.45 | r/step=-0.0047 | 1.1 ips ETA 7h17\r\n"}
,{"stream_name":"stdout","time":263.441700545,"data":"  [health] WARN H_collapse: H=0.08\r\n"}
,{"stream_name":"stdout","time":299.099895467,"data":"  iter   250/30000 [ 0.8%] | WM wm=73.34 rec=70.10 kl=3.11 rew=0.124 con=0.012 | AC act=-0.004 crit=1.713 pg=-0.004 H=0.08 | img ret=0.15 val=0.19 scale=1.00 p5=-0.25 p95=0.48 | r/step=-0.0034 | 1.2 ips ETA 7h00\r\n"}
,{"stream_name":"stdout","time":299.099941887,"data":"  [health] WARN H_collapse: H=0.08\r\n"}
,{"stream_name":"stdout","time":336.020386904,"data":"  iter   300/30000 [ 1.0%] | WM wm=67.20 rec=63.41 kl=3.63 rew=0.140 con=0.017 | AC act=-0.001 crit=1.751 pg=-0.001 H=0.08 | img ret=0.05 val=0.07 scale=1.00 p5=-0.34 p95=0.52 | r/step=-0.0047 | 1.2 ips ETA 6h50\r\n"}
,{"stream_name":"stdout","time":336.020416624,"data":"  [health] WARN H_collapse: H=0.08\r\n"}
,{"stream_name":"stdout","time":373.058435773,"data":"  iter   350/30000 [ 1.2%] | WM wm=72.16 rec=68.67 kl=3.29 rew=0.165 con=0.030 | AC act=-0.002 crit=1.615 pg=-0.002 H=0.08 | img ret=-0.01 val=0.02 scale=1.00 p5=-0.43 p95=0.52 | r/step=-0.0063 | 1.2 ips ETA 6h43\r\n"}
,{"stream_name":"stdout","time":373.058481023,"data":"  [health] WARN H_collapse: H=0.08\r\n"}
,{"stream_name":"stdout","time":373.058485513,"data":"  [health] WARN FATAL: H_collapse persistent (consec=5)\r\n"}
,{"stream_name":"stdout","time":409.077447506,"data":"  iter   400/30000 [ 1.3%] | WM wm=63.38 rec=60.40 kl=2.77 rew=0.173 con=0.031 | AC act=-0.002 crit=1.482 pg=-0.002 H=0.08 | img ret=-0.19 val=-0.15 scale=1.00 p5=-0.51 p95=0.49 | r/step=-0.0053 | 1.2 ips ETA 6h36\r\n"}
,{"stream_name":"stdout","time":409.077483506,"data":"  [health] WARN H_collapse: H=0.08\r\n"}
,{"stream_name":"stdout","time":409.077489866,"data":"  [health] WARN FATAL: H_collapse persistent (consec=6)\r\n"}
,{"stream_name":"stdout","time":445.555926152,"data":"  iter   450/30000 [ 1.5%] | WM wm=63.69 rec=60.05 kl=3.47 rew=0.145 con=0.023 | AC act=-0.001 crit=1.525 pg=-0.001 H=0.08 | img ret=-0.33 val=-0.31 scale=1.00 p5=-0.56 p95=0.36 | r/step=-0.0056 | 1.3 ips ETA 6h32\r\n"}
,{"stream_name":"stdout","time":445.555955972,"data":"  [health] WARN H_collapse: H=0.08\r\n"}
,{"stream_name":"stdout","time":445.555960692,"data":"  [health] WARN FATAL: H_collapse persistent (consec=7)\r\n"}
,{"stream_name":"stdout","time":482.493574617,"data":"  iter   500/30000 [ 1.7%] | WM wm=40.74 rec=37.40 kl=3.18 rew=0.130 con=0.025 | AC act=0.000 crit=1.545 pg=0.000 H=0.08 | img ret=-0.11 val=-0.12 scale=1.09 p5=-0.62 p95=0.47 | r/step=-0.0062 | 1.3 ips ETA 6h28\r\n"}
,{"stream_name":"stdout","time":482.493620317,"data":"  [health] WARN H_collapse: H=0.08\r\n"}
,{"stream_name":"stdout","time":482.493627847,"data":"  [health] WARN FATAL: H_collapse persistent (consec=8)\r\n"}
,{"stream_name":"stdout","time":518.852273732,"data":"  iter   550/30000 [ 1.8%] | WM wm=49.56 rec=45.70 kl=3.71 rew=0.130 con=0.019 | AC act=-0.002 crit=1.298 pg=-0.002 H=0.08 | img ret=-0.34 val=-0.31 scale=1.02 p5=-0.66 p95=0.36 | r/step=-0.0045 | 1.3 ips ETA 6h25\r\n"}
,{"stream_name":"stdout","time":518.852308521,"data":"  [health] WARN H_collapse: H=0.08\r\n"}
,{"stream_name":"stdout","time":518.852314401,"data":"  [health] WARN FATAL: H_collapse persistent (consec=9)\r\n"}
,{"stream_name":"stdout","time":555.700573712,"data":"  iter   600/30000 [ 2.0%] | WM wm=50.59 rec=47.56 kl=2.85 rew=0.142 con=0.029 | AC act=-0.002 crit=1.524 pg=-0.002 H=0.08 | img ret=-0.29 val=-0.26 scale=1.00 p5=-0.66 p95=0.28 | r/step=-0.0073 | 1.3 ips ETA 6h22\r\n"}
,{"stream_name":"stdout","time":555.700610012,"data":"  [health] WARN H_collapse: H=0.08\r\n"}
,{"stream_name":"stdout","time":555.700616272,"data":"  [health] WARN FATAL: H_collapse persistent (consec=10)\r\n"}
,{"stream_name":"stdout","time":591.924874064,"data":"  iter   650/30000 [ 2.2%] | WM wm=50.18 rec=46.74 kl=3.31 rew=0.117 con=0.024 | AC act=-0.001 crit=1.328 pg=-0.001 H=0.08 | img ret=-0.43 val=-0.43 scale=1.00 p5=-0.69 p95=0.15 | r/step=-0.0051 | 1.3 ips ETA 6h19\r\n"}
,{"stream_name":"stdout","time":591.924909194,"data":"  [health] WARN H_collapse: H=0.08\r\n"}
,{"stream_name":"stdout","time":591.924913734,"data":"  [health] WARN FATAL: H_collapse persistent (consec=11)\r\n"}
,{"stream_name":"stdout","time":628.899510935,"data":"  iter   700/30000 [ 2.3%] | WM wm=40.32 rec=36.40 kl=3.76 rew=0.133 con=0.023 | AC act=-0.002 crit=1.374 pg=-0.002 H=0.08 | img ret=-0.43 val=-0.42 scale=1.00 p5=-0.71 p95=0.09 | r/step=-0.0060 | 1.3 ips ETA 6h17\r\n"}
,{"stream_name":"stdout","time":628.899559185,"data":"  [health] WARN H_collapse: H=0.08\r\n"}
,{"stream_name":"stdout","time":628.899565195,"data":"  [health] WARN FATAL: H_collapse persistent (consec=12)\r\n"}
,{"stream_name":"stdout","time":665.846627418,"data":"  iter   750/30000 [ 2.5%] | WM wm=53.56 rec=49.61 kl=3.77 rew=0.159 con=0.021 | AC act=-0.002 crit=1.211 pg=-0.002 H=0.08 | img ret=-0.55 val=-0.53 scale=1.00 p5=-0.74 p95=0.05 | r/step=-0.0068 | 1.3 ips ETA 6h16\r\n"}
,{"stream_name":"stdout","time":665.846677808,"data":"  [health] WARN H_collapse: H=0.08\r\n"}
,{"stream_name":"stdout","time":665.846682688,"data":"  [health] WARN FATAL: H_collapse persistent (consec=13)\r\n"}
,{"stream_name":"stdout","time":702.076884696,"data":"  iter   800/30000 [ 2.7%] | WM wm=42.60 rec=39.18 kl=3.34 rew=0.065 con=0.011 | AC act=0.000 crit=1.236 pg=0.000 H=0.08 | img ret=-0.48 val=-0.47 scale=1.00 p5=-0.78 p95=-0.03 | r/step=-0.0068 | 1.3 ips ETA 6h14\r\n"}
,{"stream_name":"stdout","time":702.076918326,"data":"  [health] WARN H_collapse: H=0.08\r\n"}
,{"stream_name":"stdout","time":702.076924116,"data":"  [health] WARN FATAL: H_collapse persistent (consec=14)\r\n"}
,{"stream_name":"stdout","time":738.499739858,"data":"  iter   850/30000 [ 2.8%] | WM wm=54.16 rec=49.53 kl=4.50 rew=0.117 con=0.012 | AC act=0.002 crit=1.288 pg=0.002 H=0.08 | img ret=-0.41 val=-0.42 scale=1.00 p5=-0.80 p95=-0.06 | r/step=-0.0040 | 1.3 ips ETA 6h12\r\n"}
,{"stream_name":"stdout","time":738.499805058,"data":"  [health] WARN H_collapse: H=0.08\r\n"}
,{"stream_name":"stdout","time":738.499811758,"data":"  [health] WARN FATAL: H_collapse persistent (consec=15)\r\n"}
,{"stream_name":"stdout","time":775.185230272,"data":"  iter   900/30000 [ 3.0%] | WM wm=41.91 rec=38.03 kl=3.72 rew=0.134 con=0.015 | AC act=-0.001 crit=1.167 pg=-0.001 H=0.08 | img ret=-0.58 val=-0.57 scale=1.00 p5=-0.80 p95=-0.09 | r/step=-0.0061 | 1.3 ips ETA 6h10\r\n"}
,{"stream_name":"stdout","time":775.185265662,"data":"  [health] WARN H_collapse: H=0.08\r\n"}
,{"stream_name":"stdout","time":775.185271822,"data":"  [health] WARN FATAL: H_collapse persistent (consec=16)\r\n"}
,{"stream_name":"stdout","time":812.022860917,"data":"  iter   950/30000 [ 3.2%] | WM wm=38.39 rec=34.28 kl=3.90 rew=0.166 con=0.034 | AC act=-0.002 crit=1.315 pg=-0.002 H=0.08 | img ret=-0.50 val=-0.49 scale=1.00 p5=-0.82 p95=-0.12 | r/step=-0.0042 | 1.3 ips ETA 6h09\r\n"}
,{"stream_name":"stdout","time":812.022908907,"data":"  [health] WARN H_collapse: H=0.08\r\n"}
,{"stream_name":"stdout","time":812.022913807,"data":"  [health] WARN FATAL: H_collapse persistent (consec=17)\r\n"}
,{"stream_name":"stdout","time":848.408433966,"data":"  iter  1000/30000 [ 3.3%] | WM wm=39.42 rec=35.66 kl=3.66 rew=0.098 con=0.011 | AC act=0.001 crit=1.156 pg=0.001 H=0.08 | img ret=-0.56 val=-0.56 scale=1.00 p5=-0.83 p95=-0.14 | r/step=-0.0023 | 1.3 ips ETA 6h07\r\n"}
,{"stream_name":"stdout","time":848.408459696,"data":"  [health] WARN H_collapse: H=0.08\r\n"}
,{"stream_name":"stdout","time":848.408464316,"data":"  [health] WARN FATAL: H_collapse persistent (consec=18)\r\n"}
,{"stream_name":"stdout","time":885.238017171,"data":"  iter  1050/30000 [ 3.5%] | WM wm=44.31 rec=41.13 kl=3.08 rew=0.093 con=0.015 | AC act=-0.001 crit=1.284 pg=-0.001 H=0.08 | img ret=-0.58 val=-0.58 scale=1.00 p5=-0.84 p95=-0.14 | r/step=-0.0033 | 1.3 ips ETA 6h06\r\n"}
,{"stream_name":"stdout","time":885.238058131,"data":"  [health] WARN H_collapse: H=0.08\r\n"}
,{"stream_name":"stdout","time":885.238064051,"data":"  [health] WARN FATAL: H_collapse persistent (consec=19)\r\n"}
,{"stream_name":"stdout","time":921.773512541,"data":"  iter  1100/30000 [ 3.7%] | WM wm=38.13 rec=34.66 kl=3.36 rew=0.099 con=0.015 | AC act=-0.001 crit=1.343 pg=-0.001 H=0.08 | img ret=-0.59 val=-0.58 scale=1.00 p5=-0.84 p95=-0.13 | r/step=-0.0031 | 1.3 ips ETA 6h05\r\n"}
,{"stream_name":"stdout","time":921.773549101,"data":"  [health] WARN H_collapse: H=0.08\r\n"}
,{"stream_name":"stdout","time":921.773555512,"data":"  [health] WARN FATAL: H_collapse persistent (consec=20)\r\n"}
,{"stream_name":"stdout","time":957.966282684,"data":"  iter  1150/30000 [ 3.8%] | WM wm=42.50 rec=38.32 kl=4.01 rew=0.142 con=0.020 | AC act=-0.000 crit=1.295 pg=-0.000 H=0.08 | img ret=-0.56 val=-0.55 scale=1.00 p5=-0.85 p95=-0.12 | r/step=-0.0026 | 1.3 ips ETA 6h04\r\n"}
,{"stream_name":"stdout","time":957.966326004,"data":"  [health] WARN H_collapse: H=0.08\r\n"}
,{"stream_name":"stdout","time":957.966331054,"data":"  [health] WARN FATAL: H_collapse persistent (consec=21)\r\n"}
,{"stream_name":"stdout","time":994.062489318,"data":"  iter  1200/30000 [ 4.0%] | WM wm=30.92 rec=27.34 kl=3.44 rew=0.126 con=0.015 | AC act=0.000 crit=1.419 pg=0.000 H=0.08 | img ret=-0.51 val=-0.52 scale=1.00 p5=-0.85 p95=-0.12 | r/step=-0.0033 | 1.3 ips ETA 6h02\r\n"}
,{"stream_name":"stdout","time":994.062541668,"data":"  [health] WARN H_collapse: H=0.08\r\n"}
,{"stream_name":"stdout","time":994.062547838,"data":"  [health] WARN FATAL: H_collapse persistent (consec=22)\r\n"}
,{"stream_name":"stdout","time":1030.847873658,"data":"  iter  1250/30000 [ 4.2%] | WM wm=41.21 rec=36.79 kl=4.29 rew=0.110 con=0.015 | AC act=0.002 crit=1.419 pg=0.002 H=0.08 | img ret=-0.41 val=-0.43 scale=1.00 p5=-0.82 p95=0.10 | r/step=-0.0038 | 1.3 ips ETA 6h01\r\n"}
,{"stream_name":"stdout","time":1030.847923188,"data":"  [health] WARN H_collapse: H=0.08\r\n"}
,{"stream_name":"stdout","time":1030.847929198,"data":"  [health] WARN FATAL: H_collapse persistent (consec=23)\r\n"}
,{"stream_name":"stdout","time":1067.068613858,"data":"  iter  1300/30000 [ 4.3%] | WM wm=35.55 rec=31.84 kl=3.62 rew=0.084 con=0.008 | AC act=-0.000 crit=1.554 pg=-0.000 H=0.08 | img ret=-0.51 val=-0.51 scale=1.00 p5=-0.83 p95=0.12 | r/step=-0.0068 | 1.3 ips ETA 6h00\r\n"}
,{"stream_name":"stdout","time":1067.068650378,"data":"  [health] WARN H_collapse: H=0.08\r\n"}
,{"stream_name":"stdout","time":1067.068656148,"data":"  [health] WARN FATAL: H_collapse persistent (consec=24)\r\n"}
,{"stream_name":"stdout","time":1103.120218999,"data":"  iter  1350/30000 [ 4.5%] | WM wm=34.78 rec=31.40 kl=3.28 rew=0.102 con=0.009 | AC act=-0.001 crit=1.362 pg=-0.001 H=0.08 | img ret=-0.45 val=-0.43 scale=1.04 p5=-0.88 p95=0.16 | r/step=-0.0037 | 1.3 ips ETA 5h59\r\n"}
,{"stream_name":"stdout","time":1103.120271229,"data":"  [health] WARN H_collapse: H=0.08\r\n"}
,{"stream_name":"stdout","time":1103.120277249,"data":"  [health] WARN FATAL: H_collapse persistent (consec=25)\r\n"}
,{"stream_name":"stdout","time":1139.583962906,"data":"  iter  1400/30000 [ 4.7%] | WM wm=28.78 rec=25.26 kl=3.39 rew=0.112 con=0.020 | AC act=0.000 crit=1.238 pg=0.000 H=0.08 | img ret=-0.52 val=-0.51 scale=1.07 p5=-0.89 p95=0.17 | r/step=-0.0049 | 1.3 ips ETA 5h58\r\n"}
,{"stream_name":"stdout","time":1139.584009686,"data":"  [health] WARN H_collapse: H=0.08\r\n"}
,{"stream_name":"stdout","time":1139.584015915,"data":"  [health] WARN FATAL: H_collapse persistent (consec=26)\r\n"}
,{"stream_name":"stdout","time":1176.130592356,"data":"  iter  1450/30000 [ 4.8%] | WM wm=30.49 rec=26.81 kl=3.49 rew=0.168 con=0.017 | AC act=-0.001 crit=2.237 pg=-0.001 H=0.08 | img ret=-0.08 val=-0.03 scale=1.67 p5=-1.04 p95=0.63 | r/step=0.0105 | 1.3 ips ETA 5h57\r\n"}
,{"stream_name":"stdout","time":1176.130637066,"data":"  [health] WARN H_collapse: H=0.08\r\n"}
,{"stream_name":"stdout","time":1176.130642426,"data":"  [health] WARN FATAL: H_collapse persistent (consec=27)\r\n"}
,{"stream_name":"stdout","time":1212.561545487,"data":"  iter  1500/30000 [ 5.0%] | WM wm=34.64 rec=30.63 kl=3.92 rew=0.087 con=0.008 | AC act=0.001 crit=1.790 pg=0.001 H=0.08 | img ret=-0.21 val=-0.25 scale=2.26 p5=-1.10 p95=1.16 | r/step=-0.0055 | 1.3 ips ETA 5h56\r\n"}
,{"stream_name":"stdout","time":1212.561580257,"data":"  [health] WARN H_collapse: H=0.08\r\n"}
,{"stream_name":"stdout","time":1212.561586017,"data":"  [health] WARN FATAL: H_collapse persistent (consec=28)\r\n"}
,{"stream_name":"stdout","time":1249.002484655,"data":"  iter  1550/30000 [ 5.2%] | WM wm=25.09 rec=21.32 kl=3.66 rew=0.094 con=0.014 | AC act=-0.003 crit=1.800 pg=-0.003 H=0.08 | img ret=-0.27 val=-0.23 scale=2.04 p5=-0.88 p95=1.15 | r/step=0.0072 | 1.3 ips ETA 5h55\r\n"}
,{"stream_name":"stdout","time":1249.002524986,"data":"  [health] WARN H_collapse: H=0.08\r\n"}
,{"stream_name":"stdout","time":1249.002529595,"data":"  [health] WARN FATAL: H_collapse persistent (consec=29)\r\n"}
,{"stream_name":"stdout","time":1285.798968026,"data":"  iter  1600/30000 [ 5.3%] | WM wm=25.63 rec=21.68 kl=3.84 rew=0.104 con=0.010 | AC act=-0.001 crit=1.717 pg=-0.001 H=0.08 | img ret=-0.20 val=-0.20 scale=2.03 p5=-0.91 p95=1.12 | r/step=-0.0027 | 1.3 ips ETA 5h54\r\n"}
,{"stream_name":"stdout","time":1285.799004936,"data":"  [health] WARN H_collapse: H=0.08\r\n"}
,{"stream_name":"stdout","time":1285.799010836,"data":"  [health] WARN FATAL: H_collapse persistent (consec=30)\r\n"}
,{"stream_name":"stdout","time":1321.970276361,"data":"  iter  1650/30000 [ 5.5%] | WM wm=29.42 rec=25.82 kl=3.48 rew=0.109 con=0.015 | AC act=-0.000 crit=1.508 pg=-0.000 H=0.08 | img ret=-0.05 val=-0.04 scale=1.86 p5=-0.87 p95=0.99 | r/step=0.0027 | 1.3 ips ETA 5h53\r\n"}
,{"stream_name":"stdout","time":1321.970316121,"data":"  [health] WARN H_collapse: H=0.08\r\n"}
,{"stream_name":"stdout","time":1321.970321491,"data":"  [health] WARN FATAL: H_collapse persistent (consec=31)\r\n"}
,{"stream_name":"stdout","time":1359.166373288,"data":"  iter  1700/30000 [ 5.7%] | WM wm=26.97 rec=23.65 kl=3.25 rew=0.071 con=0.005 | AC act=-0.002 crit=1.658 pg=-0.002 H=0.08 | img ret=-0.32 val=-0.27 scale=1.90 p5=-0.87 p95=1.02 | r/step=0.0018 | 1.3 ips ETA 5h52\r\n"}
,{"stream_name":"stdout","time":1359.166405308,"data":"  [health] WARN H_collapse: H=0.08\r\n"}
,{"stream_name":"stdout","time":1359.166410188,"data":"  [health] WARN FATAL: H_collapse persistent (consec=32)\r\n"}
,{"stream_name":"stdout","time":1395.276190916,"data":"  iter  1750/30000 [ 5.8%] | WM wm=24.36 rec=21.63 kl=2.68 rew=0.042 con=0.003 | AC act=-0.000 crit=1.560 pg=-0.000 H=0.08 | img ret=-0.41 val=-0.41 scale=1.77 p5=-0.84 p95=0.92 | r/step=0.0010 | 1.3 ips ETA 5h51\r\n"}
,{"stream_name":"stdout","time":1395.276228446,"data":"  [health] WARN H_collapse: H=0.08\r\n"}
,{"stream_name":"stdout","time":1395.276234716,"data":"  [health] WARN FATAL: H_collapse persistent (consec=33)\r\n"}
,{"stream_name":"stdout","time":1432.393627381,"data":"  iter  1800/30000 [ 6.0%] | WM wm=21.43 rec=18.38 kl=3.01 rew=0.035 con=0.007 | AC act=0.001 crit=1.517 pg=0.001 H=0.08 | img ret=-0.29 val=-0.30 scale=1.59 p5=-0.86 p95=0.73 | r/step=0.0025 | 1.3 ips ETA 5h51\r\n"}
,{"stream_name":"stdout","time":1432.393661301,"data":"  [health] WARN H_collapse: H=0.08\r\n"}
,{"stream_name":"stdout","time":1432.393667951,"data":"  [health] WARN FATAL: H_collapse persistent (consec=34)\r\n"}
,{"stream_name":"stdout","time":1468.865557547,"data":"  iter  1850/30000 [ 6.2%] | WM wm=25.72 rec=21.59 kl=4.05 rew=0.077 con=0.008 | AC act=0.001 crit=1.726 pg=0.001 H=0.08 | img ret=-0.30 val=-0.32 scale=1.52 p5=-0.86 p95=0.65 | r/step=0.0020 | 1.3 ips ETA 5h50\r\n"}
,{"stream_name":"stdout","time":1468.865594518,"data":"  [health] WARN H_collapse: H=0.08\r\n"}
,{"stream_name":"stdout","time":1468.865600278,"data":"  [health] WARN FATAL: H_collapse persistent (consec=35)\r\n"}
,{"stream_name":"stdout","time":1505.626319311,"data":"  iter  1900/30000 [ 6.3%] | WM wm=22.65 rec=18.95 kl=3.56 rew=0.121 con=0.012 | AC act=0.001 crit=1.540 pg=0.001 H=0.08 | img ret=-0.30 val=-0.31 scale=1.57 p5=-0.87 p95=0.69 | r/step=0.0062 | 1.3 ips ETA 5h49\r\n"}
,{"stream_name":"stdout","time":1505.626353871,"data":"  [health] WARN H_collapse: H=0.08\r\n"}
,{"stream_name":"stdout","time":1505.62636062,"data":"  [health] WARN FATAL: H_collapse persistent (consec=36)\r\n"}
,{"stream_name":"stdout","time":1541.870558557,"data":"  iter  1950/30000 [ 6.5%] | WM wm=22.39 rec=18.94 kl=3.33 rew=0.109 con=0.011 | AC act=-0.000 crit=1.549 pg=0.000 H=0.08 | img ret=-0.32 val=-0.33 scale=1.55 p5=-0.89 p95=0.66 | r/step=-0.0030 | 1.3 ips ETA 5h48\r\n"}
,{"stream_name":"stdout","time":1541.917223673,"data":"  [health] WARN H_collapse: H=0.08\r\n"}
,{"stream_name":"stdout","time":1541.917238963,"data":"  [health] WARN FATAL: H_collapse persistent (consec=37)\r\n"}
,{"stream_name":"stdout","time":1579.269455728,"data":"  iter  2000/30000 [ 6.7%] | WM wm=24.15 rec=20.58 kl=3.48 rew=0.080 con=0.011 | AC act=-0.000 crit=1.428 pg=-0.000 H=0.08 | img ret=-0.43 val=-0.42 scale=1.51 p5=-0.89 p95=0.62 | r/step=0.0032 | 1.3 ips ETA 5h48\r\n"}
,{"stream_name":"stdout","time":1579.269490458,"data":"  [health] WARN H_collapse: H=0.08\r\n"}
,{"stream_name":"stdout","time":1579.269496498,"data":"  [health] WARN FATAL: H_collapse persistent (consec=38)\r\n"}
,{"stream_name":"stdout","time":1615.438870547,"data":"  iter  2050/30000 [ 6.8%] | WM wm=25.21 rec=21.64 kl=3.45 rew=0.107 con=0.011 | AC act=0.001 crit=1.710 pg=0.001 H=0.08 | img ret=-0.23 val=-0.23 scale=1.52 p5=-0.91 p95=0.61 | r/step=-0.0024 | 1.3 ips ETA 5h47\r\n"}
,{"stream_name":"stdout","time":1615.438908067,"data":"  [health] WARN H_collapse: H=0.08\r\n"}
,{"stream_name":"stdout","time":1615.438913957,"data":"  [health] WARN FATAL: H_collapse persistent (consec=39)\r\n"}
,{"stream_name":"stdout","time":1651.944832799,"data":"  iter  2100/30000 [ 7.0%] | WM wm=22.07 rec=18.58 kl=3.41 rew=0.067 con=0.011 | AC act=-0.000 crit=1.429 pg=-0.000 H=0.08 | img ret=-0.42 val=-0.40 scale=1.52 p5=-0.93 p95=0.58 | r/step=0.0059 | 1.3 ips ETA 5h46\r\n"}
,{"stream_name":"stdout","time":1651.944870259,"data":"  [health] WARN H_collapse: H=0.08\r\n"}
,{"stream_name":"stdout","time":1651.944874979,"data":"  [health] WARN FATAL: H_collapse persistent (consec=40)\r\n"}
,{"stream_name":"stdout","time":1688.46243825,"data":"  iter  2150/30000 [ 7.2%] | WM wm=19.93 rec=16.53 kl=3.29 rew=0.097 con=0.012 | AC act=0.000 crit=1.598 pg=0.000 H=0.08 | img ret=-0.30 val=-0.30 scale=1.51 p5=-0.92 p95=0.59 | r/step=-0.0005 | 1.3 ips ETA 5h45\r\n"}
,{"stream_name":"stdout","time":1688.46247358,"data":"  [health] WARN H_collapse: H=0.08\r\n"}
,{"stream_name":"stdout","time":1688.46247954,"data":"  [health] WARN FATAL: H_collapse persistent (consec=41)\r\n"}
,{"stream_name":"stdout","time":1725.216426733,"data":"  iter  2200/30000 [ 7.3%] | WM wm=23.89 rec=19.90 kl=3.92 rew=0.059 con=0.007 | AC act=0.000 crit=1.466 pg=0.000 H=0.08 | img ret=-0.49 val=-0.48 scale=1.44 p5=-0.95 p95=0.49 | r/step=-0.0030 | 1.3 ips ETA 5h44\r\n"}
,{"stream_name":"stdout","time":1725.216462973,"data":"  [health] WARN H_collapse: H=0.08\r\n"}
,{"stream_name":"stdout","time":1725.216468983,"data":"  [health] WARN FATAL: H_collapse persistent (consec=42)\r\n"}
,{"stream_name":"stdout","time":1761.811241857,"data":"  iter  2250/30000 [ 7.5%] | WM wm=22.24 rec=18.69 kl=3.47 rew=0.069 con=0.007 | AC act=-0.002 crit=1.425 pg=-0.002 H=0.08 | img ret=-0.45 val=-0.44 scale=1.46 p5=-0.98 p95=0.48 | r/step=0.0004 | 1.3 ips ETA 5h44\r\n"}
,{"stream_name":"stdout","time":1761.811277177,"data":"  [health] WARN H_collapse: H=0.08\r\n"}
,{"stream_name":"stdout","time":1761.811283117,"data":"  [health] WARN FATAL: H_collapse persistent (consec=43)\r\n"}
,{"stream_name":"stdout","time":1798.628997584,"data":"  iter  2300/30000 [ 7.7%] | WM wm=15.19 rec=12.02 kl=3.09 rew=0.078 con=0.007 | AC act=0.000 crit=1.484 pg=0.000 H=0.08 | img ret=-0.35 val=-0.35 scale=1.44 p5=-1.00 p95=0.44 | r/step=0.0002 | 1.3 ips ETA 5h43\r\n"}
,{"stream_name":"stdout","time":1798.629042574,"data":"  [health] WARN H_collapse: H=0.08\r\n"}
,{"stream_name":"stdout","time":1798.629049004,"data":"  [health] WARN FATAL: H_collapse persistent (consec=44)\r\n"}
,{"stream_name":"stdout","time":1835.764029341,"data":"  iter  2350/30000 [ 7.8%] | WM wm=20.95 rec=16.90 kl=3.95 rew=0.084 con=0.014 | AC act=-0.000 crit=1.438 pg=-0.000 H=0.08 | img ret=-0.52 val=-0.53 scale=1.42 p5=-1.00 p95=0.43 | r/step=0.0042 | 1.3 ips ETA 5h42\r\n"}
,{"stream_name":"stdout","time":1835.764066991,"data":"  [health] WARN H_collapse: H=0.08\r\n"}
,{"stream_name":"stdout","time":1835.764072921,"data":"  [health] WARN FATAL: H_collapse persistent (consec=45)\r\n"}
,{"stream_name":"stdout","time":1872.750988333,"data":"  iter  2400/30000 [ 8.0%] | WM wm=22.30 rec=18.55 kl=3.63 rew=0.103 con=0.013 | AC act=0.001 crit=1.743 pg=0.001 H=0.13 | img ret=-0.26 val=-0.27 scale=1.42 p5=-0.95 p95=0.47 | r/step=0.0011 | 1.3 ips ETA 5h42\r\n"}
,{"stream_name":"stdout","time":1872.751022793,"data":"  [health] WARN H_collapse: H=0.13\r\n"}
,{"stream_name":"stdout","time":1872.751028653,"data":"  [health] WARN FATAL: H_collapse persistent (consec=46)\r\n"}
,{"stream_name":"stdout","time":1909.226174461,"data":"  iter  2450/30000 [ 8.2%] | WM wm=21.89 rec=17.46 kl=4.30 rew=0.105 con=0.014 | AC act=-0.001 crit=1.667 pg=-0.001 H=0.17 | img ret=-0.06 val=-0.08 scale=1.45 p5=-0.82 p95=0.64 | r/step=0.0036 | 1.3 ips ETA 5h41\r\n"}
,{"stream_name":"stdout","time":1909.226196371,"data":"  [health] WARN H_collapse: H=0.17\r\n"}
,{"stream_name":"stdout","time":1909.226200941,"data":"  [health] WARN FATAL: H_collapse persistent (consec=47)\r\n"}
,{"stream_name":"stdout","time":1945.696572458,"data":"  iter  2500/30000 [ 8.3%] | WM wm=19.39 rec=15.92 kl=3.37 rew=0.095 con=0.012 | AC act=0.000 crit=1.575 pg=0.000 H=0.13 | img ret=-0.04 val=-0.04 scale=1.61 p5=-0.76 p95=0.86 | r/step=-0.0067 | 1.3 ips ETA 5h40\r\n"}
,{"stream_name":"stdout","time":1945.696613078,"data":"  [health] WARN H_collapse: H=0.13\r\n"}
,{"stream_name":"stdout","time":1945.696618978,"data":"  [health] WARN FATAL: H_collapse persistent (consec=48)\r\n"}
,{"stream_name":"stdout","time":1979.549679412,"data":"  \u003e\u003e\u003e EVAL @ iter 2500 : score=0.10  length=171  achievements=1.00 =  sample=1.20  (best=1.00 @2500)  crafter_score=0.55% [476 train eps]\r\n"}
,{"stream_name":"stdout","time":1979.549716232,"data":"      unlocked (1/22): wake_up=100%\r\n"}
,{"stream_name":"stdout","time":1990.544697316,"data":"  Checkpoint saved : dreamer_crafter_jax_v31-tpu-75m_iter002500.npz\r\n"}
,{"stream_name":"stdout","time":2024.57491112,"data":"  iter  2550/30000 [ 8.5%] | WM wm=16.84 rec=13.02 kl=3.71 rew=0.086 con=0.014 | AC act=0.003 crit=1.437 pg=0.003 H=0.14 | img ret=-0.10 val=-0.14 scale=1.60 p5=-0.73 p95=0.87 | r/step=0.0037 | 1.3 ips ETA 5h47\r\n"}
,{"stream_name":"stdout","time":2024.57495952,"data":"  [health] WARN H_collapse: H=0.14\r\n"}
,{"stream_name":"stdout","time":2024.57496547,"data":"  [health] WARN FATAL: H_collapse persistent (consec=49)\r\n"}
,{"stream_name":"stdout","time":2059.406200364,"data":"  iter  2600/30000 [ 8.7%] | WM wm=19.22 rec=15.24 kl=3.86 rew=0.114 con=0.010 | AC act=-0.004 crit=1.676 pg=-0.004 H=0.12 | img ret=-0.24 val=-0.19 scale=1.57 p5=-0.74 p95=0.83 | r/step=0.0021 | 1.3 ips ETA 5h46\r\n"}
,{"stream_name":"stdout","time":2059.406234914,"data":"  [health] WARN H_collapse: H=0.12\r\n"}
,{"stream_name":"stdout","time":2059.406240704,"data":"  [health] WARN FATAL: H_collapse persistent (consec=50)\r\n"}
,{"stream_name":"stdout","time":2094.030273601,"data":"  iter  2650/30000 [ 8.8%] | WM wm=16.38 rec=12.69 kl=3.60 rew=0.085 con=0.006 | AC act=-0.004 crit=1.588 pg=-0.004 H=0.13 | img ret=-0.12 val=-0.08 scale=1.64 p5=-0.76 p95=0.87 | r/step=0.0023 | 1.3 ips ETA 5h45\r\n"}
,{"stream_name":"stdout","time":2094.030315751,"data":"  [health] WARN H_collapse: H=0.13\r\n"}
,{"stream_name":"stdout","time":2094.030321551,"data":"  [health] WARN FATAL: H_collapse persistent (consec=51)\r\n"}
,{"stream_name":"stdout","time":2128.354939799,"data":"  iter  2700/30000 [ 9.0%] | WM wm=21.41 rec=17.13 kl=4.17 rew=0.100 con=0.015 | AC act=-0.001 crit=1.498 pg=-0.001 H=0.10 | img ret=-0.13 val=-0.11 scale=1.58 p5=-0.79 p95=0.79 | r/step=-0.0011 | 1.3 ips ETA 5h43\r\n"}
,{"stream_name":"stdout","time":2128.354981628,"data":"  [health] WARN H_collapse: H=0.10\r\n"}
,{"stream_name":"stdout","time":2128.354987688,"data":"  [health] WARN FATAL: H_collapse persistent (consec=52)\r\n"}
,{"stream_name":"stdout","time":2162.723376581,"data":"  iter  2750/30000 [ 9.2%] | WM wm=21.55 rec=17.17 kl=4.27 rew=0.098 con=0.012 | AC act=-0.002 crit=1.404 pg=-0.001 H=0.13 | img ret=-0.39 val=-0.37 scale=1.55 p5=-0.83 p95=0.72 | r/step=0.0016 | 1.3 ips ETA 5h42\r\n"}
,{"stream_name":"stdout","time":2162.723413451,"data":"  [health] WARN H_collapse: H=0.13\r\n"}
,{"stream_name":"stdout","time":2162.723418821,"data":"  [health] WARN FATAL: H_collapse persistent (consec=53)\r\n"}
,{"stream_name":"stdout","time":2197.354036148,"data":"  iter  2800/30000 [ 9.3%] | WM wm=19.29 rec=15.16 kl=4.04 rew=0.085 con=0.009 | AC act=-0.002 crit=1.272 pg=-0.002 H=0.12 | img ret=-0.27 val=-0.25 scale=1.61 p5=-0.85 p95=0.75 | r/step=0.0002 | 1.3 ips ETA 5h41\r\n"}
,{"stream_name":"stdout","time":2197.354075638,"data":"  [health] WARN H_collapse: H=0.12\r\n"}
,{"stream_name":"stdout","time":2197.354081568,"data":"  [health] WARN FATAL: H_collapse persistent (consec=54)\r\n"}
,{"stream_name":"stdout","time":2231.434927368,"data":"  iter  2850/30000 [ 9.5%] | WM wm=13.91 rec=10.86 kl=3.00 rew=0.044 con=0.007 | AC act=0.001 crit=1.534 pg=0.001 H=0.13 | img ret=-0.24 val=-0.26 scale=1.70 p5=-0.86 p95=0.84 | r/step=0.0005 | 1.3 ips ETA 5h40\r\n"}
,{"stream_name":"stdout","time":2231.434962647,"data":"  [health] WARN H_collapse: H=0.13\r\n"}
,{"stream_name":"stdout","time":2231.434968557,"data":"  [health] WARN FATAL: H_collapse persistent (consec=55)\r\n"}
,{"stream_name":"stdout","time":2266.245202847,"data":"  iter  2900/30000 [ 9.7%] | WM wm=17.18 rec=13.16 kl=3.97 rew=0.050 con=0.007 | AC act=-0.003 crit=1.615 pg=-0.002 H=0.19 | img ret=-0.21 val=-0.20 scale=1.82 p5=-0.84 p95=0.98 | r/step=0.0001 | 1.3 ips ETA 5h39\r\n"}
,{"stream_name":"stdout","time":2266.245240467,"data":"  [health] WARN H_collapse: H=0.19\r\n"}
,{"stream_name":"stdout","time":2266.245245287,"data":"  [health] WARN FATAL: H_collapse persistent (consec=56)\r\n"}
,{"stream_name":"stdout","time":2300.723025074,"data":"  iter  2950/30000 [ 9.8%] | WM wm=20.91 rec=16.03 kl=4.75 rew=0.119 con=0.009 | AC act=-0.001 crit=1.557 pg=-0.001 H=0.34 | img ret=-0.33 val=-0.32 scale=1.77 p5=-0.81 p95=0.96 | r/step=-0.0059 | 1.3 ips ETA 5h38\r\n"}
,{"stream_name":"stdout","time":2334.906353727,"data":"  iter  3000/30000 [10.0%] | WM wm=30.77 rec=26.60 kl=4.07 rew=0.089 con=0.010 | AC act=-0.001 crit=1.603 pg=-0.001 H=0.25 | img ret=-0.23 val=-0.22 scale=1.78 p5=-0.86 p95=0.92 | r/step=0.0019 | 1.3 ips ETA 5h37\r\n"}
,{"stream_name":"stdout","time":2334.906401647,"data":"  [health] WARN H_collapse: H=0.25\r\n"}
,{"stream_name":"stdout","time":2369.489635269,"data":"  iter  3050/30000 [10.2%] | WM wm=23.84 rec=19.20 kl=4.57 rew=0.067 con=0.007 | AC act=0.003 crit=1.454 pg=0.003 H=0.25 | img ret=0.06 val=0.04 scale=1.69 p5=-0.71 p95=0.98 | r/step=-0.0057 | 1.3 ips ETA 5h36\r\n"}
,{"stream_name":"stdout","time":2369.48967544,"data":"  [health] WARN H_collapse: H=0.25\r\n"}
,{"stream_name":"stdout","time":2403.692898586,"data":"  iter  3100/30000 [10.3%] | WM wm=20.47 rec=16.27 kl=4.11 rew=0.086 con=0.013 | AC act=0.000 crit=1.449 pg=0.000 H=0.16 | img ret=-0.13 val=-0.12 scale=1.73 p5=-0.62 p95=1.10 | r/step=0.0062 | 1.3 ips ETA 5h35\r\n"}
,{"stream_name":"stdout","time":2403.692946766,"data":"  [health] WARN H_collapse: H=0.16\r\n"}
,{"stream_name":"stdout","time":2438.488263924,"data":"  iter  3150/30000 [10.5%] | WM wm=16.56 rec=12.94 kl=3.55 rew=0.066 con=0.007 | AC act=-0.001 crit=1.372 pg=-0.001 H=0.17 | img ret=-0.24 val=-0.23 scale=1.66 p5=-0.70 p95=0.96 | r/step=-0.0036 | 1.3 ips ETA 5h34\r\n"}
,{"stream_name":"stdout","time":2438.488298214,"data":"  [health] WARN H_collapse: H=0.17\r\n"}
,{"stream_name":"stdout","time":2472.828726207,"data":"  iter  3200/30000 [10.7%] | WM wm=20.34 rec=16.13 kl=4.14 rew=0.066 con=0.003 | AC act=-0.004 crit=1.420 pg=-0.004 H=0.34 | img ret=-0.18 val=-0.17 scale=1.72 p5=-0.78 p95=0.94 | r/step=0.0010 | 1.3 ips ETA 5h32\r\n"}
,{"stream_name":"stdout","time":2507.459917181,"data":"  iter  3250/30000 [10.8%] | WM wm=19.87 rec=15.08 kl=4.70 rew=0.082 con=0.010 | AC act=-0.005 crit=1.258 pg=-0.004 H=0.30 | img ret=-0.13 val=-0.11 scale=1.76 p5=-0.85 p95=0.91 | r/step=-0.0016 | 1.3 ips ETA 5h32\r\n"}
,{"stream_name":"stdout","time":2542.13960416,"data":"  iter  3300/30000 [11.0%] | WM wm=18.42 rec=13.77 kl=4.55 rew=0.092 con=0.011 | AC act=-0.001 crit=1.384 pg=-0.001 H=0.32 | img ret=-0.21 val=-0.21 scale=1.74 p5=-0.89 p95=0.86 | r/step=0.0066 | 1.3 ips ETA 5h31\r\n"}
,{"stream_name":"stdout","time":2576.561791914,"data":"  iter  3350/30000 [11.2%] | WM wm=21.31 rec=16.66 kl=4.58 rew=0.055 con=0.010 | AC act=-0.002 crit=1.446 pg=-0.002 H=0.29 | img ret=-0.23 val=-0.23 scale=1.71 p5=-0.92 p95=0.79 | r/step=-0.0033 | 1.3 ips ETA 5h30\r\n"}
,{"stream_name":"stdout","time":2576.561829874,"data":"  [health] WARN H_collapse: H=0.29\r\n"}
,{"stream_name":"stdout","time":2610.978587426,"data":"  iter  3400/30000 [11.3%] | WM wm=20.46 rec=16.02 kl=4.40 rew=0.035 con=0.003 | AC act=-0.001 crit=1.471 pg=-0.001 H=0.20 | img ret=-0.19 val=-0.19 scale=1.66 p5=-0.90 p95=0.76 | r/step=-0.0007 | 1.3 ips ETA 5h29\r\n"}
,{"stream_name":"stdout","time":2610.978623997,"data":"  [health] WARN H_collapse: H=0.20\r\n"}
,{"stream_name":"stdout","time":2645.512859969,"data":"  iter  3450/30000 [11.5%] | WM wm=19.53 rec=15.00 kl=4.48 rew=0.044 con=0.004 | AC act=0.002 crit=1.325 pg=0.002 H=0.19 | img ret=-0.26 val=-0.26 scale=1.58 p5=-0.86 p95=0.72 | r/step=0.0025 | 1.3 ips ETA 5h28\r\n"}
,{"stream_name":"stdout","time":2645.512905209,"data":"  [health] WARN H_collapse: H=0.19\r\n"}
,{"stream_name":"stdout","time":2680.080348126,"data":"  iter  3500/30000 [11.7%] | WM wm=22.63 rec=17.25 kl=5.35 rew=0.025 con=0.002 | AC act=0.000 crit=1.413 pg=0.000 H=0.20 | img ret=-0.25 val=-0.24 scale=1.53 p5=-0.85 p95=0.68 | r/step=-0.0032 | 1.3 ips ETA 5h27\r\n"}
,{"stream_name":"stdout","time":2680.080392546,"data":"  [health] WARN H_collapse: H=0.20\r\n"}
,{"stream_name":"stdout","time":2714.320369587,"data":"  iter  3550/30000 [11.8%] | WM wm=20.91 rec=16.49 kl=4.33 rew=0.085 con=0.008 | AC act=0.000 crit=1.348 pg=0.000 H=0.20 | img ret=-0.03 val=-0.04 scale=1.54 p5=-0.83 p95=0.70 | r/step=0.0043 | 1.4 ips ETA 5h26\r\n"}
,{"stream_name":"stdout","time":2714.320401887,"data":"  [health] WARN H_collapse: H=0.20\r\n"}
,{"stream_name":"stdout","time":2714.320406567,"data":"  [health] WARN FATAL: H_collapse persistent (consec=5)\r\n"}
,{"stream_name":"stdout","time":2749.029461542,"data":"  iter  3600/30000 [12.0%] | WM wm=22.87 rec=17.96 kl=4.84 rew=0.061 con=0.009 | AC act=-0.001 crit=1.366 pg=-0.001 H=0.25 | img ret=-0.17 val=-0.17 scale=1.48 p5=-0.75 p95=0.73 | r/step=-0.0013 | 1.4 ips ETA 5h25\r\n"}
,{"stream_name":"stdout","time":2749.029497832,"data":"  [health] WARN H_collapse: H=0.25\r\n"}
,{"stream_name":"stdout","time":2749.029503582,"data":"  [health] WARN FATAL: H_collapse persistent (consec=6)\r\n"}
,{"stream_name":"stdout","time":2783.10061355,"data":"  iter  3650/30000 [12.2%] | WM wm=18.59 rec=14.04 kl=4.49 rew=0.062 con=0.004 | AC act=0.000 crit=1.350 pg=0.000 H=0.26 | img ret=-0.19 val=-0.20 scale=1.47 p5=-0.69 p95=0.78 | r/step=0.0018 | 1.4 ips ETA 5h24\r\n"}
,{"stream_name":"stdout","time":2783.1006602,"data":"  [health] WARN H_collapse: H=0.26\r\n"}
,{"stream_name":"stdout","time":2783.10066381,"data":"  [health] WARN FATAL: H_collapse persistent (consec=7)\r\n"}
,{"stream_name":"stdout","time":2817.892652316,"data":"  iter  3700/30000 [12.3%] | WM wm=20.18 rec=15.39 kl=4.75 rew=0.039 con=0.002 | AC act=-0.002 crit=1.452 pg=-0.002 H=0.37 | img ret=0.02 val=0.03 scale=1.45 p5=-0.67 p95=0.78 | r/step=0.0033 | 1.4 ips ETA 5h23\r\n"}
,{"stream_name":"stdout","time":2852.478091645,"data":"  iter  3750/30000 [12.5%] | WM wm=19.12 rec=14.75 kl=4.31 rew=0.055 con=0.006 | AC act=0.001 crit=1.510 pg=0.001 H=0.30 | img ret=-0.05 val=-0.05 scale=1.45 p5=-0.66 p95=0.80 | r/step=-0.0025 | 1.4 ips ETA 5h22\r\n"}
,{"stream_name":"stdout","time":2887.181146612,"data":"  iter  3800/30000 [12.7%] | WM wm=21.95 rec=17.19 kl=4.65 rew=0.090 con=0.010 | AC act=0.001 crit=1.354 pg=0.001 H=0.23 | img ret=0.07 val=0.06 scale=1.46 p5=-0.65 p95=0.81 | r/step=0.0028 | 1.4 ips ETA 5h21\r\n"}
,{"stream_name":"stdout","time":2887.181183252,"data":"  [health] WARN H_collapse: H=0.23\r\n"}
,{"stream_name":"stdout","time":2921.318927604,"data":"  iter  3850/30000 [12.8%] | WM wm=17.01 rec=12.56 kl=4.36 rew=0.082 con=0.009 | AC act=0.000 crit=1.526 pg=0.000 H=0.34 | img ret=-0.09 val=-0.08 scale=1.50 p5=-0.68 p95=0.82 | r/step=0.0038 | 1.4 ips ETA 5h20\r\n"}
,{"stream_name":"stdout","time":2955.781080093,"data":"  iter  3900/30000 [13.0%] | WM wm=17.08 rec=13.30 kl=3.71 rew=0.066 con=0.009 | AC act=0.000 crit=1.355 pg=0.000 H=0.34 | img ret=-0.17 val=-0.17 scale=1.52 p5=-0.71 p95=0.81 | r/step=-0.0030 | 1.4 ips ETA 5h19\r\n"}
,{"stream_name":"stdout","time":2990.278110519,"data":"  iter  3950/30000 [13.2%] | WM wm=22.05 rec=16.37 kl=5.60 rew=0.072 con=0.004 | AC act=-0.002 crit=1.397 pg=-0.002 H=0.46 | img ret=-0.13 val=-0.11 scale=1.55 p5=-0.73 p95=0.82 | r/step=0.0033 | 1.4 ips ETA 5h19\r\n"}
,{"stream_name":"stdout","time":3024.520512188,"data":"  iter  4000/30000 [13.3%] | WM wm=21.46 rec=16.45 kl=4.97 rew=0.037 con=0.004 | AC act=-0.002 crit=1.534 pg=-0.002 H=0.40 | img ret=-0.08 val=-0.08 scale=1.54 p5=-0.74 p95=0.80 | r/step=-0.0033 | 1.4 ips ETA 5h18\r\n"}
,{"stream_name":"stdout","time":3059.242307142,"data":"  iter  4050/30000 [13.5%] | WM wm=22.02 rec=17.18 kl=4.78 rew=0.052 con=0.003 | AC act=-0.002 crit=1.356 pg=-0.002 H=0.30 | img ret=-0.26 val=-0.25 scale=1.50 p5=-0.70 p95=0.80 | r/step=0.0048 | 1.4 ips ETA 5h17\r\n"}
,{"stream_name":"stdout","time":3094.03161598,"data":"  iter  4100/30000 [13.7%] | WM wm=18.79 rec=13.42 kl=5.32 rew=0.050 con=0.006 | AC act=0.009 crit=2.583 pg=0.009 H=0.12 | img ret=0.44 val=0.22 scale=1.69 p5=-0.68 p95=1.01 | r/step=0.0112 | 1.4 ips ETA 5h16\r\n"}
,{"stream_name":"stdout","time":3094.03165148,"data":"  [health] WARN H_collapse: H=0.12\r\n"}
,{"stream_name":"stdout","time":3128.449622253,"data":"  iter  4150/30000 [13.8%] | WM wm=16.66 rec=12.59 kl=4.02 rew=0.040 con=0.004 | AC act=-0.001 crit=1.921 pg=-0.001 H=0.10 | img ret=0.44 val=0.44 scale=2.14 p5=-0.72 p95=1.42 | r/step=0.0055 | 1.4 ips ETA 5h15\r\n"}
,{"stream_name":"stdout","time":3128.449658752,"data":"  [health] WARN H_collapse: H=0.10\r\n"}
,{"stream_name":"stdout","time":3162.948457128,"data":"  iter  4200/30000 [14.0%] | WM wm=24.34 rec=18.50 kl=5.77 rew=0.063 con=0.007 | AC act=0.001 crit=1.731 pg=0.001 H=0.15 | img ret=0.50 val=0.47 scale=2.29 p5=-0.72 p95=1.58 | r/step=0.0159 | 1.4 ips ETA 5h14\r\n"}
,{"stream_name":"stdout","time":3162.948494717,"data":"  [health] WARN H_collapse: H=0.15\r\n"}
,{"stream_name":"stdout","time":3197.819450849,"data":"  iter  4250/30000 [14.2%] | WM wm=21.23 rec=15.68 kl=5.50 rew=0.049 con=0.003 | AC act=0.002 crit=1.544 pg=0.002 H=0.21 | img ret=0.31 val=0.28 scale=2.51 p5=-0.75 p95=1.76 | r/step=0.0101 | 1.4 ips ETA 5h14\r\n"}
,{"stream_name":"stdout","time":3197.819492659,"data":"  [health] WARN H_collapse: H=0.21\r\n"}
,{"stream_name":"stdout","time":3232.480743818,"data":"  iter  4300/30000 [14.3%] | WM wm=22.87 rec=17.82 kl=4.97 rew=0.073 con=0.006 | AC act=-0.002 crit=1.582 pg=-0.002 H=0.18 | img ret=0.36 val=0.38 scale=2.73 p5=-0.81 p95=1.92 | r/step=0.0043 | 1.4 ips ETA 5h13\r\n"}
,{"stream_name":"stdout","time":3232.480822468,"data":"  [health] WARN H_collapse: H=0.18\r\n"}
,{"stream_name":"stdout","time":3232.480832698,"data":"  [health] WARN FATAL: H_collapse persistent (consec=5)\r\n"}
,{"stream_name":"stdout","time":3266.79851554,"data":"  iter  4350/30000 [14.5%] | WM wm=21.27 rec=15.96 kl=5.23 rew=0.077 con=0.004 | AC act=-0.002 crit=1.564 pg=-0.002 H=0.17 | img ret=0.52 val=0.53 scale=2.73 p5=-0.77 p95=1.96 | r/step=0.0094 | 1.4 ips ETA 5h12\r\n"}
,{"stream_name":"stdout","time":3266.79854998,"data":"  [health] WARN H_collapse: H=0.17\r\n"}
,{"stream_name":"stdout","time":3266.79855557,"data":"  [health] WARN FATAL: H_collapse persistent (consec=6)\r\n"}
,{"stream_name":"stdout","time":3301.372615717,"data":"  iter  4400/30000 [14.7%] | WM wm=22.88 rec=16.98 kl=5.85 rew=0.039 con=0.007 | AC act=-0.001 crit=1.504 pg=-0.001 H=0.18 | img ret=0.17 val=0.18 scale=2.78 p5=-0.80 p95=1.98 | r/step=0.0157 | 1.4 ips ETA 5h11\r\n"}
,{"stream_name":"stdout","time":3301.372655357,"data":"  [health] WARN H_collapse: H=0.18\r\n"}
,{"stream_name":"stdout","time":3301.372660217,"data":"  [health] WARN FATAL: H_collapse persistent (consec=7)\r\n"}
,{"stream_name":"stdout","time":3335.758441382,"data":"  iter  4450/30000 [14.8%] | WM wm=23.33 rec=17.18 kl=6.07 rew=0.069 con=0.011 | AC act=-0.003 crit=1.498 pg=-0.003 H=0.18 | img ret=0.17 val=0.19 scale=2.73 p5=-0.79 p95=1.94 | r/step=0.0109 | 1.4 ips ETA 5h10\r\n"}
,{"stream_name":"stdout","time":3335.758490962,"data":"  [health] WARN H_collapse: H=0.18\r\n"}
,{"stream_name":"stdout","time":3335.758495582,"data":"  [health] WARN FATAL: H_collapse persistent (consec=8)\r\n"}
,{"stream_name":"stdout","time":3370.434664832,"data":"  iter  4500/30000 [15.0%] | WM wm=16.64 rec=12.23 kl=4.33 rew=0.066 con=0.013 | AC act=-0.000 crit=1.467 pg=-0.000 H=0.16 | img ret=0.11 val=0.10 scale=2.72 p5=-0.77 p95=1.95 | r/step=0.0099 | 1.4 ips ETA 5h10\r\n"}
,{"stream_name":"stdout","time":3370.434702822,"data":"  [health] WARN H_collapse: H=0.16\r\n"}
,{"stream_name":"stdout","time":3370.434709342,"data":"  [health] WARN FATAL: H_collapse persistent (consec=9)\r\n"}
,{"stream_name":"stdout","time":3405.21213678,"data":"  iter  4550/30000 [15.2%] | WM wm=23.14 rec=16.95 kl=6.05 rew=0.128 con=0.013 | AC act=0.000 crit=1.566 pg=0.000 H=0.14 | img ret=0.43 val=0.40 scale=2.95 p5=-0.78 p95=2.17 | r/step=0.0062 | 1.4 ips ETA 5h09\r\n"}
,{"stream_name":"stdout","time":3405.21217773,"data":"  [health] WARN H_collapse: H=0.14\r\n"}
,{"stream_name":"stdout","time":3405.21218387,"data":"  [health] WARN FATAL: H_collapse persistent (consec=10)\r\n"}
,{"stream_name":"stdout","time":3439.978754681,"data":"  iter  4600/30000 [15.3%] | WM wm=18.72 rec=13.68 kl=4.99 rew=0.049 con=0.006 | AC act=-0.001 crit=1.608 pg=-0.001 H=0.16 | img ret=-0.03 val=-0.02 scale=3.21 p5=-0.76 p95=2.44 | r/step=0.0138 | 1.4 ips ETA 5h08\r\n"}
,{"stream_name":"stdout","time":3439.978826441,"data":"  [health] WARN H_collapse: H=0.16\r\n"}
,{"stream_name":"stdout","time":3439.978832701,"data":"  [health] WARN FATAL: H_collapse persistent (consec=11)\r\n"}
,{"stream_name":"stdout","time":3474.026275483,"data":"  iter  4650/30000 [15.5%] | WM wm=23.67 rec=18.24 kl=5.36 rew=0.062 con=0.007 | AC act=0.001 crit=1.683 pg=0.001 H=0.14 | img ret=0.55 val=0.50 scale=3.29 p5=-0.74 p95=2.55 | r/step=0.0120 | 1.4 ips ETA 5h07\r\n"}
,{"stream_name":"stdout","time":3474.026323383,"data":"  [health] WARN H_collapse: H=0.14\r\n"}
,{"stream_name":"stdout","time":3474.026338773,"data":"  [health] WARN FATAL: H_collapse persistent (consec=12)\r\n"}
,{"stream_name":"stdout","time":3508.992105992,"data":"  iter  4700/30000 [15.7%] | WM wm=34.14 rec=26.18 kl=7.89 rew=0.070 con=0.002 | AC act=0.001 crit=1.750 pg=0.001 H=0.14 | img ret=0.50 val=0.47 scale=3.43 p5=-0.74 p95=2.68 | r/step=0.0169 | 1.4 ips ETA 5h06\r\n"}
,{"stream_name":"stdout","time":3508.992138632,"data":"  [health] WARN H_collapse: H=0.14\r\n"}
,{"stream_name":"stdout","time":3508.992143383,"data":"  [health] WARN FATAL: H_collapse persistent (consec=13)\r\n"}
,{"stream_name":"stdout","time":3543.383706869,"data":"  iter  4750/30000 [15.8%] | WM wm=19.54 rec=14.55 kl=4.90 rew=0.070 con=0.009 | AC act=0.000 crit=1.755 pg=0.000 H=0.15 | img ret=0.62 val=0.62 scale=3.51 p5=-0.72 p95=2.78 | r/step=0.0081 | 1.4 ips ETA 5h06\r\n"}
,{"stream_name":"stdout","time":3543.383744119,"data":"  [health] WARN H_collapse: H=0.15\r\n"}
,{"stream_name":"stdout","time":3543.383749919,"data":"  [health] WARN FATAL: H_collapse persistent (consec=14)\r\n"}
,{"stream_name":"stdout","time":3577.858127139,"data":"  iter  4800/30000 [16.0%] | WM wm=25.58 rec=19.92 kl=5.56 rew=0.099 con=0.007 | AC act=0.000 crit=1.705 pg=0.000 H=0.14 | img ret=0.46 val=0.43 scale=3.47 p5=-0.71 p95=2.76 | r/step=0.0107 | 1.4 ips ETA 5h05\r\n"}
,{"stream_name":"stdout","time":3577.858162979,"data":"  [health] WARN H_collapse: H=0.14\r\n"}
,{"stream_name":"stdout","time":3577.858168779,"data":"  [health] WARN FATAL: H_collapse persistent (consec=15)\r\n"}
,{"stream_name":"stdout","time":3612.42034988,"data":"  iter  4850/30000 [16.2%] | WM wm=25.50 rec=18.42 kl=6.96 rew=0.104 con=0.015 | AC act=0.001 crit=1.706 pg=0.001 H=0.14 | img ret=0.42 val=0.37 scale=3.61 p5=-0.74 p95=2.88 | r/step=0.0162 | 1.4 ips ETA 5h04\r\n"}
,{"stream_name":"stdout","time":3612.42038471,"data":"  [health] WARN H_collapse: H=0.14\r\n"}
,{"stream_name":"stdout","time":3612.42039081,"data":"  [health] WARN FATAL: H_collapse persistent (consec=16)\r\n"}
,{"stream_name":"stdout","time":3646.618174655,"data":"  iter  4900/30000 [16.3%] | WM wm=28.29 rec=21.08 kl=7.15 rew=0.054 con=0.011 | AC act=-0.000 crit=1.502 pg=-0.000 H=0.18 | img ret=0.12 val=0.11 scale=3.66 p5=-0.72 p95=2.94 | r/step=0.0069 | 1.4 ips ETA 5h03\r\n"}
,{"stream_name":"stdout","time":3646.618210186,"data":"  [health] WARN H_collapse: H=0.18\r\n"}
,{"stream_name":"stdout","time":3646.618215566,"data":"  [health] WARN FATAL: H_collapse persistent (consec=17)\r\n"}
,{"stream_name":"stdout","time":3681.641670182,"data":"  iter  4950/30000 [16.5%] | WM wm=19.97 rec=14.65 kl=5.24 rew=0.065 con=0.007 | AC act=0.001 crit=1.594 pg=0.001 H=0.16 | img ret=0.37 val=0.35 scale=3.51 p5=-0.70 p95=2.80 | r/step=0.0105 | 1.4 ips ETA 5h03\r\n"}
,{"stream_name":"stdout","time":3681.641710312,"data":"  [health] WARN H_collapse: H=0.16\r\n"}
,{"stream_name":"stdout","time":3681.641715392,"data":"  [health] WARN FATAL: H_collapse persistent (consec=18)\r\n"}
,{"stream_name":"stdout","time":3716.013398621,"data":"  iter  5000/30000 [16.7%] | WM wm=19.80 rec=13.67 kl=6.08 rew=0.046 con=0.001 | AC act=-0.001 crit=1.736 pg=-0.001 H=0.16 | img ret=0.41 val=0.41 scale=3.50 p5=-0.71 p95=2.79 | r/step=0.0064 | 1.4 ips ETA 5h02\r\n"}
,{"stream_name":"stdout","time":3716.01342981,"data":"  [health] WARN H_collapse: H=0.16\r\n"}
,{"stream_name":"stdout","time":3716.013434621,"data":"  [health] WARN FATAL: H_collapse persistent (consec=19)\r\n"}
,{"stream_name":"stdout","time":3750.710299946,"data":"  \u003e\u003e\u003e EVAL @ iter 5000 : score=2.00  length=163  achievements=2.90 ↑  sample=3.40  (best=2.90 @5000)  crafter_score=0.97% [920 train eps]\r\n"}
,{"stream_name":"stdout","time":3750.710338236,"data":"      unlocked (5/22): wake_up=100%  collect_sapling=90%  collect_wood=80%  collect_drink=10%  defeat_zombie=10%\r\n"}
,{"stream_name":"stdout","time":3761.651733137,"data":"  Checkpoint saved : dreamer_crafter_jax_v31-tpu-75m_iter005000.npz\r\n"}
,{"stream_name":"stdout","time":3796.260087062,"data":"  iter  5050/30000 [16.8%] | WM wm=21.93 rec=16.30 kl=5.56 rew=0.065 con=0.005 | AC act=0.000 crit=1.523 pg=0.001 H=0.16 | img ret=0.62 val=0.61 scale=3.44 p5=-0.69 p95=2.75 | r/step=0.0119 | 1.4 ips ETA 5h05\r\n"}
,{"stream_name":"stdout","time":3796.260123582,"data":"  [health] WARN H_collapse: H=0.16\r\n"}
,{"stream_name":"stdout","time":3796.260129442,"data":"  [health] WARN FATAL: H_collapse persistent (consec=20)\r\n"}
,{"stream_name":"stdout","time":3831.03796437,"data":"  iter  5100/30000 [17.0%] | WM wm=14.92 rec=10.57 kl=4.28 rew=0.059 con=0.002 | AC act=0.001 crit=1.627 pg=0.001 H=0.16 | img ret=0.71 val=0.69 scale=3.46 p5=-0.68 p95=2.78 | r/step=0.0059 | 1.4 ips ETA 5h04\r\n"}
,{"stream_name":"stdout","time":3831.03800622,"data":"  [health] WARN H_collapse: H=0.16\r\n"}
,{"stream_name":"stdout","time":3831.03801122,"data":"  [health] WARN FATAL: H_collapse persistent (consec=21)\r\n"}
,{"stream_name":"stdout","time":3866.119008777,"data":"  iter  5150/30000 [17.2%] | WM wm=20.31 rec=14.46 kl=5.81 rew=0.041 con=0.001 | AC act=-0.000 crit=1.625 pg=-0.000 H=0.19 | img ret=0.50 val=0.49 scale=3.40 p5=-0.67 p95=2.73 | r/step=0.0081 | 1.4 ips ETA 5h03\r\n"}
,{"stream_name":"stdout","time":3866.119043667,"data":"  [health] WARN H_collapse: H=0.19\r\n"}
,{"stream_name":"stdout","time":3866.119048487,"data":"  [health] WARN FATAL: H_collapse persistent (consec=22)\r\n"}
,{"stream_name":"stdout","time":3900.641546416,"data":"  iter  5200/30000 [17.3%] | WM wm=17.95 rec=12.95 kl=4.93 rew=0.060 con=0.007 | AC act=-0.001 crit=1.538 pg=-0.000 H=0.24 | img ret=0.31 val=0.32 scale=3.50 p5=-0.69 p95=2.81 | r/step=0.0028 | 1.4 ips ETA 5h03\r\n"}
,{"stream_name":"stdout","time":3900.641582926,"data":"  [health] WARN H_collapse: H=0.24\r\n"}
,{"stream_name":"stdout","time":3900.641588986,"data":"  [health] WARN FATAL: H_collapse persistent (consec=23)\r\n"}
,{"stream_name":"stdout","time":3935.596168103,"data":"  iter  5250/30000 [17.5%] | WM wm=20.91 rec=14.84 kl=6.01 rew=0.057 con=0.005 | AC act=-0.000 crit=1.415 pg=-0.000 H=0.27 | img ret=0.03 val=0.04 scale=3.55 p5=-0.68 p95=2.86 | r/step=0.0126 | 1.4 ips ETA 5h02\r\n"}
,{"stream_name":"stdout","time":3935.596201923,"data":"  [health] WARN H_collapse: H=0.27\r\n"}
,{"stream_name":"stdout","time":3935.596207692,"data":"  [health] WARN FATAL: H_collapse persistent (consec=24)\r\n"}
,{"stream_name":"stdout","time":3970.430080482,"data":"  iter  5300/30000 [17.7%] | WM wm=18.60 rec=13.04 kl=5.48 rew=0.074 con=0.001 | AC act=-0.000 crit=1.778 pg=-0.000 H=0.24 | img ret=0.24 val=0.24 scale=3.41 p5=-0.67 p95=2.74 | r/step=0.0092 | 1.4 ips ETA 5h01\r\n"}
,{"stream_name":"stdout","time":3970.430115452,"data":"  [health] WARN H_collapse: H=0.24\r\n"}
,{"stream_name":"stdout","time":3970.430121342,"data":"  [health] WARN FATAL: H_collapse persistent (consec=25)\r\n"}
,{"stream_name":"stdout","time":4005.215894776,"data":"  iter  5350/30000 [17.8%] | WM wm=25.05 rec=17.92 kl=7.05 rew=0.072 con=0.006 | AC act=-0.001 crit=1.620 pg=-0.001 H=0.26 | img ret=0.59 val=0.59 scale=3.39 p5=-0.67 p95=2.72 | r/step=0.0062 | 1.4 ips ETA 5h00\r\n"}
,{"stream_name":"stdout","time":4005.215936656,"data":"  [health] WARN H_collapse: H=0.26\r\n"}
,{"stream_name":"stdout","time":4005.215941176,"data":"  [health] WARN FATAL: H_collapse persistent (consec=26)\r\n"}
,{"stream_name":"stdout","time":4039.902006899,"data":"  iter  5400/30000 [18.0%] | WM wm=22.36 rec=16.20 kl=6.10 rew=0.050 con=0.002 | AC act=0.006 crit=1.773 pg=0.006 H=0.28 | img ret=0.16 val=0.12 scale=3.42 p5=-0.69 p95=2.74 | r/step=0.0050 | 1.4 ips ETA 5h00\r\n"}
,{"stream_name":"stdout","time":4039.902050899,"data":"  [health] WARN H_collapse: H=0.28\r\n"}
,{"stream_name":"stdout","time":4039.902055889,"data":"  [health] WARN FATAL: H_collapse persistent (consec=27)\r\n"}
,{"stream_name":"stdout","time":4074.606131932,"data":"  iter  5450/30000 [18.2%] | WM wm=22.58 rec=17.08 kl=5.44 rew=0.048 con=0.007 | AC act=-0.002 crit=1.617 pg=-0.002 H=0.29 | img ret=0.66 val=0.69 scale=3.39 p5=-0.71 p95=2.68 | r/step=0.0053 | 1.4 ips ETA 4h59\r\n"}
,{"stream_name":"stdout","time":4074.606168632,"data":"  [health] WARN H_collapse: H=0.29\r\n"}
,{"stream_name":"stdout","time":4074.606174861,"data":"  [health] WARN FATAL: H_collapse persistent (consec=28)\r\n"}
,{"stream_name":"stdout","time":4109.472241187,"data":"  iter  5500/30000 [18.3%] | WM wm=16.61 rec=11.52 kl=5.01 rew=0.075 con=0.008 | AC act=-0.003 crit=1.734 pg=-0.003 H=0.28 | img ret=0.41 val=0.44 scale=3.34 p5=-0.72 p95=2.61 | r/step=0.0172 | 1.4 ips ETA 4h58\r\n"}
,{"stream_name":"stdout","time":4109.472276107,"data":"  [health] WARN H_collapse: H=0.28\r\n"}
,{"stream_name":"stdout","time":4109.472281937,"data":"  [health] WARN FATAL: H_collapse persistent (consec=29)\r\n"}
,{"stream_name":"stdout","time":4144.286172928,"data":"  iter  5550/30000 [18.5%] | WM wm=20.33 rec=14.29 kl=6.00 rew=0.038 con=0.005 | AC act=-0.003 crit=1.760 pg=-0.003 H=0.35 | img ret=0.19 val=0.22 scale=3.33 p5=-0.76 p95=2.57 | r/step=0.0138 | 1.4 ips ETA 4h57\r\n"}
,{"stream_name":"stdout","time":4179.475176493,"data":"  iter  5600/30000 [18.7%] | WM wm=12.75 rec=8.51 kl=4.20 rew=0.042 con=0.003 | AC act=-0.000 crit=1.592 pg=-0.000 H=0.29 | img ret=0.56 val=0.57 scale=3.38 p5=-0.73 p95=2.65 | r/step=0.0098 | 1.4 ips ETA 4h57\r\n"}
,{"stream_name":"stdout","time":4179.475212443,"data":"  [health] WARN H_collapse: H=0.29\r\n"}
,{"stream_name":"stdout","time":4214.306494741,"data":"  iter  5650/30000 [18.8%] | WM wm=26.54 rec=19.90 kl=6.55 rew=0.086 con=0.006 | AC act=0.002 crit=1.715 pg=0.002 H=0.25 | img ret=0.74 val=0.70 scale=3.51 p5=-0.74 p95=2.76 | r/step=0.0132 | 1.4 ips ETA 4h56\r\n"}
,{"stream_name":"stdout","time":4214.349646747,"data":"  [health] WARN H_collapse: H=0.25\r\n"}
,{"stream_name":"stdout","time":4249.129278402,"data":"  iter  5700/30000 [19.0%] | WM wm=23.35 rec=15.72 kl=7.53 rew=0.092 con=0.007 | AC act=0.000 crit=1.764 pg=0.000 H=0.28 | img ret=0.57 val=0.53 scale=3.56 p5=-0.74 p95=2.82 | r/step=0.0047 | 1.4 ips ETA 4h55\r\n"}
,{"stream_name":"stdout","time":4249.129319232,"data":"  [health] WARN H_collapse: H=0.28\r\n"}
,{"stream_name":"stdout","time":4284.037166684,"data":"  iter  5750/30000 [19.2%] | WM wm=22.76 rec=16.78 kl=5.89 rew=0.079 con=0.009 | AC act=-0.003 crit=1.683 pg=-0.003 H=0.32 | img ret=0.37 val=0.41 scale=3.48 p5=-0.73 p95=2.74 | r/step=0.0155 | 1.4 ips ETA 4h54\r\n"}
,{"stream_name":"stdout","time":4318.741186905,"data":"  iter  5800/30000 [19.3%] | WM wm=16.76 rec=11.05 kl=5.62 rew=0.073 con=0.010 | AC act=-0.001 crit=1.609 pg=-0.001 H=0.27 | img ret=0.30 val=0.31 scale=3.50 p5=-0.72 p95=2.78 | r/step=0.0141 | 1.4 ips ETA 4h54\r\n"}
,{"stream_name":"stdout","time":4318.741221025,"data":"  [health] WARN H_collapse: H=0.27\r\n"}
,{"stream_name":"stdout","time":4353.839351869,"data":"  iter  5850/30000 [19.5%] | WM wm=26.64 rec=19.14 kl=7.41 rew=0.080 con=0.010 | AC act=0.003 crit=1.821 pg=0.003 H=0.29 | img ret=0.86 val=0.80 scale=3.52 p5=-0.74 p95=2.79 | r/step=0.0087 | 1.4 ips ETA 4h53\r\n"}
,{"stream_name":"stdout","time":4353.839384838,"data":"  [health] WARN H_collapse: H=0.29\r\n"}
,{"stream_name":"stdout","time":4388.31626923,"data":"  iter  5900/30000 [19.7%] | WM wm=23.22 rec=16.48 kl=6.68 rew=0.052 con=0.008 | AC act=0.002 crit=1.936 pg=0.003 H=0.21 | img ret=1.07 val=0.96 scale=3.95 p5=-0.73 p95=3.23 | r/step=0.0240 | 1.4 ips ETA 4h52\r\n"}
,{"stream_name":"stdout","time":4388.31631661,"data":"  [health] WARN H_collapse: H=0.21\r\n"}
,{"stream_name":"stdout","time":4423.801452274,"data":"  iter  5950/30000 [19.8%] | WM wm=22.52 rec=16.16 kl=6.29 rew=0.059 con=0.006 | AC act=0.002 crit=1.677 pg=0.002 H=0.30 | img ret=0.63 val=0.60 scale=3.84 p5=-0.71 p95=3.12 | r/step=0.0156 | 1.4 ips ETA 4h52\r\n"}
,{"stream_name":"stdout","time":4423.801488334,"data":"  [health] WARN H_collapse: H=0.30\r\n"}
,{"stream_name":"stdout","time":4458.469216513,"data":"  iter  6000/30000 [20.0%] | WM wm=23.65 rec=15.95 kl=7.63 rew=0.060 con=0.003 | AC act=-0.001 crit=1.666 pg=-0.001 H=0.27 | img ret=0.44 val=0.43 scale=3.83 p5=-0.73 p95=3.09 | r/step=0.0086 | 1.4 ips ETA 4h51\r\n"}
,{"stream_name":"stdout","time":4458.469252803,"data":"  [health] WARN H_collapse: H=0.27\r\n"}
,{"stream_name":"stdout","time":4458.469259083,"data":"  [health] WARN FATAL: H_collapse persistent (consec=5)\r\n"}
,{"stream_name":"stdout","time":4493.451581232,"data":"  iter  6050/30000 [20.2%] | WM wm=24.46 rec=17.35 kl=7.00 rew=0.104 con=0.009 | AC act=0.001 crit=1.498 pg=0.001 H=0.32 | img ret=0.27 val=0.25 scale=3.95 p5=-0.74 p95=3.20 | r/step=0.0185 | 1.4 ips ETA 4h50\r\n"}
,{"stream_name":"stdout","time":4528.032591428,"data":"  iter  6100/30000 [20.3%] | WM wm=22.89 rec=16.32 kl=6.48 rew=0.082 con=0.007 | AC act=-0.002 crit=1.591 pg=-0.002 H=0.37 | img ret=0.44 val=0.45 scale=3.85 p5=-0.76 p95=3.08 | r/step=0.0152 | 1.4 ips ETA 4h49\r\n"}
,{"stream_name":"stdout","time":4563.241675684,"data":"  iter  6150/30000 [20.5%] | WM wm=21.21 rec=14.02 kl=7.13 rew=0.058 con=0.002 | AC act=-0.003 crit=1.538 pg=-0.003 H=0.43 | img ret=0.95 val=0.98 scale=3.81 p5=-0.75 p95=3.05 | r/step=0.0219 | 1.4 ips ETA 4h49\r\n"}
,{"stream_name":"stdout","time":4597.949072158,"data":"  iter  6200/30000 [20.7%] | WM wm=15.34 rec=10.21 kl=5.04 rew=0.071 con=0.015 | AC act=-0.001 crit=1.485 pg=-0.001 H=0.34 | img ret=0.21 val=0.22 scale=3.71 p5=-0.73 p95=2.98 | r/step=0.0110 | 1.4 ips ETA 4h48\r\n"}
,{"stream_name":"stdout","time":4632.903558108,"data":"  iter  6250/30000 [20.8%] | WM wm=19.52 rec=12.51 kl=6.92 rew=0.082 con=0.005 | AC act=-0.001 crit=1.582 pg=-0.001 H=0.36 | img ret=0.30 val=0.31 scale=3.78 p5=-0.70 p95=3.07 | r/step=0.0121 | 1.4 ips ETA 4h47\r\n"}
,{"stream_name":"stdout","time":4667.86033571,"data":"  iter  6300/30000 [21.0%] | WM wm=22.72 rec=15.86 kl=6.82 rew=0.041 con=0.002 | AC act=-0.003 crit=1.584 pg=-0.003 H=0.43 | img ret=0.69 val=0.71 scale=3.65 p5=-0.65 p95=3.00 | r/step=0.0070 | 1.4 ips ETA 4h47\r\n"}
,{"stream_name":"stdout","time":4702.556710505,"data":"  iter  6350/30000 [21.2%] | WM wm=16.50 rec=10.46 kl=5.95 rew=0.083 con=0.007 | AC act=-0.001 crit=1.465 pg=-0.001 H=0.41 | img ret=0.60 val=0.62 scale=3.55 p5=-0.64 p95=2.91 | r/step=0.0219 | 1.4 ips ETA 4h46\r\n"}
,{"stream_name":"stdout","time":4737.576310021,"data":"  iter  6400/30000 [21.3%] | WM wm=17.72 rec=11.77 kl=5.92 rew=0.025 con=0.002 | AC act=-0.002 crit=1.385 pg=-0.002 H=0.37 | img ret=0.52 val=0.51 scale=3.22 p5=-0.64 p95=2.57 | r/step=0.0098 | 1.4 ips ETA 4h45\r\n"}
,{"stream_name":"stdout","time":4772.322639889,"data":"  iter  6450/30000 [21.5%] | WM wm=20.84 rec=14.28 kl=6.48 rew=0.060 con=0.008 | AC act=-0.000 crit=1.421 pg=-0.000 H=0.34 | img ret=0.27 val=0.27 scale=3.02 p5=-0.65 p95=2.37 | r/step=0.0145 | 1.4 ips ETA 4h45\r\n"}
,{"stream_name":"stdout","time":4807.043857169,"data":"  iter  6500/30000 [21.7%] | WM wm=14.87 rec=9.17 kl=5.61 rew=0.074 con=0.007 | AC act=-0.003 crit=1.371 pg=-0.003 H=0.47 | img ret=0.55 val=0.57 scale=3.01 p5=-0.65 p95=2.35 | r/step=0.0093 | 1.4 ips ETA 4h44\r\n"}
,{"stream_name":"stdout","time":4841.946015403,"data":"  iter  6550/30000 [21.8%] | WM wm=20.68 rec=13.43 kl=7.15 rew=0.084 con=0.007 | AC act=-0.002 crit=1.547 pg=-0.002 H=0.39 | img ret=-0.15 val=-0.15 scale=2.95 p5=-0.66 p95=2.29 | r/step=0.0146 | 1.4 ips ETA 4h43\r\n"}
,{"stream_name":"stdout","time":4876.983724882,"data":"  iter  6600/30000 [22.0%] | WM wm=19.19 rec=11.71 kl=7.36 rew=0.111 con=0.008 | AC act=0.003 crit=1.701 pg=0.004 H=0.48 | img ret=0.60 val=0.58 scale=2.94 p5=-0.70 p95=2.24 | r/step=0.0056 | 1.4 ips ETA 4h43\r\n"}
,{"stream_name":"stdout","time":4911.853940723,"data":"  iter  6650/30000 [22.2%] | WM wm=17.98 rec=11.52 kl=6.37 rew=0.083 con=0.007 | AC act=0.001 crit=1.659 pg=0.001 H=0.41 | img ret=0.28 val=0.26 scale=2.87 p5=-0.71 p95=2.16 | r/step=0.0116 | 1.4 ips ETA 4h42\r\n"}
,{"stream_name":"stdout","time":4946.075141217,"data":"  iter  6700/30000 [22.3%] | WM wm=16.57 rec=11.49 kl=5.00 rew=0.076 con=0.003 | AC act=-0.001 crit=1.425 pg=-0.001 H=0.42 | img ret=0.67 val=0.65 scale=2.84 p5=-0.75 p95=2.10 | r/step=0.0124 | 1.4 ips ETA 4h41\r\n"}
,{"stream_name":"stdout","time":4981.411798009,"data":"  iter  6750/30000 [22.5%] | WM wm=24.53 rec=17.26 kl=7.20 rew=0.057 con=0.004 | AC act=-0.002 crit=1.505 pg=-0.002 H=0.38 | img ret=-0.03 val=-0.03 scale=2.77 p5=-0.73 p95=2.05 | r/step=0.0153 | 1.4 ips ETA 4h40\r\n"}
,{"stream_name":"stdout","time":5015.738647013,"data":"  iter  6800/30000 [22.7%] | WM wm=16.91 rec=11.41 kl=5.40 rew=0.092 con=0.006 | AC act=0.001 crit=1.356 pg=0.001 H=0.33 | img ret=0.19 val=0.18 scale=2.74 p5=-0.72 p95=2.02 | r/step=0.0083 | 1.4 ips ETA 4h40\r\n"}
,{"stream_name":"stdout","time":5050.668155282,"data":"  iter  6850/30000 [22.8%] | WM wm=24.27 rec=16.64 kl=7.53 rew=0.088 con=0.018 | AC act=-0.002 crit=1.424 pg=-0.002 H=0.32 | img ret=0.26 val=0.27 scale=2.73 p5=-0.73 p95=2.00 | r/step=0.0093 | 1.4 ips ETA 4h39\r\n"}
,{"stream_name":"stdout","time":5085.314645097,"data":"  iter  6900/30000 [23.0%] | WM wm=20.03 rec=12.29 kl=7.68 rew=0.056 con=0.003 | AC act=-0.003 crit=1.494 pg=-0.003 H=0.36 | img ret=-0.11 val=-0.08 scale=2.71 p5=-0.69 p95=2.02 | r/step=0.0107 | 1.4 ips ETA 4h38\r\n"}
,{"stream_name":"stdout","time":5120.30381519,"data":"  iter  6950/30000 [23.2%] | WM wm=21.51 rec=14.46 kl=6.98 rew=0.065 con=0.007 | AC act=-0.002 crit=1.452 pg=-0.002 H=0.33 | img ret=0.27 val=0.25 scale=2.58 p5=-0.69 p95=1.89 | r/step=0.0133 | 1.4 ips ETA 4h38\r\n"}
,{"stream_name":"stdout","time":5155.111345391,"data":"  iter  7000/30000 [23.3%] | WM wm=19.50 rec=12.92 kl=6.51 rew=0.066 con=0.004 | AC act=0.001 crit=1.574 pg=0.001 H=0.42 | img ret=0.27 val=0.27 scale=2.58 p5=-0.70 p95=1.88 | r/step=0.0058 | 1.4 ips ETA 4h37\r\n"}
,{"stream_name":"stdout","time":5190.03551621,"data":"  iter  7050/30000 [23.5%] | WM wm=18.25 rec=11.56 kl=6.62 rew=0.072 con=0.002 | AC act=-0.003 crit=1.459 pg=-0.003 H=0.32 | img ret=0.12 val=0.13 scale=2.48 p5=-0.69 p95=1.79 | r/step=0.0155 | 1.4 ips ETA 4h36\r\n"}
,{"stream_name":"stdout","time":5225.036026742,"data":"  iter  7100/30000 [23.7%] | WM wm=16.06 rec=10.95 kl=5.06 rew=0.052 con=0.009 | AC act=0.001 crit=1.512 pg=0.001 H=0.38 | img ret=0.23 val=0.22 scale=2.45 p5=-0.68 p95=1.77 | r/step=0.0136 | 1.4 ips ETA 4h36\r\n"}
,{"stream_name":"stdout","time":5259.481794625,"data":"  iter  7150/30000 [23.8%] | WM wm=17.74 rec=11.83 kl=5.83 rew=0.072 con=0.004 | AC act=0.002 crit=1.521 pg=0.002 H=0.32 | img ret=0.17 val=0.15 scale=2.40 p5=-0.67 p95=1.72 | r/step=0.0086 | 1.4 ips ETA 4h35\r\n"}
,{"stream_name":"stdout","time":5294.560814939,"data":"  iter  7200/30000 [24.0%] | WM wm=18.89 rec=12.46 kl=6.33 rew=0.087 con=0.002 | AC act=0.000 crit=1.439 pg=0.000 H=0.28 | img ret=0.08 val=0.09 scale=2.50 p5=-0.66 p95=1.83 | r/step=0.0056 | 1.4 ips ETA 4h34\r\n"}
,{"stream_name":"stdout","time":5294.56084809,"data":"  [health] WARN H_collapse: H=0.28\r\n"}
,{"stream_name":"stdout","time":5329.406181185,"data":"  iter  7250/30000 [24.2%] | WM wm=18.59 rec=11.50 kl=7.00 rew=0.085 con=0.001 | AC act=0.001 crit=1.592 pg=0.001 H=0.25 | img ret=0.22 val=0.20 scale=2.52 p5=-0.67 p95=1.85 | r/step=0.0065 | 1.4 ips ETA 4h34\r\n"}
,{"stream_name":"stdout","time":5329.406222475,"data":"  [health] WARN H_collapse: H=0.25\r\n"}
,{"stream_name":"stdout","time":5363.995721295,"data":"  iter  7300/30000 [24.3%] | WM wm=18.29 rec=11.10 kl=7.06 rew=0.124 con=0.006 | AC act=-0.001 crit=1.400 pg=-0.001 H=0.27 | img ret=0.18 val=0.18 scale=2.60 p5=-0.68 p95=1.92 | r/step=0.0086 | 1.4 ips ETA 4h33\r\n"}
,{"stream_name":"stdout","time":5363.995764975,"data":"  [health] WARN H_collapse: H=0.27\r\n"}
,{"stream_name":"stdout","time":5398.595500342,"data":"  iter  7350/30000 [24.5%] | WM wm=19.46 rec=12.79 kl=6.60 rew=0.056 con=0.004 | AC act=-0.001 crit=1.443 pg=-0.000 H=0.31 | img ret=0.21 val=0.21 scale=2.71 p5=-0.68 p95=2.03 | r/step=0.0102 | 1.4 ips ETA 4h32\r\n"}
,{"stream_name":"stdout","time":5433.647485681,"data":"  iter  7400/30000 [24.7%] | WM wm=21.30 rec=13.77 kl=7.45 rew=0.067 con=0.006 | AC act=0.000 crit=1.537 pg=0.000 H=0.30 | img ret=0.28 val=0.25 scale=2.77 p5=-0.67 p95=2.10 | r/step=0.0130 | 1.4 ips ETA 4h32\r\n"}
,{"stream_name":"stdout","time":5433.647521961,"data":"  [health] WARN H_collapse: H=0.30\r\n"}
,{"stream_name":"stdout","time":5468.445307791,"data":"  iter  7450/30000 [24.8%] | WM wm=21.44 rec=14.16 kl=7.22 rew=0.055 con=0.003 | AC act=-0.000 crit=1.514 pg=-0.000 H=0.33 | img ret=0.14 val=0.15 scale=2.76 p5=-0.67 p95=2.08 | r/step=0.0141 | 1.4 ips ETA 4h31\r\n"}
,{"stream_name":"stdout","time":5503.284450887,"data":"  iter  7500/30000 [25.0%] | WM wm=15.45 rec=8.98 kl=6.37 rew=0.087 con=0.011 | AC act=-0.004 crit=1.631 pg=-0.003 H=0.34 | img ret=0.16 val=0.18 scale=2.80 p5=-0.67 p95=2.12 | r/step=0.0159 | 1.4 ips ETA 4h30\r\n"}
,{"stream_name":"stdout","time":5537.994579686,"data":"  \u003e\u003e\u003e EVAL @ iter 7500 : score=2.20  length=165  achievements=3.10 ↑  sample=2.80  (best=3.10 @7500)  crafter_score=1.34% [1375 train eps]\r\n"}
,{"stream_name":"stdout","time":5537.994619126,"data":"      unlocked (6/22): collect_sapling=100%  wake_up=90%  place_plant=80%  collect_wood=20%  defeat_zombie=10%  eat_cow=10%\r\n"}
,{"stream_name":"stdout","time":5548.935930861,"data":"  Checkpoint saved : dreamer_crafter_jax_v31-tpu-75m_iter007500.npz\r\n"}
,{"stream_name":"stdout","time":5583.438732021,"data":"  iter  7550/30000 [25.2%] | WM wm=23.03 rec=14.89 kl=8.06 rew=0.086 con=0.006 | AC act=0.001 crit=1.596 pg=0.001 H=0.30 | img ret=0.37 val=0.36 scale=2.98 p5=-0.69 p95=2.29 | r/step=0.0149 | 1.4 ips ETA 4h32\r\n"}
,{"stream_name":"stdout","time":5583.438765391,"data":"  [health] WARN H_collapse: H=0.30\r\n"}
,{"stream_name":"stdout","time":5618.413603148,"data":"  iter  7600/30000 [25.3%] | WM wm=17.37 rec=10.43 kl=6.87 rew=0.066 con=0.007 | AC act=0.004 crit=1.514 pg=0.004 H=0.44 | img ret=0.58 val=0.54 scale=2.98 p5=-0.70 p95=2.29 | r/step=0.0164 | 1.4 ips ETA 4h31\r\n"}
,{"stream_name":"stdout","time":5653.161600046,"data":"  iter  7650/30000 [25.5%] | WM wm=21.96 rec=14.38 kl=7.52 rew=0.067 con=0.003 | AC act=-0.002 crit=1.545 pg=-0.002 H=0.31 | img ret=0.41 val=0.43 scale=2.89 p5=-0.70 p95=2.19 | r/step=0.0063 | 1.4 ips ETA 4h31\r\n"}
,{"stream_name":"stdout","time":5688.138152633,"data":"  iter  7700/30000 [25.7%] | WM wm=19.35 rec=12.97 kl=6.31 rew=0.062 con=0.011 | AC act=-0.001 crit=1.451 pg=-0.001 H=0.35 | img ret=0.48 val=0.50 scale=2.76 p5=-0.68 p95=2.08 | r/step=0.0155 | 1.4 ips ETA 4h30\r\n"}
,{"stream_name":"stdout","time":5722.889410372,"data":"  iter  7750/30000 [25.8%] | WM wm=18.20 rec=11.90 kl=6.26 rew=0.042 con=0.002 | AC act=-0.002 crit=1.463 pg=-0.002 H=0.33 | img ret=0.14 val=0.14 scale=2.73 p5=-0.72 p95=2.01 | r/step=0.0084 | 1.4 ips ETA 4h29\r\n"}
,{"stream_name":"stdout","time":5757.523352991,"data":"  iter  7800/30000 [26.0%] | WM wm=16.23 rec=10.05 kl=6.13 rew=0.038 con=0.002 | AC act=-0.001 crit=1.372 pg=-0.000 H=0.36 | img ret=0.16 val=0.18 scale=2.76 p5=-0.73 p95=2.03 | r/step=0.0187 | 1.4 ips ETA 4h28\r\n"}
,{"stream_name":"stdout","time":5792.235152494,"data":"  iter  7850/30000 [26.2%] | WM wm=18.98 rec=12.24 kl=6.69 rew=0.049 con=0.002 | AC act=0.001 crit=1.641 pg=0.001 H=0.41 | img ret=0.24 val=0.23 scale=2.81 p5=-0.72 p95=2.09 | r/step=0.0110 | 1.4 ips ETA 4h28\r\n"}
,{"stream_name":"stdout","time":5826.654467171,"data":"  iter  7900/30000 [26.3%] | WM wm=22.50 rec=14.90 kl=7.52 rew=0.072 con=0.005 | AC act=-0.003 crit=1.542 pg=-0.003 H=0.37 | img ret=0.07 val=0.09 scale=2.76 p5=-0.73 p95=2.04 | r/step=0.0041 | 1.4 ips ETA 4h27\r\n"}
,{"stream_name":"stdout","time":5861.461406872,"data":"  iter  7950/30000 [26.5%] | WM wm=20.75 rec=13.37 kl=7.26 rew=0.116 con=0.008 | AC act=0.005 crit=1.571 pg=0.006 H=0.57 | img ret=0.13 val=0.11 scale=2.77 p5=-0.72 p95=2.05 | r/step=0.0143 | 1.4 ips ETA 4h26\r\n"}
,{"stream_name":"stdout","time":5895.985896013,"data":"  iter  8000/30000 [26.7%] | WM wm=15.20 rec=8.60 kl=6.52 rew=0.069 con=0.008 | AC act=-0.003 crit=1.643 pg=-0.003 H=0.38 | img ret=0.31 val=0.31 scale=2.75 p5=-0.70 p95=2.05 | r/step=0.0091 | 1.4 ips ETA 4h26\r\n"}
,{"stream_name":"stdout","time":5930.76313734,"data":"  iter  8050/30000 [26.8%] | WM wm=17.54 rec=11.15 kl=6.29 rew=0.098 con=0.011 | AC act=-0.001 crit=1.466 pg=-0.001 H=0.35 | img ret=0.52 val=0.53 scale=2.79 p5=-0.70 p95=2.09 | r/step=0.0175 | 1.4 ips ETA 4h25\r\n"}
,{"stream_name":"stdout","time":5965.653327028,"data":"  iter  8100/30000 [27.0%] | WM wm=16.40 rec=10.41 kl=5.92 rew=0.062 con=0.005 | AC act=-0.001 crit=1.589 pg=-0.001 H=0.34 | img ret=0.17 val=0.17 scale=2.74 p5=-0.71 p95=2.03 | r/step=0.0072 | 1.4 ips ETA 4h24\r\n"}
,{"stream_name":"stdout","time":6000.537006961,"data":"  iter  8150/30000 [27.2%] | WM wm=16.34 rec=9.48 kl=6.79 rew=0.058 con=0.003 | AC act=0.001 crit=1.593 pg=0.001 H=0.31 | img ret=0.48 val=0.47 scale=2.75 p5=-0.73 p95=2.03 | r/step=0.0181 | 1.4 ips ETA 4h24\r\n"}
,{"stream_name":"stdout","time":6034.799917802,"data":"  iter  8200/30000 [27.3%] | WM wm=19.77 rec=13.55 kl=6.15 rew=0.066 con=0.010 | AC act=0.001 crit=1.529 pg=0.001 H=0.43 | img ret=0.34 val=0.35 scale=2.78 p5=-0.72 p95=2.06 | r/step=0.0078 | 1.4 ips ETA 4h23\r\n"}
,{"stream_name":"stdout","time":6069.587737962,"data":"  iter  8250/30000 [27.5%] | WM wm=18.40 rec=11.70 kl=6.62 rew=0.074 con=0.008 | AC act=-0.000 crit=1.405 pg=-0.000 H=0.30 | img ret=0.01 val=-0.00 scale=2.79 p5=-0.71 p95=2.08 | r/step=0.0220 | 1.4 ips ETA 4h22\r\n"}
,{"stream_name":"stdout","time":6069.587801762,"data":"  [health] WARN H_collapse: H=0.30\r\n"}
,{"stream_name":"stdout","time":6104.332853327,"data":"  iter  8300/30000 [27.7%] | WM wm=16.26 rec=10.51 kl=5.67 rew=0.075 con=0.004 | AC act=-0.001 crit=1.495 pg=-0.001 H=0.29 | img ret=0.38 val=0.38 scale=2.81 p5=-0.69 p95=2.12 | r/step=0.0091 | 1.4 ips ETA 4h22\r\n"}
,{"stream_name":"stdout","time":6104.332910177,"data":"  [health] WARN H_collapse: H=0.29\r\n"}
,{"stream_name":"stdout","time":6139.09296677,"data":"  iter  8350/30000 [27.8%] | WM wm=16.98 rec=10.07 kl=6.82 rew=0.080 con=0.005 | AC act=-0.002 crit=1.648 pg=-0.002 H=0.22 | img ret=0.27 val=0.28 scale=2.84 p5=-0.69 p95=2.15 | r/step=0.0133 | 1.4 ips ETA 4h21\r\n"}
,{"stream_name":"stdout","time":6139.0930003,"data":"  [health] WARN H_collapse: H=0.22\r\n"}
,{"stream_name":"stdout","time":6173.106403923,"data":"  iter  8400/30000 [28.0%] | WM wm=20.69 rec=13.49 kl=7.15 rew=0.054 con=0.002 | AC act=-0.003 crit=1.507 pg=-0.003 H=0.26 | img ret=0.29 val=0.30 scale=2.79 p5=-0.67 p95=2.12 | r/step=0.0080 | 1.4 ips ETA 4h20\r\n"}
,{"stream_name":"stdout","time":6173.106456283,"data":"  [health] WARN H_collapse: H=0.26\r\n"}
,{"stream_name":"stdout","time":6208.322079035,"data":"  iter  8450/30000 [28.2%] | WM wm=17.65 rec=10.41 kl=7.18 rew=0.051 con=0.005 | AC act=0.002 crit=1.667 pg=0.002 H=0.33 | img ret=0.38 val=0.34 scale=2.73 p5=-0.67 p95=2.07 | r/step=0.0223 | 1.4 ips ETA 4h20\r\n"}
,{"stream_name":"stdout","time":6242.885455699,"data":"  iter  8500/30000 [28.3%] | WM wm=15.87 rec=9.97 kl=5.82 rew=0.078 con=0.004 | AC act=-0.002 crit=1.468 pg=-0.002 H=0.36 | img ret=0.19 val=0.21 scale=2.68 p5=-0.69 p95=2.00 | r/step=0.0059 | 1.4 ips ETA 4h19\r\n"}
,{"stream_name":"stdout","time":6277.542746482,"data":"  iter  8550/30000 [28.5%] | WM wm=16.48 rec=9.97 kl=6.45 rew=0.059 con=0.005 | AC act=-0.001 crit=1.458 pg=-0.001 H=0.40 | img ret=0.23 val=0.22 scale=2.63 p5=-0.69 p95=1.93 | r/step=0.0284 | 1.4 ips ETA 4h18\r\n"}
,{"stream_name":"stdout","time":6312.203009104,"data":"  iter  8600/30000 [28.7%] | WM wm=18.91 rec=11.40 kl=7.41 rew=0.089 con=0.004 | AC act=-0.002 crit=1.422 pg=-0.002 H=0.39 | img ret=-0.11 val=-0.10 scale=2.60 p5=-0.67 p95=1.93 | r/step=0.0109 | 1.4 ips ETA 4h18\r\n"}
,{"stream_name":"stdout","time":6347.206184904,"data":"  iter  8650/30000 [28.8%] | WM wm=19.68 rec=12.17 kl=7.44 rew=0.073 con=0.010 | AC act=-0.004 crit=1.600 pg=-0.004 H=0.33 | img ret=0.30 val=0.33 scale=2.65 p5=-0.67 p95=1.98 | r/step=0.0102 | 1.4 ips ETA 4h17\r\n"}
]