[{"stream_name":"stderr","time":5.989715511,"data":"/usr/local/lib/python3.12/site-packages/nbformat/__init__.py:96: MissingIDFieldWarning: Cell is missing an id field, this will become a hard error in future nbformat versions. You may want to use `normalize()` on your notebooks before validations (available since nbformat 5.1.4). Previous versions of nbformat are fixing this issue transparently, and will stop doing so in the future.\n"}
,{"stream_name":"stderr","time":5.9897616110000005,"data":"  validate(nb)\n"}
,{"stream_name":"stdout","time":9.642627595,"data":"Cloning into 'oneiro'...\r\n"}
,{"stream_name":"stdout","time":10.350181881,"data":"remote: Enumerating objects: 255, done.\u001b[K\r\n"}
,{"stream_name":"stdout","time":10.350228872,"data":"remote: Counting objects:   0% (1/255)\u001b[K\rremote: Counting objects:   1% (3/255)\u001b[K\rremote: Counting objects:   2% (6/255)\u001b[K\rremote: Counting objects:   3% (8/255)\u001b[K\rremote: Counting objects:   4% (11/255)\u001b[K\rremote: Counting objects:   5% (13/255)\u001b[K\rremote: Counting objects:   6% (16/255)\u001b[K\rremote: Counting objects:   7% (18/255)\u001b[K\rremote: Counting objects:   8% (21/255)\u001b[K\rremote: Counting objects:   9% (23/255)\u001b[K\rremote: Counting objects:  10% (26/255)\u001b[K\rremote: Counting objects:  11% (29/255)\u001b[K\rremote: Counting objects:  12% (31/255)\u001b[K\rremote: Counting objects:  13% (34/255)\u001b[K\rremote: Counting objects:  14% (36/255)\u001b[K\rremote: Counting objects:  15% (39/255)\u001b[K\rremote: Counting objects:  16% (41/255)\u001b[K\rremote: Counting objects:  17% (44/255)\u001b[K\rremote: Counting objects:  18% (46/255)\u001b[K\rremote: Counting objects:  19% (49/255)\u001b[K\rremote: Counting objects:  20% (51/255)\u001b[K\rremote: Counting objects:  21% (54/255)\u001b[K\rremote: Counting objects:  22% (57/255)\u001b[K\rremote: Counting objects:  23% (59/255)\u001b[K\rremote: Counting objects:  24% (62/255)\u001b[K\rremote: Counting objects:  25% (64/255)\u001b[K\rremote: Counting objects:  26% (67/255)\u001b[K\rremote: Counting objects:  27% (69/255)\u001b[K\rremote: Counting objects:  28% (72/255)\u001b[K\rremote: Counting objects:  29% (74/255)\u001b[K\rremote: Counting objects:  30% (77/255)\u001b[K\rremote: Counting objects:  31% (80/255)\u001b[K\rremote: Counting objects:  32% (82/255)\u001b[K\rremote: Counting objects:  33% (85/255)\u001b[K\rremote: Counting objects:  34% (87/255)\u001b[K\rremote: Counting objects:  35% (90/255)\u001b[K\rremote: Counting objects:  36% (92/255)\u001b[K\rremote: Counting objects:  37% (95/255)\u001b[K\rremote: Counting objects:  38% (97/255)\u001b[K\rremote: Counting objects:  39% (100/255)\u001b[K\rremote: Counting objects:  40% (102/255)\u001b[K\rremote: Counting objects:  41% (105/255)\u001b[K\rremote: Counting objects:  42% (108/255)\u001b[K\rremote: Counting objects:  43% (110/255)\u001b[K\rremote: Counting objects:  44% (113/255)\u001b[K\rremote: Counting objects:  45% (115/255)\u001b[K\rremote: Counting objects:  46% (118/255)\u001b[K\rremote: Counting objects:  47% (120/255)\u001b[K\rremote: Counting objects:  48% (123/255)\u001b[K\rremote: Counting objects:  49% (125/255)\u001b[K\rremote: Counting objects:  50% (128/255)\u001b[K\rremote: Counting objects:  51% (131/255)\u001b[K\rremote: Counting objects:  52% (133/255)\u001b[K\rremote: Counting objects:  53% (136/255)\u001b[K\rremote: Counting objects:  54% (138/255)\u001b[K\rremote: Counting objects:  55% (141/255)\u001b[K\rremote: Counting objects:  56% (143/255)\u001b[K\rremote: Counting objects:  57% (146/255)\u001b[K\rremote: Counting objects:  58% (148/255)\u001b[K\rremote: Counting objects:  59% (151/255)\u001b[K\rremote: Counting objects:  60% (153/255)\u001b[K\rremote: Counting objects:  61% (156/255)\u001b[K\rremote: Counting objects:  62% (159/255)\u001b[K\rremote: Counting objects:  63% (161/255)\u001b[K\rremote: Counting objects:  64% (164/255)\u001b[K\rremote: Counting objects:  65% (166/255)\u001b[K\rremote: Counting objects:  66% (169/255)\u001b[K\rremote: Counting objects:  67% (171/255)\u001b[K\rremote: Counting objects:  68% (174/255)\u001b[K\rremote: Counting objects:  69% (176/255)\u001b[K\rremote: Counting objects:  70% (179/255)\u001b[K\rremote: Counting objects:  71% (182/255)\u001b[K\rremote: Counting objects:  72% (184/255)\u001b[K\rremote: Counting objects:  73% (187/255)\u001b[K\rremote: Counting objects:  74% (189/255)\u001b[K\rremote: Counting objects:  75% (192/255)\u001b[K\rremote: Counting objects:  76% (194/255)\u001b[K\rremote: Counting objects:  77% (197/255)\u001b[K\rremote: Counting objects:  78% (199/255)\u001b[K\rremote: Counting objects:  79% (202/255)\u001b[K\rremote: Counting objects:  80% (204/255)\u001b[K\rremote: Counting objects:  81% (207/255)\u001b[K\rremote: Counting objects:  82% (210/255)\u001b[K\rremote: Counting objects:  83% (212/255)\u001b[K\rremote: Counting objects:  84% (215/255)\u001b[K\rremote: Counting objects:  85% (217/255)\u001b[K\rremote: Counting objects:  86% (220/255)\u001b[K\rremote: Counting objects:  87% (222/255)\u001b[K\rremote: Counting objects:  88% (225/255)\u001b[K\rremote: Counting objects:  89% (227/255)\u001b[K\rremote: Counting objects:  90% (230/255)\u001b[K\rremote: Counting objects:  91% (233/255)\u001b[K\rremote: Counting objects:  92% (235/255)\u001b[K\rremote: Counting objects:  93% (238/255)\u001b[K\rremote: Counting objects:  94% (240/255)\u001b[K\rremote: Counting objects:  95% (243/255)\u001b[K\rremote: Counting objects:  96% (245/255)\u001b[K\rremote: Counting objects:  97% (248/255)\u001b[K\rremote: Counting objects:  98% (250/255)\u001b[K\rremote: Counting objects:  99% (253/255)\u001b[K\rremote: Counting objects: 100% (255/255)\u001b[K\rremote: Counting objects: 100% (255/255), done.\u001b[K\r\n"}
,{"stream_name":"stdout","time":10.400462694,"data":"remote: Compressing objects:   0% (1/180)\u001b[K\rremote: Compressing objects:   1% (2/180)\u001b[K\rremote: Compressing objects:   2% (4/180)\u001b[K\rremote: Compressing objects:   3% (6/180)\u001b[K\rremote: Compressing objects:   4% (8/180)\u001b[K\rremote: Compressing objects:   5% (9/180)\u001b[K\rremote: Compressing objects:   6% (11/180)\u001b[K\rremote: Compressing objects:   7% (13/180)\u001b[K\rremote: Compressing objects:   8% (15/180)\u001b[K\rremote: Compressing objects:   9% (17/180)\u001b[K\rremote: Compressing objects:  10% (18/180)\u001b[K\rremote: Compressing objects:  11% (20/180)\u001b[K\rremote: Compressing objects:  12% (22/180)\u001b[K\rremote: Compressing objects:  13% (24/180)\u001b[K\rremote: Compressing objects:  14% (26/180)\u001b[K\rremote: Compressing objects:  15% (27/180)\u001b[K\rremote: Compressing objects:  16% (29/180)\u001b[K\rremote: Compressing objects:  17% (31/180)\u001b[K\rremote: Compressing objects:  18% (33/180)\u001b[K\rremote: Compressing objects:  19% (35/180)\u001b[K\rremote: Compressing objects:  20% (36/180)\u001b[K\rremote: Compressing objects:  21% (38/180)\u001b[K\rremote: Compressing objects:  22% (40/180)\u001b[K\rremote: Compressing objects:  23% (42/180)\u001b[K\rremote: Compressing objects:  24% (44/180)\u001b[K\rremote: Compressing objects:  25% (45/180)\u001b[K\rremote: Compressing objects:  26% (47/180)\u001b[K\rremote: Compressing objects:  27% (49/180)\u001b[K\rremote: Compressing objects:  28% (51/180)\u001b[K\rremote: Compressing objects:  29% (53/180)\u001b[K\rremote: Compressing objects:  30% (54/180)\u001b[K\rremote: Compressing objects:  31% (56/180)\u001b[K\rremote: Compressing objects:  32% (58/180)\u001b[K\rremote: Compressing objects:  33% (60/180)\u001b[K\rremote: Compressing objects:  34% (62/180)\u001b[K\rremote: Compressing objects:  35% (63/180)\u001b[K\rremote: Compressing objects:  36% (65/180)\u001b[K\rremote: Compressing objects:  37% (67/180)\u001b[K\rremote: Compressing objects:  38% (69/180)\u001b[K\rremote: Compressing objects:  39% (71/180)\u001b[K\rremote: Compressing objects:  40% (72/180)\u001b[K\rremote: Compressing objects:  41% (74/180)\u001b[K\rremote: Compressing objects:  42% (76/180)\u001b[K\rremote: Compressing objects:  43% (78/180)\u001b[K\rremote: Compressing objects:  44% (80/180)\u001b[K\rremote: Compressing objects:  45% (81/180)\u001b[K\rremote: Compressing objects:  46% (83/180)\u001b[K\rremote: Compressing objects:  47% (85/180)\u001b[K\rremote: Compressing objects:  48% (87/180)\u001b[K\rremote: Compressing objects:  49% (89/180)\u001b[K\rremote: Compressing objects:  50% (90/180)\u001b[K\rremote: Compressing objects:  51% (92/180)\u001b[K\rremote: Compressing objects:  52% (94/180)\u001b[K\rremote: Compressing objects:  53% (96/180)\u001b[K\rremote: Compressing objects:  54% (98/180)\u001b[K\rremote: Compressing objects:  55% (99/180)\u001b[K\rremote: Compressing objects:  56% (101/180)\u001b[K\rremote: Compressing objects:  57% (103/180)\u001b[K\rremote: Compressing objects:  58% (105/180)\u001b[K\rremote: Compressing objects:  59% (107/180)\u001b[K\rremote: Compressing objects:  60% (108/180)\u001b[K\rremote: Compressing objects:  61% (110/180)\u001b[K\rremote: Compressing objects:  62% (112/180)\u001b[K\rremote: Compressing objects:  63% (114/180)\u001b[K\rremote: Compressing objects:  64% (116/180)\u001b[K\rremote: Compressing objects:  65% (117/180)\u001b[K\rremote: Compressing objects:  66% (119/180)\u001b[K\rremote: Compressing objects:  67% (121/180)\u001b[K\rremote: Compressing objects:  68% (123/180)\u001b[K\rremote: Compressing objects:  69% (125/180)\u001b[K\rremote: Compressing objects:  70% (126/180)\u001b[K\rremote: Compressing objects:  71% (128/180)\u001b[K\rremote: Compressing objects:  72% (130/180)\u001b[K\rremote: Compressing objects:  73% (132/180)\u001b[K\rremote: Compressing objects:  74% (134/180)\u001b[K\rremote: Compressing objects:  75% (135/180)\u001b[K\rremote: Compressing objects:  76% (137/180)\u001b[K\rremote: Compressing objects:  77% (139/180)\u001b[K\rremote: Compressing objects:  78% (141/180)\u001b[K\rremote: Compressing objects:  79% (143/180)\u001b[K\rremote: Compressing objects:  80% (144/180)\u001b[K\rremote: Compressing objects:  81% (146/180)\u001b[K\rremote: Compressing objects:  82% (148/180)\u001b[K\rremote: Compressing objects:  83% (150/180)\u001b[K\rremote: Compressing objects:  84% (152/180)\u001b[K\rremote: Compressing objects:  85% (153/180)\u001b[K\rremote: Compressing objects:  86% (155/180)\u001b[K\rremote: Compressing objects:  87% (157/180)\u001b[K\rremote: Compressing objects:  88% (159/180)\u001b[K\rremote: Compressing objects:  89% (161/180)\u001b[K\rremote: Compressing objects:  90% (162/180)\u001b[K\rremote: Compressing objects:  91% (164/180)\u001b[K\rremote: Compressing objects:  92% (166/180)\u001b[K\rremote: Compressing objects:  93% (168/180)\u001b[K\rremote: Compressing objects:  94% (170/180)\u001b[K\rremote: Compressing objects:  95% (171/180)\u001b[K\rremote: Compressing objects:  96% (173/180)\u001b[K\rremote: Compressing objects:  97% (175/180)\u001b[K\rremote: Compressing objects:  98% (177/180)\u001b[K\rremote: Compressing objects:  99% (179/180)\u001b[K\rremote: Compressing objects: 100% (180/180)\u001b[K\rremote: Compressing objects: 100% (180/180), done.\u001b[K\r\n"}
,{"stream_name":"stdout","time":10.552341289,"data":"Receiving objects:   0% (1/255)\rReceiving objects:   1% (3/255)\rReceiving objects:   2% (6/255)\rReceiving objects:   3% (8/255)\rReceiving objects:   4% (11/255)\rReceiving objects:   5% (13/255)\rReceiving objects:   6% (16/255)\rReceiving objects:   7% (18/255)\rReceiving objects:   8% (21/255)\rReceiving objects:   9% (23/255)\rReceiving objects:  10% (26/255)\rReceiving objects:  11% (29/255)\rReceiving objects:  12% (31/255)\rReceiving objects:  13% (34/255)\rReceiving objects:  14% (36/255)\rReceiving objects:  15% (39/255)\rReceiving objects:  16% (41/255)\rReceiving objects:  17% (44/255)\rReceiving objects:  18% (46/255)\rReceiving objects:  19% (49/255)\rReceiving objects:  20% (51/255)\rReceiving objects:  21% (54/255)\rReceiving objects:  22% (57/255)\rReceiving objects:  23% (59/255)\rReceiving objects:  24% (62/255)\rReceiving objects:  25% (64/255)\rReceiving objects:  26% (67/255)\rReceiving objects:  27% (69/255)\rReceiving objects:  28% (72/255)\rReceiving objects:  29% (74/255)\rReceiving objects:  30% (77/255)\rReceiving objects:  31% (80/255)\rReceiving objects:  32% (82/255)\rReceiving objects:  33% (85/255)\rReceiving objects:  34% (87/255)\rReceiving objects:  35% (90/255)\rReceiving objects:  36% (92/255)\rReceiving objects:  37% (95/255)\rReceiving objects:  38% (97/255)\rReceiving objects:  39% (100/255)\rReceiving objects:  40% (102/255)\rReceiving objects:  41% (105/255)\rReceiving objects:  42% (108/255)\rReceiving objects:  43% (110/255)\rReceiving objects:  44% (113/255)\rReceiving objects:  45% (115/255)\rReceiving objects:  46% (118/255)\rReceiving objects:  47% (120/255)\rReceiving objects:  48% (123/255)\rReceiving objects:  49% (125/255)\rReceiving objects:  50% (128/255)\rReceiving objects:  51% (131/255)\rReceiving objects:  52% (133/255)\rReceiving objects:  53% (136/255)\rReceiving objects:  54% (138/255)\rReceiving objects:  55% (141/255)\rReceiving objects:  56% (143/255)\rReceiving objects:  57% (146/255)\rReceiving objects:  58% (148/255)\rReceiving objects:  59% (151/255)\rReceiving objects:  60% (153/255)\rReceiving objects:  61% (156/255)\rReceiving objects:  62% (159/255)\rReceiving objects:  63% (161/255)\rReceiving objects:  64% (164/255)\rReceiving objects:  65% (166/255)\rReceiving objects:  66% (169/255)\rReceiving objects:  67% (171/255)\rReceiving objects:  68% (174/255)\rReceiving objects:  69% (176/255)\rReceiving objects:  70% (179/255)\rReceiving objects:  71% (182/255)\rReceiving objects:  72% (184/255)\rReceiving objects:  73% (187/255)\rReceiving objects:  74% (189/255)\rReceiving objects:  75% (192/255)\rReceiving objects:  76% (194/255)\rReceiving objects:  77% (197/255)\rReceiving objects:  78% (199/255)\rReceiving objects:  79% (202/255)\rReceiving objects:  80% (204/255)\rReceiving objects:  81% (207/255)\rReceiving objects:  82% (210/255)\rReceiving objects:  83% (212/255)\rReceiving objects:  84% (215/255)\rReceiving objects:  85% (217/255)\rReceiving objects:  86% (220/255)\rReceiving objects:  87% (222/255)\rReceiving objects:  88% (225/255)\rReceiving objects:  89% (227/255)\rReceiving objects:  90% (230/255)\rremote: Total 255 (delta 124), reused 203 (delta 72), pack-reused 0 (from 0)\u001b[K\r\n"}
,{"stream_name":"stdout","time":10.552387989,"data":"Receiving objects:  91% (233/255)\rReceiving objects:  92% (235/255)\rReceiving objects:  93% (238/255)\rReceiving objects:  94% (240/255)\rReceiving objects:  95% (243/255)\rReceiving objects:  96% (245/255)\rReceiving objects:  97% (248/255)\rReceiving objects:  98% (250/255)\rReceiving objects:  99% (253/255)\rReceiving objects: 100% (255/255)\rReceiving objects: 100% (255/255), 3.13 MiB | 17.99 MiB/s, done.\r\n"}
,{"stream_name":"stdout","time":10.552392549,"data":"Resolving deltas:   0% (0/124)\rResolving deltas:   1% (2/124)\rResolving deltas:   3% (4/124)\rResolving deltas:   4% (5/124)\rResolving deltas:   5% (7/124)\rResolving deltas:   6% (8/124)\rResolving deltas:   7% (9/124)\rResolving deltas:   8% (10/124)\rResolving deltas:   9% (12/124)\rResolving deltas:  12% (15/124)\rResolving deltas:  13% (17/124)\rResolving deltas:  14% (18/124)\rResolving deltas:  15% (19/124)\rResolving deltas:  16% (20/124)\rResolving deltas:  17% (22/124)\rResolving deltas:  20% (25/124)\rResolving deltas:  21% (27/124)\rResolving deltas:  22% (28/124)\rResolving deltas:  23% (29/124)\rResolving deltas:  24% (30/124)\rResolving deltas:  25% (31/124)\rResolving deltas:  26% (33/124)\rResolving deltas:  27% (34/124)\rResolving deltas:  29% (36/124)\rResolving deltas:  30% (38/124)\rResolving deltas:  31% (39/124)\rResolving deltas:  32% (40/124)\rResolving deltas:  33% (41/124)\rResolving deltas:  34% (43/124)\rResolving deltas:  37% (46/124)\rResolving deltas:  38% (48/124)\rResolving deltas:  40% (50/124)\rResolving deltas:  41% (51/124)\rResolving deltas:  42% (53/124)\rResolving deltas:  43% (54/124)\rResolving deltas:  45% (56/124)\rResolving deltas:  46% (58/124)\rResolving deltas:  47% (59/124)\rResolving deltas:  48% (60/124)\rResolving deltas:  49% (61/124)\rResolving deltas:  50% (62/124)\rResolving deltas:  51% (64/124)\rResolving deltas:  52% (65/124)\rResolving deltas:  53% (66/124)\rResolving deltas:  54% (68/124)\rResolving deltas:  55% (69/124)\rResolving deltas:  56% (70/124)\rResolving deltas:  58% (72/124)\rResolving deltas:  59% (74/124)\rResolving deltas:  60% (75/124)\rResolving deltas:  61% (76/124)\rResolving deltas:  62% (78/124)\rResolving deltas:  63% (79/124)\rResolving deltas:  64% (80/124)\rResolving deltas:  65% (81/124)\rResolving deltas:  66% (82/124)\rResolving deltas:  67% (84/124)\rResolving deltas:  68% (85/124)\rResolving deltas:  69% (86/124)\rResolving deltas:  70% (87/124)\rResolving deltas:  71% (89/124)\rResolving deltas:  72% (90/124)\rResolving deltas:  75% (94/124)\rResolving deltas:  76% (95/124)\rResolving deltas:  77% (96/124)\rResolving deltas:  78% (97/124)\rResolving deltas:  79% (98/124)\rResolving deltas:  80% (100/124)\rResolving deltas:  81% (101/124)\rResolving deltas:  85% (106/124)\rResolving deltas:  86% (107/124)\rResolving deltas:  87% (108/124)\rResolving deltas:  88% (110/124)\rResolving deltas:  89% (111/124)\rResolving deltas:  90% (112/124)\rResolving deltas:  91% (113/124)\rResolving deltas:  92% (115/124)\rResolving deltas:  94% (117/124)\rResolving deltas:  95% (118/124)\rResolving deltas:  96% (120/124)\rResolving deltas:  97% (121/124)\rResolving deltas:  98% (122/124)\rResolving deltas:  99% (123/124)\rResolving deltas: 100% (124/124)\rResolving deltas: 100% (124/124), done.\r\n"}
,{"stream_name":"stdout","time":10.754691947,"data":"/kaggle/working/oneiro\n"}
,{"stream_name":"stdout","time":30.662788091,"data":"\u001b[33mWARNING: Running pip as the 'root' user can result in broken permissions and conflicting behaviour with the system package manager, possibly rendering your system unusable. It is recommended to use a virtual environment instead: https://pip.pypa.io/warnings/venv. Use the --root-user-action option if you know what you are doing and want to suppress this warning.\u001b[0m\u001b[33m\r\n"}
,{"stream_name":"stdout","time":30.814431427,"data":"\u001b[0m\r\n"}
,{"stream_name":"stdout","time":30.814462756,"data":"\u001b[1m[\u001b[0m\u001b[34;49mnotice\u001b[0m\u001b[1;39;49m]\u001b[0m\u001b[39;49m A new release of pip is available: \u001b[0m\u001b[31;49m25.0.1\u001b[0m\u001b[39;49m -\u003e \u001b[0m\u001b[32;49m26.1.2\u001b[0m\r\n"}
,{"stream_name":"stdout","time":30.814469367,"data":"\u001b[1m[\u001b[0m\u001b[34;49mnotice\u001b[0m\u001b[1;39;49m]\u001b[0m\u001b[39;49m To update, run: \u001b[0m\u001b[32;49mpip install --upgrade pip\u001b[0m\r\n"}
,{"stream_name":"stdout","time":48.844724809,"data":"\u001b[33mWARNING: Running pip as the 'root' user can result in broken permissions and conflicting behaviour with the system package manager, possibly rendering your system unusable. It is recommended to use a virtual environment instead: https://pip.pypa.io/warnings/venv. Use the --root-user-action option if you know what you are doing and want to suppress this warning.\u001b[0m\u001b[33m\r\n"}
,{"stream_name":"stdout","time":48.844767369,"data":"\u001b[0m\r\n"}
,{"stream_name":"stdout","time":48.844771999,"data":"\u001b[1m[\u001b[0m\u001b[34;49mnotice\u001b[0m\u001b[1;39;49m]\u001b[0m\u001b[39;49m A new release of pip is available: \u001b[0m\u001b[31;49m25.0.1\u001b[0m\u001b[39;49m -\u003e \u001b[0m\u001b[32;49m26.1.2\u001b[0m\r\n"}
,{"stream_name":"stdout","time":48.844776359,"data":"\u001b[1m[\u001b[0m\u001b[34;49mnotice\u001b[0m\u001b[1;39;49m]\u001b[0m\u001b[39;49m To update, run: \u001b[0m\u001b[32;49mpip install --upgrade pip\u001b[0m\r\n"}
,{"stream_name":"stdout","time":52.783224064,"data":"/usr/local/lib/python3.12/site-packages/jax/_src/cloud_tpu_init.py:88: UserWarning: Transparent hugepages are not enabled. TPU runtime startup and shutdown time should be significantly improved on TPU v5e and newer. If not already set, you may need to enable transparent hugepages in your VM image (sudo sh -c \"echo always \u003e /sys/kernel/mm/transparent_hugepage/enabled\")\r\n"}
,{"stream_name":"stdout","time":52.783280124,"data":"  warnings.warn(\r\n"}
,{"stream_name":"stdout","time":60.604579732,"data":"Gym has been unmaintained since 2022 and does not support NumPy 2.0 amongst other critical functionality.\r\n"}
,{"stream_name":"stdout","time":60.604620521,"data":"Please upgrade to Gymnasium, the maintained drop-in replacement of Gym, or contact the authors of your software and request that they upgrade.\r\n"}
,{"stream_name":"stdout","time":60.604626901,"data":"Users of this version of Gym should be able to simply replace 'import gym' with 'import gymnasium as gym' in the vast majority of cases.\r\n"}
,{"stream_name":"stdout","time":60.604631761,"data":"See the migration guide at https://gymnasium.farama.org/introduction/migration_guide/ for additional information.\r\n"}
,{"stream_name":"stdout","time":63.177264468,"data":"WARNING: Logging before InitGoogle() is written to STDERR\r\n"}
,{"stream_name":"stdout","time":63.177297568,"data":"E0000 00:00:1782119067.303693     130 common_lib.cc:646] Could not set metric server port: INVALID_ARGUMENT: Could not find SliceBuilder port 8471 in any of the 0 ports provided in `tpu_process_addresses`=\"local\"\r\n"}
,{"stream_name":"stdout","time":63.177303028,"data":"=== Source Location Trace: ===\r\n"}
,{"stream_name":"stdout","time":63.177307517,"data":"learning/45eac/tfrc/runtime/common_lib.cc:228\r\n"}
,{"stream_name":"stdout","time":73.097377037,"data":"JAX backend : tpu\r\n"}
,{"stream_name":"stdout","time":73.097411707,"data":"Device      : [TpuDevice(id=0, process_index=0, coords=(0,0,0), core_on_chip=0), TpuDevice(id=1, process_index=0, coords=(1,0,0), core_on_chip=0), TpuDevice(id=2, process_index=0, coords=(0,1,0), core_on_chip=0), TpuDevice(id=3, process_index=0, coords=(1,1,0), core_on_chip=0), TpuDevice(id=4, process_index=0, coords=(0,2,0), core_on_chip=0), TpuDevice(id=5, process_index=0, coords=(1,2,0), core_on_chip=0), TpuDevice(id=6, process_index=0, coords=(0,3,0), core_on_chip=0), TpuDevice(id=7, process_index=0, coords=(1,3,0), core_on_chip=0)]\r\n"}
,{"stream_name":"stdout","time":73.097419517,"data":"Sharding    : DATA-PARALLEL sur 8 devices (mesh OrderedDict({'data': 8}), axis 'data', batch dim0 shardé, state répliqué)\r\n"}
,{"stream_name":"stdout","time":73.097424567,"data":"Run         : v30-probe-75m\r\n"}
,{"stream_name":"stdout","time":73.097429537,"data":"Config      : entropy=0.0003  train_iter=400  n_envs=16  batch=16  seq_len=64\r\n"}
,{"stream_name":"stdout","time":73.097434017,"data":"Optim       : lr_wm=1.0e-04  lr_ac=1.0e-04  lr_alpha=1.0e-03  grad_clip=100.0  horizon=16\r\n"}
,{"stream_name":"stdout","time":73.097438157,"data":"Replay      : collect/iter=32  wm_train/iter=4  ac_train/iter=4  → train_ratio≈128\r\n"}
,{"stream_name":"stdout","time":73.097442237,"data":"Flags       : adaptive_alpha=False  auto_explore=False  use_rnd=False\r\n"}
,{"stream_name":"stdout","time":73.097446247,"data":"\r\n"}
,{"stream_name":"stdout","time":77.890062714,"data":"Buffer      : CPU (1,000,000 cap, 12300 MB)\r\n"}
,{"stream_name":"stdout","time":89.141164729,"data":"Adaptive α : OFF (entropy_coef fixe = 0.0003)\r\n"}
,{"stream_name":"stdout","time":89.141200189,"data":"RND        : OFF\r\n"}
,{"stream_name":"stdout","time":89.141205969,"data":"Auto-explore : OFF\r\n"}
,{"stream_name":"stdout","time":89.141210689,"data":"\r\n"}
,{"stream_name":"stdout","time":89.141214999,"data":"============================================================\r\n"}
,{"stream_name":"stdout","time":89.141219299,"data":"Architecture\r\n"}
,{"stream_name":"stdout","time":89.141223539,"data":"============================================================\r\n"}
,{"stream_name":"stdout","time":89.141237238,"data":"  WM modules (CNNEnc+RSSM+CNNDec+heads) : 54,152,131 params\r\n"}
,{"stream_name":"stdout","time":89.141240449,"data":"  Actor + Critic                        : 21,358,352 params\r\n"}
,{"stream_name":"stdout","time":89.141243578,"data":"  TOTAL                                 : 75,510,483 params (~75.51M)\r\n"}
,{"stream_name":"stdout","time":89.141246718,"data":"\r\n"}
,{"stream_name":"stdout","time":89.997403817,"data":"Output dirs : runs=/kaggle/working/runs  checkpoints=/kaggle/working/checkpoints\r\n"}
,{"stream_name":"stdout","time":89.997435747,"data":"\r\n"}
,{"stream_name":"stdout","time":89.997441627,"data":"============================================================\r\n"}
,{"stream_name":"stdout","time":89.997446567,"data":"Phase 0 : Warmup random (5000 steps, 16 envs)\r\n"}
,{"stream_name":"stdout","time":89.997451277,"data":"============================================================\r\n"}
,{"stream_name":"stdout","time":99.331061449,"data":"Buffer : 4992 transitions en 9.3s\r\n"}
,{"stream_name":"stdout","time":99.331108249,"data":"         Mémoire buffer : 12300.0 MB\r\n"}
,{"stream_name":"stdout","time":99.331113489,"data":"\r\n"}
,{"stream_name":"stdout","time":99.331117139,"data":"============================================================\r\n"}
,{"stream_name":"stdout","time":99.331120499,"data":"Phase 1 : Training Dreamer JAX (400 itérations)\r\n"}
,{"stream_name":"stdout","time":99.331124439,"data":"============================================================\r\n"}
,{"stream_name":"stdout","time":99.582890261,"data":"[Phase 13] Safeguards : warmup=5000  adaptive_rnd=True  health_auto_stop=False  h_target_schedule=True [1.13→1.13 over 10000]\r\n"}
,{"stream_name":"stdout","time":99.582915941,"data":"[PROFILE] Mode profile activé pour 400 itérations\r\n"}
,{"stream_name":"stdout","time":166.848500924,"data":"  iter    50/400 [12.5%] | WM wm=235.84 rec=232.21 kl=3.40 rew=0.215 con=0.016 | AC act=0.074 crit=1.150 pg=0.075 H=2.52 | img ret=0.16 val=0.13 scale=1.00 p5=0.07 p95=0.14 | r/step=0.0221 | 0.7 ips ETA 7m49\r\n"}
,{"stream_name":"stdout","time":204.110516331,"data":"  iter   100/400 [25.0%] | WM wm=100.72 rec=97.12 kl=3.32 rew=0.258 con=0.035 | AC act=0.003 crit=1.630 pg=0.003 H=0.09 | img ret=0.31 val=0.26 scale=1.00 p5=0.20 p95=0.30 | r/step=-0.0013 | 1.0 ips ETA 5m13\r\n"}
,{"stream_name":"stdout","time":204.110562771,"data":"  [health] WARN H_collapse: H=0.09\r\n"}
,{"stream_name":"stdout","time":241.112219428,"data":"  iter   150/400 [37.5%] | WM wm=81.28 rec=77.95 kl=3.14 rew=0.172 con=0.017 | AC act=-0.000 crit=1.308 pg=-0.000 H=0.08 | img ret=0.31 val=0.31 scale=1.00 p5=0.14 p95=0.49 | r/step=-0.0027 | 1.1 ips ETA 3m55\r\n"}
,{"stream_name":"stdout","time":241.112260008,"data":"  [health] WARN H_collapse: H=0.08\r\n"}
,{"stream_name":"stdout","time":278.102904675,"data":"  iter   200/400 [50.0%] | WM wm=86.11 rec=83.19 kl=2.81 rew=0.105 con=0.005 | AC act=-0.003 crit=1.701 pg=-0.003 H=0.08 | img ret=0.21 val=0.25 scale=1.00 p5=-0.04 p95=0.55 | r/step=-0.0049 | 1.1 ips ETA 2m58\r\n"}
,{"stream_name":"stdout","time":278.102946675,"data":"  [health] WARN H_collapse: H=0.08\r\n"}
,{"stream_name":"stdout","time":314.934533244,"data":"  iter   250/400 [62.5%] | WM wm=86.20 rec=82.83 kl=3.26 rew=0.096 con=0.011 | AC act=-0.003 crit=1.445 pg=-0.003 H=0.08 | img ret=0.08 val=0.12 scale=1.00 p5=-0.22 p95=0.48 | r/step=-0.0054 | 1.2 ips ETA 2m09\r\n"}
,{"stream_name":"stdout","time":314.934561524,"data":"  [health] WARN H_collapse: H=0.08\r\n"}
,{"stream_name":"stdout","time":351.810614805,"data":"  iter   300/400 [75.0%] | WM wm=62.32 rec=59.35 kl=2.82 rew=0.134 con=0.014 | AC act=-0.003 crit=1.429 pg=-0.003 H=0.08 | img ret=-0.09 val=-0.06 scale=1.00 p5=-0.36 p95=0.38 | r/step=-0.0036 | 1.2 ips ETA 1m24\r\n"}
,{"stream_name":"stdout","time":351.810681155,"data":"  [health] WARN H_collapse: H=0.08\r\n"}
,{"stream_name":"stdout","time":351.810686895,"data":"  [health] WARN FATAL: H_collapse persistent (consec=5)\r\n"}
,{"stream_name":"stdout","time":389.145993812,"data":"  iter   350/400 [87.5%] | WM wm=66.00 rec=62.79 kl=3.03 rew=0.146 con=0.029 | AC act=-0.002 crit=1.201 pg=-0.002 H=0.08 | img ret=-0.09 val=-0.07 scale=1.00 p5=-0.43 p95=0.31 | r/step=-0.0061 | 1.2 ips ETA 41s\r\n"}
,{"stream_name":"stdout","time":389.146030242,"data":"  [health] WARN H_collapse: H=0.08\r\n"}
,{"stream_name":"stdout","time":389.146036262,"data":"  [health] WARN FATAL: H_collapse persistent (consec=6)\r\n"}
,{"stream_name":"stdout","time":425.944902359,"data":"  iter   400/400 [100.0%] | WM wm=64.76 rec=61.69 kl=2.85 rew=0.199 con=0.025 | AC act=-0.004 crit=1.702 pg=-0.004 H=0.08 | img ret=-0.32 val=-0.26 scale=1.00 p5=-0.52 p95=0.23 | r/step=-0.0029 | 1.2 ips ETA 0s\r\n"}
,{"stream_name":"stdout","time":425.944942549,"data":"  [health] WARN H_collapse: H=0.08\r\n"}
,{"stream_name":"stdout","time":425.944952299,"data":"  [health] WARN FATAL: H_collapse persistent (consec=7)\r\n"}
,{"stream_name":"stdout","time":425.944957029,"data":"\r\n"}
,{"stream_name":"stdout","time":425.944961079,"data":"Training fini en 326.3s (5.4min)\r\n"}
,{"stream_name":"stdout","time":425.944965029,"data":"Pas d'EVAL effectuée.\r\n"}
,{"stream_name":"stdout","time":425.944969629,"data":"\r\n"}
,{"stream_name":"stdout","time":425.944973489,"data":"\r\n"}
,{"stream_name":"stdout","time":425.944977339,"data":"============================================================\r\n"}
,{"stream_name":"stdout","time":425.944981329,"data":"PROFILING REPORT (total elapsed: 326.34s)\r\n"}
,{"stream_name":"stdout","time":425.944985369,"data":"============================================================\r\n"}
,{"stream_name":"stdout","time":425.944989509,"data":"  act_fn         :    7.41s  (  2.3%)  calls=  800  avg=   9.26ms\r\n"}
,{"stream_name":"stdout","time":425.944993929,"data":"  env_step       :   27.38s  (  8.4%)  calls=  800  avg=  34.22ms\r\n"}
,{"stream_name":"stdout","time":425.944997899,"data":"  transfer       :    1.39s  (  0.4%)  calls= 1600  avg=   0.87ms\r\n"}
,{"stream_name":"stdout","time":425.945002019,"data":"  buffer_add     :    0.32s  (  0.1%)  calls=  800  avg=   0.40ms\r\n"}
,{"stream_name":"stdout","time":425.945006219,"data":"  sample_batch   :  223.87s  ( 68.6%)  calls= 3200  avg=  69.96ms\r\n"}
,{"stream_name":"stdout","time":425.945010159,"data":"  train_wm       :   33.07s  ( 10.1%)  calls= 1600  avg=  20.67ms\r\n"}
,{"stream_name":"stdout","time":425.945014089,"data":"  train_ac       :   31.61s  (  9.7%)  calls= 1600  avg=  19.76ms\r\n"}
,{"stream_name":"stdout","time":425.945018009,"data":"  other          :    0.00s  (  0.0%)  calls=    0  avg=   0.00ms\r\n"}
,{"stream_name":"stdout","time":425.945021979,"data":"  unaccounted    :    1.29s  (  0.4%)\r\n"}
,{"stream_name":"stdout","time":425.945025889,"data":"============================================================\r\n"}
,{"stream_name":"stdout","time":425.945029819,"data":"\r\n"}
,{"stream_name":"stdout","time":425.945033669,"data":"[PROFILE] Mode profile : skip checkpoint final.\r\n"}
,{"stream_name":"stdout","time":425.945037619,"data":"============================================================\r\n"}
,{"stream_name":"stdout","time":425.945041579,"data":"DONE (profile)\r\n"}
,{"stream_name":"stdout","time":425.945045509,"data":"============================================================\r\n"}
,{"stream_name":"stderr","time":437.253414585,"data":"[NbConvertApp] Converting notebook __notebook__.ipynb to notebook\n"}
,{"stream_name":"stderr","time":437.524373708,"data":"[NbConvertApp] Writing 35862 bytes to __notebook__.ipynb\n"}
,{"stream_name":"stderr","time":439.956056235,"data":"[NbConvertApp] Converting notebook __notebook__.ipynb to html\n"}
,{"stream_name":"stderr","time":440.765458644,"data":"[NbConvertApp] Writing 302673 bytes to __results__.html\n"}
]